002109.909 | WARNING  | CORE | SYSTEM     | oaPTP.ptp            | ⏱️ PTP Sniffer: [PERMISSION DENIED] Run as root/sudo for raw capture. Sniffer disabled.
002110.680 | ERROR    | UI   | SYSTEM     | oaGuiManager.core.bootstrap_sequence | 🖥️🎨 [UI] App Launch Failure:
Traceback (most recent call last):
  File "/home/anthony/Documents/OPEN-AIR/oaGuiManager/core/bootstrap_sequence.py", line 86, in _launch_app
    from oaGuiBuild.gui_display import Application
  File "/home/anthony/Documents/OPEN-AIR/oaGuiBuild/gui_display.py", line 24, in <module>
    from oaGuiManager.loader.module_loader import ModuleLoader
  File "/home/anthony/Documents/OPEN-AIR/oaGuiManager/loader/module_loader.py", line 28, in <module>
    from oaGuiManager.loader.gui_from_json import UniversalGuiLoader
  File "/home/anthony/Documents/OPEN-AIR/oaGuiManager/loader/gui_from_json.py", line 38, in <module>
    from oaGuiBuilder.builder import DynamicGuiBuilder
  File "/home/anthony/Documents/OPEN-AIR/oaGuiBuilder/builder.py", line 37, in <module>
    from oaGuiBuilder.core.background import BuilderBackgroundManagerMixin
ModuleNotFoundError: No module named 'oaGuiBuilder.core.background'

Traceback (most recent call last):

  File "/home/anthony/.vscode/extensions/ms-python.debugpy-2025.18.0-linux-x64/bundled/libs/debugpy/_vendored/pydevd/pydevd.py", line 3729, in <module>
    main()
    -> <function main at 0x79cccffcb060>

  File "/home/anthony/.vscode/extensions/ms-python.debugpy-2025.18.0-linux-x64/bundled/libs/debugpy/_vendored/pydevd/pydevd.py", line 3714, in main
    globals = debugger.run(setup["file"], None, None, is_module)
              |        |   |                          -> False
              |        |   -> {'port': 33407, 'ppid': 740633, 'vm_type': None, 'client': '127.0.0.1', 'access-token': None, 'client-access-token': '23e4a16...
              |        -> <function PyDB.run at 0x79cccffc8fe0>
              -> <__main__.PyDB object at 0x79cccffaf1d0>

  File "/home/anthony/.vscode/extensions/ms-python.debugpy-2025.18.0-linux-x64/bundled/libs/debugpy/_vendored/pydevd/pydevd.py", line 2698, in run
    return self._exec(is_module, entry_point_fn, module_name, file, globals, locals)
           |    |     |          |               |            |     |        -> {'__name__': '__main__', '__doc__': None, '__package__': '', '__loader__': <_frozen_importlib_external.SourceFileLoader objec...
           |    |     |          |               |            |     -> {'__name__': '__main__', '__doc__': None, '__package__': '', '__loader__': <_frozen_importlib_external.SourceFileLoader objec...
           |    |     |          |               |            -> '/home/anthony/Documents/OPEN-AIR/oaGuiManager/open_air_ui.py'
           |    |     |          |               -> None
           |    |     |          -> ''
           |    |     -> False
           |    -> <function PyDB._exec at 0x79cccffc9080>
           -> <__main__.PyDB object at 0x79cccffaf1d0>

  File "/home/anthony/.vscode/extensions/ms-python.debugpy-2025.18.0-linux-x64/bundled/libs/debugpy/_vendored/pydevd/pydevd.py", line 2706, in _exec
    globals = pydevd_runpy.run_path(file, globals, "__main__")
              |            |        |     -> {'__name__': '__main__', '__doc__': None, '__package__': '', '__loader__': <_frozen_importlib_external.SourceFileLoader objec...
              |            |        -> '/home/anthony/Documents/OPEN-AIR/oaGuiManager/open_air_ui.py'
              |            -> <function run_path at 0x79ccd05d39c0>
              -> <module '_pydevd_bundle.pydevd_runpy' from '/home/anthony/.vscode/extensions/ms-python.debugpy-2025.18.0-linux-x64/bundled/li...

  File "/home/anthony/.vscode/extensions/ms-python.debugpy-2025.18.0-linux-x64/bundled/libs/debugpy/_vendored/pydevd/_pydevd_bundle/pydevd_runpy.py", line 310, in run_path
    return _run_module_code(code, init_globals, run_name, pkg_name=pkg_name, script_name=fname)
           |                |     |             |                  |                     -> '/home/anthony/Documents/OPEN-AIR/oaGuiManager/open_air_ui.py'
           |                |     |             |                  -> ''
           |                |     |             -> '__main__'
           |                |     -> {'__name__': '__main__', '__doc__': None, '__package__': '', '__loader__': <_frozen_importlib_external.SourceFileLoader objec...
           |                -> <code object <module> at 0xaf94140, file "/home/anthony/Documents/OPEN-AIR/oaGuiManager/open_air_ui.py", line 1>
           -> <function _run_module_code at 0x79ccd05d3600>

  File "/home/anthony/.vscode/extensions/ms-python.debugpy-2025.18.0-linux-x64/bundled/libs/debugpy/_vendored/pydevd/_pydevd_bundle/pydevd_runpy.py", line 127, in _run_module_code
    _run_code(code, mod_globals, init_globals, mod_name, mod_spec, pkg_name, script_name)
    |         |     |            |             |         |         |         -> '/home/anthony/Documents/OPEN-AIR/oaGuiManager/open_air_ui.py'
    |         |     |            |             |         |         -> ''
    |         |     |            |             |         -> None
    |         |     |            |             -> '__main__'
    |         |     |            -> {'__name__': '__main__', '__doc__': None, '__package__': '', '__loader__': <_frozen_importlib_external.SourceFileLoader objec...
    |         |     -> {'__name__': '__main__', '__doc__': None, '__package__': '', '__loader__': None, '__spec__': None, '__file__': '/home/anthony...
    |         -> <code object <module> at 0xaf94140, file "/home/anthony/Documents/OPEN-AIR/oaGuiManager/open_air_ui.py", line 1>
    -> <function _run_code at 0x79ccd05d31a0>

  File "/home/anthony/.vscode/extensions/ms-python.debugpy-2025.18.0-linux-x64/bundled/libs/debugpy/_vendored/pydevd/_pydevd_bundle/pydevd_runpy.py", line 118, in _run_code
    exec(code, run_globals)
         |     -> {'__name__': '__main__', '__doc__': None, '__package__': '', '__loader__': None, '__spec__': None, '__file__': '/home/anthony...
         -> <code object <module> at 0xaf94140, file "/home/anthony/Documents/OPEN-AIR/oaGuiManager/open_air_ui.py", line 1>

  File "/home/anthony/Documents/OPEN-AIR/oaGuiManager/open_air_ui.py", line 83, in <module>
    main()
    -> <function main at 0x79ccd0037060>

  File "/home/anthony/Documents/OPEN-AIR/oaGuiManager/open_air_ui.py", line 72, in main
    root.mainloop()
    |    -> <function Misc.mainloop at 0x79cccdcbf600>
    -> <tkinter.Tk object .>

  File "/usr/lib/python3.12/tkinter/__init__.py", line 1504, in mainloop
    self.tk.mainloop(n)
    |    |  |        -> 0
    |    |  -> <method 'mainloop' of '_tkinter.tkapp' objects>
    |    -> <_tkinter.tkapp object at 0x79cccc9d2b30>
    -> <tkinter.Tk object .>
  File "/usr/lib/python3.12/tkinter/__init__.py", line 1967, in __call__
    return self.func(*args)
           |    |     -> ()
           |    -> <function Misc.after.<locals>.callit at 0x79cccc8f4040>
           -> <tkinter.CallWrapper object at 0x79cccc8ec7a0>
  File "/usr/lib/python3.12/tkinter/__init__.py", line 861, in callit
    func(*args)
    |     -> ()
    -> <function AsyncBootstrapEngine.run.<locals>.<lambda> at 0x79cccc88e2a0>

  File "/home/anthony/Documents/OPEN-AIR/oaGuiManager/core/bootstrap_sequence.py", line 77, in <lambda>
    self.root.after(1, lambda: self._launch_app(mqtt_conn, sub_router, mirror_engine, state_cache))
    |    |    |                |    |           |          |           |              -> <oaStateCache.state_cache.StateRegistry object at 0x79cccc894a70>
    |    |    |                |    |           |          |           -> <oaTranslator.state_mirror_engine.StateMirrorEngine object at 0x79cccc8c0770>
    |    |    |                |    |           |          -> <oaComMQTT.mqtt_subscriber_router.MqttSubscriberRouter object at 0x79cccc8948c0>
    |    |    |                |    |           -> <oaComMQTT.mqtt_connection.MqttConnectionManager object at 0x79cccc8946e0>
    |    |    |                |    -> <function AsyncBootstrapEngine._launch_app at 0x79cccc9e2480>
    |    |    |                -> <oaGuiManager.core.bootstrap_sequence.AsyncBootstrapEngine object at 0x79cccc9efa10>
    |    |    -> <function Misc.after at 0x79cccdc4bf60>
    |    -> <tkinter.Tk object .>
    -> <oaGuiManager.core.bootstrap_sequence.AsyncBootstrapEngine object at 0x79cccc9efa10>

> File "/home/anthony/Documents/OPEN-AIR/oaGuiManager/core/bootstrap_sequence.py", line 86, in _launch_app
    from oaGuiBuild.gui_display import Application

  File "/home/anthony/Documents/OPEN-AIR/oaGuiBuild/gui_display.py", line 24, in <module>
    from oaGuiManager.loader.module_loader import ModuleLoader

  File "/home/anthony/Documents/OPEN-AIR/oaGuiManager/loader/module_loader.py", line 28, in <module>
    from oaGuiManager.loader.gui_from_json import UniversalGuiLoader

  File "/home/anthony/Documents/OPEN-AIR/oaGuiManager/loader/gui_from_json.py", line 38, in <module>
    from oaGuiBuilder.builder import DynamicGuiBuilder

  File "/home/anthony/Documents/OPEN-AIR/oaGuiBuilder/builder.py", line 37, in <module>
    from oaGuiBuilder.core.background import BuilderBackgroundManagerMixin

ModuleNotFoundError: No module named 'oaGuiBuilder.core.background'
002110.686 | WARNING  | UI   | SYSTEM     | oaComSNMP.snmp       | 🌐 SNMP Bridge Offline.
002110.690 | ERROR    | UI   | ROUTER     | oaOchestration.protocol_guard | MQTT🚫🛑 [ERROR] Dispatch Failure: Event loop is closed
