103002.338 | WARNING  | CORE | SYSTEM     | oaPTP.Core.ptp       | ⏱️ PTP Sniffer: [PERMISSION DENIED] Run as root/sudo for raw capture. Sniffer disabled.
103003.931 | ERROR    | UI   | SYSTEM     | oaGuiManager.Core.ui_window | 🖥️🎨 [UI] CRITICAL: Tkinter Exception:
Traceback (most recent call last):
  File "/usr/lib/python3.12/tkinter/__init__.py", line 1967, in __call__
    return self.func(*args)
           ^^^^^^^^^^^^^^^^
  File "/usr/lib/python3.12/tkinter/__init__.py", line 861, in callit
    func(*args)
  File "/home/anthony/Documents/OPEN-AIR/oaGuiBuildShell/Managers/gui_re.py", line 90, in _wrap_settle
    _final_settle()
  File "/home/anthony/Documents/OPEN-AIR/oaGuiBuildShell/Managers/gui_re.py", line 81, in _final_settle
    self._publish_initial_widget_states(self.config_data)
  File "/home/anthony/Documents/OPEN-AIR/oaGuiBuildShell/Managers/gui_mqtt.py", line 119, in _publish_initial_widget_states
    self.state_mirror_engine.announce_all_widgets()
  File "/home/anthony/Documents/OPEN-AIR/oaTranslator/Core/state_mirror_engine.py", line 127, in announce_all_widgets
    for widget_id in list(self.widgets.keys()):
                          ^^^^^^^^^^^^
AttributeError: 'StateMirrorEngine' object has no attribute 'widgets'

103004.823 | CRITICAL | CORE | COMM       | oaSplinker.Core.handle_panic | 🆘 SPLINKER PANIC TRIGGERED! Emergency stop active.
103004.587 | ERROR    | UI   | SYSTEM     | oaGuiManager.Core.ui_window | 🖥️🎨 [UI] CRITICAL: Tkinter Exception:
Traceback (most recent call last):
  File "/usr/lib/python3.12/tkinter/__init__.py", line 1967, in __call__
    return self.func(*args)
           ^^^^^^^^^^^^^^^^
  File "/usr/lib/python3.12/tkinter/__init__.py", line 861, in callit
    func(*args)
  File "/home/anthony/Documents/OPEN-AIR/oaGuiBuildShell/Managers/gui_re.py", line 90, in _wrap_settle
    _final_settle()
  File "/home/anthony/Documents/OPEN-AIR/oaGuiBuildShell/Managers/gui_re.py", line 81, in _final_settle
    self._publish_initial_widget_states(self.config_data)
  File "/home/anthony/Documents/OPEN-AIR/oaGuiBuildShell/Managers/gui_mqtt.py", line 119, in _publish_initial_widget_states
    self.state_mirror_engine.announce_all_widgets()
  File "/home/anthony/Documents/OPEN-AIR/oaTranslator/Core/state_mirror_engine.py", line 127, in announce_all_widgets
    for widget_id in list(self.widgets.keys()):
                          ^^^^^^^^^^^^
AttributeError: 'StateMirrorEngine' object has no attribute 'widgets'

103004.824 | CRITICAL | UI   | COMM       | oaSplinker.Core.handle_panic | 🆘 SPLINKER PANIC TRIGGERED! Emergency stop active.
103004.844 | ERROR    | UI   | SYSTEM     | oaGuiManager.Core.ui_window | 🖥️🎨 [UI] CRITICAL: Tkinter Exception:
Traceback (most recent call last):
  File "/usr/lib/python3.12/tkinter/__init__.py", line 1967, in __call__
    return self.func(*args)
           ^^^^^^^^^^^^^^^^
  File "/usr/lib/python3.12/tkinter/__init__.py", line 861, in callit
    func(*args)
  File "/home/anthony/Documents/OPEN-AIR/oaGuiBuildShell/Managers/gui_re.py", line 90, in _wrap_settle
    _final_settle()
  File "/home/anthony/Documents/OPEN-AIR/oaGuiBuildShell/Managers/gui_re.py", line 81, in _final_settle
    self._publish_initial_widget_states(self.config_data)
  File "/home/anthony/Documents/OPEN-AIR/oaGuiBuildShell/Managers/gui_mqtt.py", line 119, in _publish_initial_widget_states
    self.state_mirror_engine.announce_all_widgets()
  File "/home/anthony/Documents/OPEN-AIR/oaTranslator/Core/state_mirror_engine.py", line 127, in announce_all_widgets
    for widget_id in list(self.widgets.keys()):
                          ^^^^^^^^^^^^
AttributeError: 'StateMirrorEngine' object has no attribute 'widgets'

103009.463 | ERROR    | UI   | SYSTEM     | oaGuiManager.Core.ui_window | 🖥️🎨 [UI] CRITICAL: Tkinter Exception:
Traceback (most recent call last):
  File "/usr/lib/python3.12/tkinter/__init__.py", line 1967, in __call__
    return self.func(*args)
           ^^^^^^^^^^^^^^^^
  File "/usr/lib/python3.12/tkinter/__init__.py", line 861, in callit
    func(*args)
  File "/home/anthony/Documents/OPEN-AIR/oaGuiBuildShell/Managers/gui_re.py", line 90, in _wrap_settle
    _final_settle()
  File "/home/anthony/Documents/OPEN-AIR/oaGuiBuildShell/Managers/gui_re.py", line 81, in _final_settle
    self._publish_initial_widget_states(self.config_data)
  File "/home/anthony/Documents/OPEN-AIR/oaGuiBuildShell/Managers/gui_mqtt.py", line 119, in _publish_initial_widget_states
    self.state_mirror_engine.announce_all_widgets()
  File "/home/anthony/Documents/OPEN-AIR/oaTranslator/Core/state_mirror_engine.py", line 127, in announce_all_widgets
    for widget_id in list(self.widgets.keys()):
                          ^^^^^^^^^^^^
AttributeError: 'StateMirrorEngine' object has no attribute 'widgets'

103009.747 | ERROR    | UI   | SYSTEM     | oaGuiManager.Core.ui_window | 🖥️🎨 [UI] CRITICAL: Tkinter Exception:
Traceback (most recent call last):
  File "/usr/lib/python3.12/tkinter/__init__.py", line 1967, in __call__
    return self.func(*args)
           ^^^^^^^^^^^^^^^^
  File "/usr/lib/python3.12/tkinter/__init__.py", line 861, in callit
    func(*args)
  File "/home/anthony/Documents/OPEN-AIR/oaGuiBuildShell/Managers/gui_re.py", line 90, in _wrap_settle
    _final_settle()
  File "/home/anthony/Documents/OPEN-AIR/oaGuiBuildShell/Managers/gui_re.py", line 81, in _final_settle
    self._publish_initial_widget_states(self.config_data)
  File "/home/anthony/Documents/OPEN-AIR/oaGuiBuildShell/Managers/gui_mqtt.py", line 119, in _publish_initial_widget_states
    self.state_mirror_engine.announce_all_widgets()
  File "/home/anthony/Documents/OPEN-AIR/oaTranslator/Core/state_mirror_engine.py", line 127, in announce_all_widgets
    for widget_id in list(self.widgets.keys()):
                          ^^^^^^^^^^^^
AttributeError: 'StateMirrorEngine' object has no attribute 'widgets'

103010.016 | ERROR    | UI   | SYSTEM     | oaGuiManager.Core.ui_window | 🖥️🎨 [UI] CRITICAL: Tkinter Exception:
Traceback (most recent call last):
  File "/usr/lib/python3.12/tkinter/__init__.py", line 1967, in __call__
    return self.func(*args)
           ^^^^^^^^^^^^^^^^
  File "/usr/lib/python3.12/tkinter/__init__.py", line 861, in callit
    func(*args)
  File "/home/anthony/Documents/OPEN-AIR/oaGuiBuildShell/Managers/gui_re.py", line 90, in _wrap_settle
    _final_settle()
  File "/home/anthony/Documents/OPEN-AIR/oaGuiBuildShell/Managers/gui_re.py", line 81, in _final_settle
    self._publish_initial_widget_states(self.config_data)
  File "/home/anthony/Documents/OPEN-AIR/oaGuiBuildShell/Managers/gui_mqtt.py", line 119, in _publish_initial_widget_states
    self.state_mirror_engine.announce_all_widgets()
  File "/home/anthony/Documents/OPEN-AIR/oaTranslator/Core/state_mirror_engine.py", line 127, in announce_all_widgets
    for widget_id in list(self.widgets.keys()):
                          ^^^^^^^^^^^^
AttributeError: 'StateMirrorEngine' object has no attribute 'widgets'

103010.218 | ERROR    | UI   | SYSTEM     | oaGuiManager.Core.ui_window | 🖥️🎨 [UI] CRITICAL: Tkinter Exception:
Traceback (most recent call last):
  File "/usr/lib/python3.12/tkinter/__init__.py", line 1967, in __call__
    return self.func(*args)
           ^^^^^^^^^^^^^^^^
  File "/usr/lib/python3.12/tkinter/__init__.py", line 861, in callit
    func(*args)
  File "/home/anthony/Documents/OPEN-AIR/oaGuiBuildShell/Managers/gui_re.py", line 90, in _wrap_settle
    _final_settle()
  File "/home/anthony/Documents/OPEN-AIR/oaGuiBuildShell/Managers/gui_re.py", line 81, in _final_settle
    self._publish_initial_widget_states(self.config_data)
  File "/home/anthony/Documents/OPEN-AIR/oaGuiBuildShell/Managers/gui_mqtt.py", line 119, in _publish_initial_widget_states
    self.state_mirror_engine.announce_all_widgets()
  File "/home/anthony/Documents/OPEN-AIR/oaTranslator/Core/state_mirror_engine.py", line 127, in announce_all_widgets
    for widget_id in list(self.widgets.keys()):
                          ^^^^^^^^^^^^
AttributeError: 'StateMirrorEngine' object has no attribute 'widgets'

103044.466 | ERROR    | UI   | SYSTEM     | oaGuiManager.Core.ui_window | 🖥️🎨 [UI] CRITICAL: Tkinter Exception:
Traceback (most recent call last):
  File "/usr/lib/python3.12/tkinter/__init__.py", line 1967, in __call__
    return self.func(*args)
           ^^^^^^^^^^^^^^^^
  File "/usr/lib/python3.12/tkinter/__init__.py", line 861, in callit
    func(*args)
  File "/home/anthony/Documents/OPEN-AIR/oaGuiBuildShell/Managers/gui_re.py", line 90, in _wrap_settle
    _final_settle()
  File "/home/anthony/Documents/OPEN-AIR/oaGuiBuildShell/Managers/gui_re.py", line 81, in _final_settle
    self._publish_initial_widget_states(self.config_data)
  File "/home/anthony/Documents/OPEN-AIR/oaGuiBuildShell/Managers/gui_mqtt.py", line 119, in _publish_initial_widget_states
    self.state_mirror_engine.announce_all_widgets()
  File "/home/anthony/Documents/OPEN-AIR/oaTranslator/Core/state_mirror_engine.py", line 127, in announce_all_widgets
    for widget_id in list(self.widgets.keys()):
                          ^^^^^^^^^^^^
AttributeError: 'StateMirrorEngine' object has no attribute 'widgets'

103154.651 | ERROR    | UI   | SYSTEM     | oaGuiManager.Core.ui_window | 🖥️🎨 [UI] CRITICAL: Tkinter Exception:
Traceback (most recent call last):
  File "/usr/lib/python3.12/tkinter/__init__.py", line 1967, in __call__
    return self.func(*args)
           ^^^^^^^^^^^^^^^^
  File "/usr/lib/python3.12/tkinter/__init__.py", line 861, in callit
    func(*args)
  File "/home/anthony/Documents/OPEN-AIR/oaGuiBuildShell/Managers/gui_re.py", line 90, in _wrap_settle
    _final_settle()
  File "/home/anthony/Documents/OPEN-AIR/oaGuiBuildShell/Managers/gui_re.py", line 81, in _final_settle
    self._publish_initial_widget_states(self.config_data)
  File "/home/anthony/Documents/OPEN-AIR/oaGuiBuildShell/Managers/gui_mqtt.py", line 119, in _publish_initial_widget_states
    self.state_mirror_engine.announce_all_widgets()
  File "/home/anthony/Documents/OPEN-AIR/oaTranslator/Core/state_mirror_engine.py", line 127, in announce_all_widgets
    for widget_id in list(self.widgets.keys()):
                          ^^^^^^^^^^^^
AttributeError: 'StateMirrorEngine' object has no attribute 'widgets'

103159.362 | ERROR    | UI   | SYSTEM     | oaGuiManager.Core.ui_window | 🖥️🎨 [UI] CRITICAL: Tkinter Exception:
Traceback (most recent call last):
  File "/usr/lib/python3.12/tkinter/__init__.py", line 1967, in __call__
    return self.func(*args)
           ^^^^^^^^^^^^^^^^
  File "/usr/lib/python3.12/tkinter/__init__.py", line 861, in callit
    func(*args)
  File "/home/anthony/Documents/OPEN-AIR/oaGuiBuildShell/Managers/gui_re.py", line 90, in _wrap_settle
    _final_settle()
  File "/home/anthony/Documents/OPEN-AIR/oaGuiBuildShell/Managers/gui_re.py", line 81, in _final_settle
    self._publish_initial_widget_states(self.config_data)
  File "/home/anthony/Documents/OPEN-AIR/oaGuiBuildShell/Managers/gui_mqtt.py", line 119, in _publish_initial_widget_states
    self.state_mirror_engine.announce_all_widgets()
  File "/home/anthony/Documents/OPEN-AIR/oaTranslator/Core/state_mirror_engine.py", line 127, in announce_all_widgets
    for widget_id in list(self.widgets.keys()):
                          ^^^^^^^^^^^^
AttributeError: 'StateMirrorEngine' object has no attribute 'widgets'

