065627.071 | ERROR    | UI   | SYSTEM     | oaGuiManager.Core.bootstrap_sequence | 🖥️🎨 [UI] Bootstrap Failure:Traceback (most recent call last):
  File "/home/anthony/Documents/OPEN-AIR/oaGuiManager/Core/bootstrap_sequence.py", line 32, in run
    self._connect_communication_services(
  File "/home/anthony/Documents/OPEN-AIR/oaGuiManager/Core/bootstrap_sequence.py", line 64, in _connect_communication_services
    self.splash.set_status(status="Connecting to Broker...")
TypeError: SplashScreen.set_status() got an unexpected keyword argument 'status'

Traceback (most recent call last):

  File "/home/anthony/.vscode/extensions/ms-python.debugpy-2025.18.0-linux-x64/bundled/libs/debugpy/_vendored/pydevd/_pydev_bundle/pydev_monkey.py", line 1134, in __call__
    ret = self.original_func(*self.args, **self.kwargs)
          |    |              |    |       |    -> {}
          |    |              |    |       -> <_pydev_bundle.pydev_monkey._NewThreadStartupWithTrace object at 0x7b67fb7b8650>
          |    |              |    -> ()
          |    |              -> <_pydev_bundle.pydev_monkey._NewThreadStartupWithTrace object at 0x7b67fb7b8650>
          |    -> <bound method Thread._bootstrap of <Thread(Thread-8 (run), started daemon 135685801506496)>>
          -> <_pydev_bundle.pydev_monkey._NewThreadStartupWithTrace object at 0x7b67fb7b8650>

  File "/usr/lib/python3.12/threading.py", line 1030, in _bootstrap
    self._bootstrap_inner()
    |    -> <function Thread._bootstrap_inner at 0x7b67fb5dfd80>
    -> <Thread(Thread-8 (run), started daemon 135685801506496)>
  File "/usr/lib/python3.12/threading.py", line 1073, in _bootstrap_inner
    self.run()
    |    -> <function Thread.run at 0x7b67fb5dfa60>
    -> <Thread(Thread-8 (run), started daemon 135685801506496)>
  File "/usr/lib/python3.12/threading.py", line 1010, in run
    self._target(*self._args, **self._kwargs)
    |    |        |    |        |    -> {}
    |    |        |    |        -> <Thread(Thread-8 (run), started daemon 135685801506496)>
    |    |        |    -> ()
    |    |        -> <Thread(Thread-8 (run), started daemon 135685801506496)>
    |    -> <bound method AsyncBootstrapEngine.run of <oaGuiManager.Core.bootstrap_sequence.AsyncBootstrapEngine object at 0x7b67eaee7260>>
    -> <Thread(Thread-8 (run), started daemon 135685801506496)>

> File "/home/anthony/Documents/OPEN-AIR/oaGuiManager/Core/bootstrap_sequence.py", line 32, in run
    self._connect_communication_services(
    |    -> <function AsyncBootstrapEngine._connect_communication_services at 0x7b67eb8293a0>
    -> <oaGuiManager.Core.bootstrap_sequence.AsyncBootstrapEngine object at 0x7b67eaee7260>

  File "/home/anthony/Documents/OPEN-AIR/oaGuiManager/Core/bootstrap_sequence.py", line 64, in _connect_communication_services
    self.splash.set_status(status="Connecting to Broker...")
    |    |      -> <function SplashScreen.set_status at 0x7b67f8160680>
    |    -> <oaGuiSplashScreen.Methods.splash_screen.SplashScreen object at 0x7b67eae05d90>
    -> <oaGuiManager.Core.bootstrap_sequence.AsyncBootstrapEngine object at 0x7b67eaee7260>

TypeError: SplashScreen.set_status() got an unexpected keyword argument 'status'
065627.073 | WARNING  | UI   | OSC        | oaComOSC.Managers.osc_manager | 🅾️📡🛑 [OSC] Bridge Offline.
065627.073 | WARNING  | UI   | SYSTEM     | oaComSNMP.Managers.snmp_manager | 🌐 SNMP Bridge Offline.
