103251.256 | WARNING  | CORE | SYSTEM     | oaPTP.Core.ptp       | ⏱️ PTP Sniffer: [PERMISSION DENIED] Run as root/sudo for raw capture. Sniffer disabled.
103252.320 | ERROR    | UI   | SYSTEM     | oaGuiManager.Core.ui_window | 🖥️🎨 [UI] CRITICAL: Tkinter Exception:
Traceback (most recent call last):
  File "/usr/lib/python3.12/tkinter/__init__.py", line 1967, in __call__
    return self.func(*args)
           ^^^^^^^^^^^^^^^^
  File "/usr/lib/python3.12/tkinter/__init__.py", line 861, in callit
    func(*args)
  File "/home/anthony/Documents/OPEN-AIR/oaGuiBuildShell/Managers/gui_re.py", line 90, in _wrap_settle
    _final_settle()
  File "/home/anthony/Documents/OPEN-AIR/oaGuiBuildShell/Managers/gui_re.py", line 81, in _final_settle
    self._publish_initial_widget_states(self.config_data)
  File "/home/anthony/Documents/OPEN-AIR/oaGuiBuildShell/Managers/gui_mqtt.py", line 119, in _publish_initial_widget_states
    self.state_mirror_engine.announce_all_widgets()
  File "/home/anthony/Documents/OPEN-AIR/oaTranslator/Core/state_mirror_engine.py", line 127, in announce_all_widgets
    for widget_id in list(self.widgets.keys()):
                          ^^^^^^^^^^^^
AttributeError: 'StateMirrorEngine' object has no attribute 'widgets'

103252.453 | ERROR    | UI   | SYSTEM     | oaGuiManager.Core.ui_window | 🖥️🎨 [UI] CRITICAL: Tkinter Exception:
Traceback (most recent call last):
  File "/usr/lib/python3.12/tkinter/__init__.py", line 1967, in __call__
    return self.func(*args)
           ^^^^^^^^^^^^^^^^
  File "/usr/lib/python3.12/tkinter/__init__.py", line 861, in callit
    func(*args)
  File "/home/anthony/Documents/OPEN-AIR/oaGuiBuildShell/Managers/gui_re.py", line 90, in _wrap_settle
    _final_settle()
  File "/home/anthony/Documents/OPEN-AIR/oaGuiBuildShell/Managers/gui_re.py", line 81, in _final_settle
    self._publish_initial_widget_states(self.config_data)
  File "/home/anthony/Documents/OPEN-AIR/oaGuiBuildShell/Managers/gui_mqtt.py", line 119, in _publish_initial_widget_states
    self.state_mirror_engine.announce_all_widgets()
  File "/home/anthony/Documents/OPEN-AIR/oaTranslator/Core/state_mirror_engine.py", line 127, in announce_all_widgets
    for widget_id in list(self.widgets.keys()):
                          ^^^^^^^^^^^^
AttributeError: 'StateMirrorEngine' object has no attribute 'widgets'

103252.883 | ERROR    | UI   | SYSTEM     | oaGuiManager.Core.ui_window | 🖥️🎨 [UI] CRITICAL: Tkinter Exception:
Traceback (most recent call last):
  File "/usr/lib/python3.12/tkinter/__init__.py", line 1967, in __call__
    return self.func(*args)
           ^^^^^^^^^^^^^^^^
  File "/usr/lib/python3.12/tkinter/__init__.py", line 861, in callit
    func(*args)
  File "/home/anthony/Documents/OPEN-AIR/oaGuiBuildShell/Managers/gui_re.py", line 90, in _wrap_settle
    _final_settle()
  File "/home/anthony/Documents/OPEN-AIR/oaGuiBuildShell/Managers/gui_re.py", line 81, in _final_settle
    self._publish_initial_widget_states(self.config_data)
  File "/home/anthony/Documents/OPEN-AIR/oaGuiBuildShell/Managers/gui_mqtt.py", line 119, in _publish_initial_widget_states
    self.state_mirror_engine.announce_all_widgets()
  File "/home/anthony/Documents/OPEN-AIR/oaTranslator/Core/state_mirror_engine.py", line 127, in announce_all_widgets
    for widget_id in list(self.widgets.keys()):
                          ^^^^^^^^^^^^
AttributeError: 'StateMirrorEngine' object has no attribute 'widgets'

103253.471 | CRITICAL | UI   | COMM       | oaSplinker.Core.handle_panic | 🆘 SPLINKER PANIC TRIGGERED! Emergency stop active.
103254.086 | ERROR    | UI   | SYSTEM     | oaGuiManager.Core.ui_window | 🖥️🎨 [UI] CRITICAL: Tkinter Exception:
Traceback (most recent call last):
  File "/usr/lib/python3.12/tkinter/__init__.py", line 1967, in __call__
    return self.func(*args)
           ^^^^^^^^^^^^^^^^
  File "/usr/lib/python3.12/tkinter/__init__.py", line 861, in callit
    func(*args)
  File "/home/anthony/Documents/OPEN-AIR/oaGuiBuildShell/Managers/gui_re.py", line 90, in _wrap_settle
    _final_settle()
  File "/home/anthony/Documents/OPEN-AIR/oaGuiBuildShell/Managers/gui_re.py", line 81, in _final_settle
    self._publish_initial_widget_states(self.config_data)
  File "/home/anthony/Documents/OPEN-AIR/oaGuiBuildShell/Managers/gui_mqtt.py", line 119, in _publish_initial_widget_states
    self.state_mirror_engine.announce_all_widgets()
  File "/home/anthony/Documents/OPEN-AIR/oaTranslator/Core/state_mirror_engine.py", line 127, in announce_all_widgets
    for widget_id in list(self.widgets.keys()):
                          ^^^^^^^^^^^^
AttributeError: 'StateMirrorEngine' object has no attribute 'widgets'

103253.471 | CRITICAL | CORE | COMM       | oaSplinker.Core.handle_panic | 🆘 SPLINKER PANIC TRIGGERED! Emergency stop active.
103254.326 | ERROR    | UI   | SYSTEM     | oaGuiManager.Core.ui_window | 🖥️🎨 [UI] CRITICAL: Tkinter Exception:
Traceback (most recent call last):
  File "/usr/lib/python3.12/tkinter/__init__.py", line 1967, in __call__
    return self.func(*args)
           ^^^^^^^^^^^^^^^^
  File "/usr/lib/python3.12/tkinter/__init__.py", line 861, in callit
    func(*args)
  File "/home/anthony/Documents/OPEN-AIR/oaGuiBuildShell/Managers/gui_re.py", line 90, in _wrap_settle
    _final_settle()
  File "/home/anthony/Documents/OPEN-AIR/oaGuiBuildShell/Managers/gui_re.py", line 81, in _final_settle
    self._publish_initial_widget_states(self.config_data)
  File "/home/anthony/Documents/OPEN-AIR/oaGuiBuildShell/Managers/gui_mqtt.py", line 119, in _publish_initial_widget_states
    self.state_mirror_engine.announce_all_widgets()
  File "/home/anthony/Documents/OPEN-AIR/oaTranslator/Core/state_mirror_engine.py", line 127, in announce_all_widgets
    for widget_id in list(self.widgets.keys()):
                          ^^^^^^^^^^^^
AttributeError: 'StateMirrorEngine' object has no attribute 'widgets'

103254.380 | ERROR    | UI   | SYSTEM     | oaGuiManager.Core.ui_window | 🖥️🎨 [UI] CRITICAL: Tkinter Exception:
Traceback (most recent call last):
  File "/usr/lib/python3.12/tkinter/__init__.py", line 1967, in __call__
    return self.func(*args)
           ^^^^^^^^^^^^^^^^
  File "/usr/lib/python3.12/tkinter/__init__.py", line 861, in callit
    func(*args)
  File "/home/anthony/Documents/OPEN-AIR/oaGuiBuildShell/Managers/gui_re.py", line 90, in _wrap_settle
    _final_settle()
  File "/home/anthony/Documents/OPEN-AIR/oaGuiBuildShell/Managers/gui_re.py", line 81, in _final_settle
    self._publish_initial_widget_states(self.config_data)
  File "/home/anthony/Documents/OPEN-AIR/oaGuiBuildShell/Managers/gui_mqtt.py", line 119, in _publish_initial_widget_states
    self.state_mirror_engine.announce_all_widgets()
  File "/home/anthony/Documents/OPEN-AIR/oaTranslator/Core/state_mirror_engine.py", line 127, in announce_all_widgets
    for widget_id in list(self.widgets.keys()):
                          ^^^^^^^^^^^^
AttributeError: 'StateMirrorEngine' object has no attribute 'widgets'

103254.526 | ERROR    | UI   | SYSTEM     | oaGuiManager.Core.ui_window | 🖥️🎨 [UI] CRITICAL: Tkinter Exception:
Traceback (most recent call last):
  File "/usr/lib/python3.12/tkinter/__init__.py", line 1967, in __call__
    return self.func(*args)
           ^^^^^^^^^^^^^^^^
  File "/usr/lib/python3.12/tkinter/__init__.py", line 861, in callit
    func(*args)
  File "/home/anthony/Documents/OPEN-AIR/oaGuiBuildShell/Managers/gui_re.py", line 90, in _wrap_settle
    _final_settle()
  File "/home/anthony/Documents/OPEN-AIR/oaGuiBuildShell/Managers/gui_re.py", line 81, in _final_settle
    self._publish_initial_widget_states(self.config_data)
  File "/home/anthony/Documents/OPEN-AIR/oaGuiBuildShell/Managers/gui_mqtt.py", line 119, in _publish_initial_widget_states
    self.state_mirror_engine.announce_all_widgets()
  File "/home/anthony/Documents/OPEN-AIR/oaTranslator/Core/state_mirror_engine.py", line 127, in announce_all_widgets
    for widget_id in list(self.widgets.keys()):
                          ^^^^^^^^^^^^
AttributeError: 'StateMirrorEngine' object has no attribute 'widgets'

103304.594 | ERROR    | UI   | SYSTEM     | oaGuiManager.Core.ui_window | 🖥️🎨 [UI] CRITICAL: Tkinter Exception:
Traceback (most recent call last):
  File "/usr/lib/python3.12/tkinter/__init__.py", line 1967, in __call__
    return self.func(*args)
           ^^^^^^^^^^^^^^^^
  File "/usr/lib/python3.12/tkinter/__init__.py", line 861, in callit
    func(*args)
  File "/home/anthony/Documents/OPEN-AIR/oaGuiBuildShell/Managers/gui_re.py", line 90, in _wrap_settle
    _final_settle()
  File "/home/anthony/Documents/OPEN-AIR/oaGuiBuildShell/Managers/gui_re.py", line 81, in _final_settle
    self._publish_initial_widget_states(self.config_data)
  File "/home/anthony/Documents/OPEN-AIR/oaGuiBuildShell/Managers/gui_mqtt.py", line 119, in _publish_initial_widget_states
    self.state_mirror_engine.announce_all_widgets()
  File "/home/anthony/Documents/OPEN-AIR/oaTranslator/Core/state_mirror_engine.py", line 127, in announce_all_widgets
    for widget_id in list(self.widgets.keys()):
                          ^^^^^^^^^^^^
AttributeError: 'StateMirrorEngine' object has no attribute 'widgets'

103304.796 | ERROR    | UI   | SYSTEM     | oaGuiManager.Core.ui_window | 🖥️🎨 [UI] CRITICAL: Tkinter Exception:
Traceback (most recent call last):
  File "/usr/lib/python3.12/tkinter/__init__.py", line 1967, in __call__
    return self.func(*args)
           ^^^^^^^^^^^^^^^^
  File "/usr/lib/python3.12/tkinter/__init__.py", line 861, in callit
    func(*args)
  File "/home/anthony/Documents/OPEN-AIR/oaGuiBuildShell/Managers/gui_re.py", line 90, in _wrap_settle
    _final_settle()
  File "/home/anthony/Documents/OPEN-AIR/oaGuiBuildShell/Managers/gui_re.py", line 81, in _final_settle
    self._publish_initial_widget_states(self.config_data)
  File "/home/anthony/Documents/OPEN-AIR/oaGuiBuildShell/Managers/gui_mqtt.py", line 119, in _publish_initial_widget_states
    self.state_mirror_engine.announce_all_widgets()
  File "/home/anthony/Documents/OPEN-AIR/oaTranslator/Core/state_mirror_engine.py", line 127, in announce_all_widgets
    for widget_id in list(self.widgets.keys()):
                          ^^^^^^^^^^^^
AttributeError: 'StateMirrorEngine' object has no attribute 'widgets'

103305.572 | ERROR    | UI   | SYSTEM     | oaGuiManager.Core.ui_window | 🖥️🎨 [UI] CRITICAL: Tkinter Exception:
Traceback (most recent call last):
  File "/usr/lib/python3.12/tkinter/__init__.py", line 1967, in __call__
    return self.func(*args)
           ^^^^^^^^^^^^^^^^
  File "/usr/lib/python3.12/tkinter/__init__.py", line 861, in callit
    func(*args)
  File "/home/anthony/Documents/OPEN-AIR/oaGuiBuildShell/Managers/gui_re.py", line 90, in _wrap_settle
    _final_settle()
  File "/home/anthony/Documents/OPEN-AIR/oaGuiBuildShell/Managers/gui_re.py", line 81, in _final_settle
    self._publish_initial_widget_states(self.config_data)
  File "/home/anthony/Documents/OPEN-AIR/oaGuiBuildShell/Managers/gui_mqtt.py", line 119, in _publish_initial_widget_states
    self.state_mirror_engine.announce_all_widgets()
  File "/home/anthony/Documents/OPEN-AIR/oaTranslator/Core/state_mirror_engine.py", line 127, in announce_all_widgets
    for widget_id in list(self.widgets.keys()):
                          ^^^^^^^^^^^^
AttributeError: 'StateMirrorEngine' object has no attribute 'widgets'

103305.830 | ERROR    | UI   | SYSTEM     | oaGuiManager.Core.ui_window | 🖥️🎨 [UI] CRITICAL: Tkinter Exception:
Traceback (most recent call last):
  File "/usr/lib/python3.12/tkinter/__init__.py", line 1967, in __call__
    return self.func(*args)
           ^^^^^^^^^^^^^^^^
  File "/usr/lib/python3.12/tkinter/__init__.py", line 861, in callit
    func(*args)
  File "/home/anthony/Documents/OPEN-AIR/oaGuiBuildShell/Managers/gui_re.py", line 90, in _wrap_settle
    _final_settle()
  File "/home/anthony/Documents/OPEN-AIR/oaGuiBuildShell/Managers/gui_re.py", line 81, in _final_settle
    self._publish_initial_widget_states(self.config_data)
  File "/home/anthony/Documents/OPEN-AIR/oaGuiBuildShell/Managers/gui_mqtt.py", line 119, in _publish_initial_widget_states
    self.state_mirror_engine.announce_all_widgets()
  File "/home/anthony/Documents/OPEN-AIR/oaTranslator/Core/state_mirror_engine.py", line 127, in announce_all_widgets
    for widget_id in list(self.widgets.keys()):
                          ^^^^^^^^^^^^
AttributeError: 'StateMirrorEngine' object has no attribute 'widgets'

