003606.354 | ERROR    | UI   | SYSTEM     | oaGuiBuilder.Core.slicing_registry | 🧩🚫🛑 [ERROR] Batch Reslice: Error in callback: 'CMDP_LTPObject' object has no attribute 'render'
003606.502 | ERROR    | UI   | SYSTEM     | oaGuiBuilder.Core.slicing_registry | 🧩🚫🛑 [ERROR] Batch Reslice: Error in callback: 'CMDP_LTPObject' object has no attribute 'render'
003627.139 | ERROR    | UI   | SYSTEM     | oaGuiBuild.Core.batch_processing_engine | ❌ Unknown functional widget: 'HeaderStatusLight' at Zoo_5_Indicators_header_status_light.blocks.elements1.fields.examplefields
003627.139 | ERROR    | UI   | SYSTEM     | oaGuiBuild.Core.batch_processing_engine | ❌ Unknown functional widget: 'HeaderStatusLight' at Zoo_5_Indicators_header_status_light.blocks.elements2.fields.examplefields
003627.139 | ERROR    | UI   | SYSTEM     | oaGuiBuild.Core.batch_processing_engine | ❌ Unknown functional widget: 'HeaderStatusLight' at Zoo_5_Indicators_header_status_light.blocks.elements3.fields.examplefields
003627.140 | ERROR    | UI   | SYSTEM     | oaGuiBuild.Core.batch_processing_engine | ❌ Unknown functional widget: 'HeaderStatusLight' at Zoo_5_Indicators_header_status_light.blocks.elements4.fields.examplefields
003627.140 | ERROR    | UI   | SYSTEM     | oaGuiBuild.Core.batch_processing_engine | ❌ Unknown functional widget: 'HeaderStatusLight' at Zoo_5_Indicators_header_status_light.blocks.elements5.fields.examplefields
003633.011 | ERROR    | UI   | SYSTEM     | oaGuiBuild.Core.batch_processing_engine | ❌ Deferred build error: Zoo_Data_tree_view.blocks.JSON_Tree_Viewer_Demo.fields.AES70_Dataset
Traceback (most recent call last):

  File "/home/anthony/.vscode/extensions/ms-python.debugpy-2025.18.0-linux-x64/bundled/libs/debugpy/_vendored/pydevd/pydevd.py", line 3729, in <module>
    main()
    -> <function main at 0x7acf60cf7060>

  File "/home/anthony/.vscode/extensions/ms-python.debugpy-2025.18.0-linux-x64/bundled/libs/debugpy/_vendored/pydevd/pydevd.py", line 3714, in main
    globals = debugger.run(setup["file"], None, None, is_module)
              |        |   |                          -> False
              |        |   -> {'port': 55103, 'ppid': 92774, 'vm_type': None, 'client': '127.0.0.1', 'access-token': None, 'client-access-token': '289114a5...
              |        -> <function PyDB.run at 0x7acf60cf4fe0>
              -> <__main__.PyDB object at 0x7acf61da8260>

  File "/home/anthony/.vscode/extensions/ms-python.debugpy-2025.18.0-linux-x64/bundled/libs/debugpy/_vendored/pydevd/pydevd.py", line 2698, in run
    return self._exec(is_module, entry_point_fn, module_name, file, globals, locals)
           |    |     |          |               |            |     |        -> {'__name__': '__main__', '__doc__': None, '__package__': '', '__loader__': <_frozen_importlib_external.SourceFileLoader objec...
           |    |     |          |               |            |     -> {'__name__': '__main__', '__doc__': None, '__package__': '', '__loader__': <_frozen_importlib_external.SourceFileLoader objec...
           |    |     |          |               |            -> '/home/anthony/Documents/OPEN-AIR/oaGuiManager/Managers/open_air_ui.py'
           |    |     |          |               -> None
           |    |     |          -> ''
           |    |     -> False
           |    -> <function PyDB._exec at 0x7acf60cf5080>
           -> <__main__.PyDB object at 0x7acf61da8260>

  File "/home/anthony/.vscode/extensions/ms-python.debugpy-2025.18.0-linux-x64/bundled/libs/debugpy/_vendored/pydevd/pydevd.py", line 2706, in _exec
    globals = pydevd_runpy.run_path(file, globals, "__main__")
              |            |        |     -> {'__name__': '__main__', '__doc__': None, '__package__': '', '__loader__': <_frozen_importlib_external.SourceFileLoader objec...
              |            |        -> '/home/anthony/Documents/OPEN-AIR/oaGuiManager/Managers/open_air_ui.py'
              |            -> <function run_path at 0x7acf613179c0>
              -> <module '_pydevd_bundle.pydevd_runpy' from '/home/anthony/.vscode/extensions/ms-python.debugpy-2025.18.0-linux-x64/bundled/li...

  File "/home/anthony/.vscode/extensions/ms-python.debugpy-2025.18.0-linux-x64/bundled/libs/debugpy/_vendored/pydevd/_pydevd_bundle/pydevd_runpy.py", line 310, in run_path
    return _run_module_code(code, init_globals, run_name, pkg_name=pkg_name, script_name=fname)
           |                |     |             |                  |                     -> '/home/anthony/Documents/OPEN-AIR/oaGuiManager/Managers/open_air_ui.py'
           |                |     |             |                  -> ''
           |                |     |             -> '__main__'
           |                |     -> {'__name__': '__main__', '__doc__': None, '__package__': '', '__loader__': <_frozen_importlib_external.SourceFileLoader objec...
           |                -> <code object <module> at 0x69a5a90, file "/home/anthony/Documents/OPEN-AIR/oaGuiManager/Managers/open_air_ui.py", line 1>
           -> <function _run_module_code at 0x7acf61317600>

  File "/home/anthony/.vscode/extensions/ms-python.debugpy-2025.18.0-linux-x64/bundled/libs/debugpy/_vendored/pydevd/_pydevd_bundle/pydevd_runpy.py", line 127, in _run_module_code
    _run_code(code, mod_globals, init_globals, mod_name, mod_spec, pkg_name, script_name)
    |         |     |            |             |         |         |         -> '/home/anthony/Documents/OPEN-AIR/oaGuiManager/Managers/open_air_ui.py'
    |         |     |            |             |         |         -> ''
    |         |     |            |             |         -> None
    |         |     |            |             -> '__main__'
    |         |     |            -> {'__name__': '__main__', '__doc__': None, '__package__': '', '__loader__': <_frozen_importlib_external.SourceFileLoader objec...
    |         |     -> {'__name__': '__main__', '__doc__': None, '__package__': '', '__loader__': None, '__spec__': None, '__file__': '/home/anthony...
    |         -> <code object <module> at 0x69a5a90, file "/home/anthony/Documents/OPEN-AIR/oaGuiManager/Managers/open_air_ui.py", line 1>
    -> <function _run_code at 0x7acf613171a0>

  File "/home/anthony/.vscode/extensions/ms-python.debugpy-2025.18.0-linux-x64/bundled/libs/debugpy/_vendored/pydevd/_pydevd_bundle/pydevd_runpy.py", line 118, in _run_code
    exec(code, run_globals)
         |     -> {'__name__': '__main__', '__doc__': None, '__package__': '', '__loader__': None, '__spec__': None, '__file__': '/home/anthony...
         -> <code object <module> at 0x69a5a90, file "/home/anthony/Documents/OPEN-AIR/oaGuiManager/Managers/open_air_ui.py", line 1>

  File "/home/anthony/Documents/OPEN-AIR/oaGuiManager/Managers/open_air_ui.py", line 83, in <module>
    main()
    -> <function main at 0x7acf60d63060>

  File "/home/anthony/Documents/OPEN-AIR/oaGuiManager/Managers/open_air_ui.py", line 72, in main
    root.mainloop()
    |    -> <function Misc.mainloop at 0x7acf601f36a0>
    -> <tkinter.Tk object .>

  File "/usr/lib/python3.12/tkinter/__init__.py", line 1504, in mainloop
    self.tk.mainloop(n)
    |    |  |        -> 0
    |    |  -> <method 'mainloop' of '_tkinter.tkapp' objects>
    |    -> <_tkinter.tkapp object at 0x7acf59757c30>
    -> <tkinter.Tk object .>
  File "/usr/lib/python3.12/tkinter/__init__.py", line 1967, in __call__
    return self.func(*args)
           |    |     -> ()
           |    -> <function Misc.after.<locals>.callit at 0x7acf015b4fe0>
           -> <tkinter.CallWrapper object at 0x7acf015a7680>
  File "/usr/lib/python3.12/tkinter/__init__.py", line 861, in callit
    func(*args)
    |     -> ()
    -> <bound method UniversalGuiLoader._construct_dynamic_gui of <oaGuiManager.Core.loader.gui_from_json.UniversalGuiLoader object ...

  File "/home/anthony/Documents/OPEN-AIR/oaGuiManager/Core/loader/gui_from_json.py", line 65, in _construct_dynamic_gui
    self._instantiate_builder()
    |    -> <function UniversalGuiLoader._instantiate_builder at 0x7acf203f5d00>
    -> <oaGuiManager.Core.loader.gui_from_json.UniversalGuiLoader object .!application.!panedwindow.!frame2.!panedwindow.!frame2.!no...

  File "/home/anthony/Documents/OPEN-AIR/oaGuiManager/Core/loader/gui_from_json.py", line 79, in _instantiate_builder
    self.dynamic_gui = DynamicGuiBuilder(
    |                  -> <class 'oaGuiBuilder.Workers.builder.DynamicGuiBuilder'>
    -> <oaGuiManager.Core.loader.gui_from_json.UniversalGuiLoader object .!application.!panedwindow.!frame2.!panedwindow.!frame2.!no...

  File "/home/anthony/Documents/OPEN-AIR/oaGuiBuilder/Workers/builder.py", line 201, in __init__
    self._load_and_build_from_file()
    |    -> <function GuiFileLoaderMixin._load_and_build_from_file at 0x7acf5837efc0>
    -> <oaGuiBuilder.Workers.builder.DynamicGuiBuilder object .!application.!panedwindow.!frame2.!panedwindow.!frame2.!notebook.!fra...

  File "/home/anthony/Documents/OPEN-AIR/oaGuiManager/FileReaders/gui_file_loader.py", line 59, in _load_and_build_from_file
    self._rebuild_gui()
    |    -> <function GuiRebuilderMixin._rebuild_gui at 0x7acf5837f7e0>
    -> <oaGuiBuilder.Workers.builder.DynamicGuiBuilder object .!application.!panedwindow.!frame2.!panedwindow.!frame2.!notebook.!fra...

  File "/home/anthony/Documents/OPEN-AIR/oaGuiBuild/Managers/gui_re.py", line 95, in _rebuild_gui
    self._create_dynamic_widgets(self.scroll_frame, self.config_data, on_complete=on_build_complete)
    |    |                       |    |             |    |                        -> <function GuiRebuilderMixin._rebuild_gui.<locals>.on_build_complete at 0x7acf015ee3e0>
    |    |                       |    |             |    -> {'background': {'type': 'layered_industrial', 'parameters': {'random_seed': 303, 'global_blur': 0.8, 'base_material': {'color...
    |    |                       |    |             -> <oaGuiBuilder.Workers.builder.DynamicGuiBuilder object .!application.!panedwindow.!frame2.!panedwindow.!frame2.!notebook.!fra...
    |    |                       |    -> <tkinter.Frame object .!application.!panedwindow.!frame2.!panedwindow.!frame2.!notebook.!frame6.!notebook.!frame10.!notebook....
    |    |                       -> <oaGuiBuilder.Workers.builder.DynamicGuiBuilder object .!application.!panedwindow.!frame2.!panedwindow.!frame2.!notebook.!fra...
    |    -> <function GuiBatchBuilderMixin._create_dynamic_widgets at 0x7acf581c4040>
    -> <oaGuiBuilder.Workers.builder.DynamicGuiBuilder object .!application.!panedwindow.!frame2.!panedwindow.!frame2.!notebook.!fra...

  File "/home/anthony/Documents/OPEN-AIR/oaGuiBuild/Managers/gui_batch.py", line 75, in _create_dynamic_widgets
    self._async_renderer.render(
    |    |               -> <function AsyncGridRenderer.render at 0x7acf5837fd80>
    |    -> <oaGuiBuild.Workers.async_grid_renderer.AsyncGridRenderer object at 0x7acf015a7ad0>
    -> <oaGuiBuilder.Workers.builder.DynamicGuiBuilder object .!application.!panedwindow.!frame2.!panedwindow.!frame2.!notebook.!fra...

  File "/home/anthony/Documents/OPEN-AIR/oaGuiBuild/Workers/async_grid_renderer.py", line 83, in render
    self._process_fields(parent_frame, all_fields, path_prefix, num_cols, on_complete, eff_bg, data, context)
    |    |               |             |           |            |         |            |       |     -> WidgetContext(state_mirror_engine=<oaTranslator.Core.state_mirror_engine.StateMirrorEngine object at 0x7acf611589e0>, subscri...
    |    |               |             |           |            |         |            |       -> {'background': {'type': 'layered_industrial', 'parameters': {'random_seed': 303, 'global_blur': 0.8, 'base_material': {'color...
    |    |               |             |           |            |         |            -> None
    |    |               |             |           |            |         -> <function GuiRebuilderMixin._rebuild_gui.<locals>.on_build_complete at 0x7acf015ee3e0>
    |    |               |             |           |            -> 1
    |    |               |             |           -> ''
    |    |               |             -> [('background', {'type': 'layered_industrial', 'parameters': {'random_seed': 303, 'global_blur': 0.8, 'base_material': {'colo...
    |    |               -> <tkinter.Frame object .!application.!panedwindow.!frame2.!panedwindow.!frame2.!notebook.!frame6.!notebook.!frame10.!notebook....
    |    -> <function AsyncGridRenderer._process_fields at 0x7acf5837ff60>
    -> <oaGuiBuild.Workers.async_grid_renderer.AsyncGridRenderer object at 0x7acf015a7ad0>

  File "/home/anthony/Documents/OPEN-AIR/oaGuiBuild/Workers/async_grid_renderer.py", line 145, in _process_fields
    self.render(inner, val, cur_path, on_complete=lambda: (state.update({"pending": state["pending"]-1}), _check_done()), parent_bg_pil=bg_pil, context=context)
    |    |      |      |    |                              |     |                  |                     |                             |               -> WidgetContext(state_mirror_engine=<oaTranslator.Core.state_mirror_engine.StateMirrorEngine object at 0x7acf611589e0>, subscri...
    |    |      |      |    |                              |     |                  |                     |                             -> None
    |    |      |      |    |                              |     |                  |                     -> <function AsyncGridRenderer._process_fields.<locals>._check_done at 0x7acf0159d6c0>
    |    |      |      |    |                              |     |                  -> {'pending': 1, 'loop_done': False, 'aborted': False}
    |    |      |      |    |                              |     -> <method 'update' of 'dict' objects>
    |    |      |      |    |                              -> {'pending': 1, 'loop_done': False, 'aborted': False}
    |    |      |      |    -> 'Zoo_Data_tree_view'
    |    |      |      -> {'type': 'OcaBin', 'id': '50.90.9.7.3', 'behavior': {'overflow_ns': 'auto', 'overflow_ew': 'auto', 'fluid_ew': True}, 'blocks...
    |    |      -> <tkinter.Frame object .!application.!panedwindow.!frame2.!panedwindow.!frame2.!notebook.!frame6.!notebook.!frame10.!notebook....
    |    -> <function AsyncGridRenderer.render at 0x7acf5837fd80>
    -> <oaGuiBuild.Workers.async_grid_renderer.AsyncGridRenderer object at 0x7acf015a7ad0>

  File "/home/anthony/Documents/OPEN-AIR/oaGuiBuild/Workers/async_grid_renderer.py", line 83, in render
    self._process_fields(parent_frame, all_fields, path_prefix, num_cols, on_complete, eff_bg, data, context)
    |    |               |             |           |            |         |            |       |     -> WidgetContext(state_mirror_engine=<oaTranslator.Core.state_mirror_engine.StateMirrorEngine object at 0x7acf611589e0>, subscri...
    |    |               |             |           |            |         |            |       -> {'type': 'OcaBin', 'id': '50.90.9.7.3', 'behavior': {'overflow_ns': 'auto', 'overflow_ew': 'auto', 'fluid_ew': True}, 'blocks...
    |    |               |             |           |            |         |            -> None
    |    |               |             |           |            |         -> <function AsyncGridRenderer._process_fields.<locals>.<lambda> at 0x7acf015b54e0>
    |    |               |             |           |            -> 1
    |    |               |             |           -> 'Zoo_Data_tree_view'
    |    |               |             -> [('JSON_Tree_Viewer_Demo', {'type': 'OcaBlock', 'description': 'Demonstration of the JSON Tree Viewer widget.', 'layout_colum...
    |    |               -> <tkinter.Frame object .!application.!panedwindow.!frame2.!panedwindow.!frame2.!notebook.!frame6.!notebook.!frame10.!notebook....
    |    -> <function AsyncGridRenderer._process_fields at 0x7acf5837ff60>
    -> <oaGuiBuild.Workers.async_grid_renderer.AsyncGridRenderer object at 0x7acf015a7ad0>

  File "/home/anthony/Documents/OPEN-AIR/oaGuiBuild/Workers/async_grid_renderer.py", line 138, in _process_fields
    self.render(target, val, cur_path, on_complete=lambda: (state.update({"pending": state["pending"]-1}), _check_done()), parent_bg_pil=bg_pil, context=context)
    |    |      |       |    |                              |     |                  |                     |                             |               -> WidgetContext(state_mirror_engine=<oaTranslator.Core.state_mirror_engine.StateMirrorEngine object at 0x7acf611589e0>, subscri...
    |    |      |       |    |                              |     |                  |                     |                             -> None
    |    |      |       |    |                              |     |                  |                     -> <function AsyncGridRenderer._process_fields.<locals>._check_done at 0x7acf015b4e00>
    |    |      |       |    |                              |     |                  -> {'pending': 1, 'loop_done': False, 'aborted': False}
    |    |      |       |    |                              |     -> <method 'update' of 'dict' objects>
    |    |      |       |    |                              -> {'pending': 1, 'loop_done': False, 'aborted': False}
    |    |      |       |    -> 'Zoo_Data_tree_view.blocks.JSON_Tree_Viewer_Demo'
    |    |      |       -> {'type': 'OcaBlock', 'description': 'Demonstration of the JSON Tree Viewer widget.', 'layout_columns': 1, 'fields': {'AES70_D...
    |    |      -> <tkinter.Canvas object .!application.!panedwindow.!frame2.!panedwindow.!frame2.!notebook.!frame6.!notebook.!frame10.!notebook...
    |    -> <function AsyncGridRenderer.render at 0x7acf5837fd80>
    -> <oaGuiBuild.Workers.async_grid_renderer.AsyncGridRenderer object at 0x7acf015a7ad0>

  File "/home/anthony/Documents/OPEN-AIR/oaGuiBuild/Workers/async_grid_renderer.py", line 83, in render
    self._process_fields(parent_frame, all_fields, path_prefix, num_cols, on_complete, eff_bg, data, context)
    |    |               |             |           |            |         |            |       |     -> WidgetContext(state_mirror_engine=<oaTranslator.Core.state_mirror_engine.StateMirrorEngine object at 0x7acf611589e0>, subscri...
    |    |               |             |           |            |         |            |       -> {'type': 'OcaBlock', 'description': 'Demonstration of the JSON Tree Viewer widget.', 'layout_columns': 1, 'fields': {'AES70_D...
    |    |               |             |           |            |         |            -> None
    |    |               |             |           |            |         -> <function AsyncGridRenderer._process_fields.<locals>.<lambda> at 0x7acf015b51c0>
    |    |               |             |           |            -> 1
    |    |               |             |           -> 'Zoo_Data_tree_view.blocks.JSON_Tree_Viewer_Demo'
    |    |               |             -> [('AES70_Dataset', {'type': '_JsonTree', 'label_active': 'AES70 Object Model (data_AES70.json)', 'json_source': 'display/righ...
    |    |               -> <tkinter.Canvas object .!application.!panedwindow.!frame2.!panedwindow.!frame2.!notebook.!frame6.!notebook.!frame10.!notebook...
    |    -> <function AsyncGridRenderer._process_fields at 0x7acf5837ff60>
    -> <oaGuiBuild.Workers.async_grid_renderer.AsyncGridRenderer object at 0x7acf015a7ad0>

  File "/home/anthony/Documents/OPEN-AIR/oaGuiBuild/Workers/async_grid_renderer.py", line 163, in _process_fields
    if deferred and not state["aborted"]: self.batch_engine.process(parent, deferred, 25, context, state, _check_done)
       |                |                 |    |            |       |       |             |        |      -> <function AsyncGridRenderer._process_fields.<locals>._check_done at 0x7acf015b4400>
       |                |                 |    |            |       |       |             |        -> {'pending': 3, 'loop_done': True, 'aborted': False}
       |                |                 |    |            |       |       |             -> WidgetContext(state_mirror_engine=<oaTranslator.Core.state_mirror_engine.StateMirrorEngine object at 0x7acf611589e0>, subscri...
       |                |                 |    |            |       |       -> [{'r': 0, 'c': 0, 'val': {'type': '_JsonTree', 'label_active': 'AES70 Object Model (data_AES70.json)', 'json_source': 'displa...
       |                |                 |    |            |       -> <tkinter.Canvas object .!application.!panedwindow.!frame2.!panedwindow.!frame2.!notebook.!frame6.!notebook.!frame10.!notebook...
       |                |                 |    |            -> <function BatchProcessingEngine.process at 0x7acf5837fec0>
       |                |                 |    -> <oaGuiBuild.Core.batch_processing_engine.BatchProcessingEngine object at 0x7acf015a6750>
       |                |                 -> <oaGuiBuild.Workers.async_grid_renderer.AsyncGridRenderer object at 0x7acf015a7ad0>
       |                -> {'pending': 3, 'loop_done': True, 'aborted': False}
       -> [{'r': 0, 'c': 0, 'val': {'type': '_JsonTree', 'label_active': 'AES70 Object Model (data_AES70.json)', 'json_source': 'displa...

> File "/home/anthony/Documents/OPEN-AIR/oaGuiBuild/Core/batch_processing_engine.py", line 23, in process
    widget = creator(parent_widget=parent, config_data=wd, context=context)
             |                     |                   |           -> WidgetContext(state_mirror_engine=<oaTranslator.Core.state_mirror_engine.StateMirrorEngine object at 0x7acf611589e0>, subscri...
             |                     |                   -> {'type': '_JsonTree', 'label_active': 'AES70 Object Model (data_AES70.json)', 'json_source': 'display/right_50/bottom_90/10_s...
             |                     -> <tkinter.Canvas object .!application.!panedwindow.!frame2.!panedwindow.!frame2.!notebook.!frame6.!notebook.!frame10.!notebook...
             -> <function GuiWidgetFactoryMixin._lazy_wrap.<locals>.wrapper at 0x7acf43ae2ca0>

  File "/home/anthony/Documents/OPEN-AIR/oaGuiManager/Core/factory/gui_widget_factory.py", line 45, in wrapper
    return method(self, parent_widget, config_data, context=context, **kwargs)
           |      |     |              |                    |          -> {}
           |      |     |              |                    -> WidgetContext(state_mirror_engine=<oaTranslator.Core.state_mirror_engine.StateMirrorEngine object at 0x7acf611589e0>, subscri...
           |      |     |              -> {'type': '_JsonTree', 'label_active': 'AES70 Object Model (data_AES70.json)', 'json_source': 'display/right_50/bottom_90/10_s...
           |      |     -> <tkinter.Canvas object .!application.!panedwindow.!frame2.!panedwindow.!frame2.!notebook.!frame6.!notebook.!frame10.!notebook...
           |      -> <oaGuiBuilder.Workers.builder.DynamicGuiBuilder object .!application.!panedwindow.!frame.!panedwindow.!frame.!notebook.!frame...
           -> <function BuilderDataJsonTreeCreator.make_data_json_tree at 0x7acf40f81260>

  File "/home/anthony/Documents/OPEN-AIR/oaGuiElements/Core/utils/json_tree/json_tree.py", line 172, in make_data_json_tree
    TransparencyManager.apply_transparency(widget, None, config_data, builder_instance)
                                           |             |            -> <oaGuiBuilder.Workers.builder.DynamicGuiBuilder object .!application.!panedwindow.!frame2.!panedwindow.!frame2.!notebook.!fra...
                                           |             -> {'type': '_JsonTree', 'label_active': 'AES70 Object Model (data_AES70.json)', 'json_source': 'display/right_50/bottom_90/10_s...
                                           -> <oaGuiElements.Core.utils.json_tree.json_tree.JsonTreeWidget object .!application.!panedwindow.!frame2.!panedwindow.!frame2.!...

NameError: name 'TransparencyManager' is not defined
003633.015 | ERROR    | UI   | SYSTEM     | oaGuiBuild.Core.batch_processing_engine | ❌ Deferred build error: Zoo_Data_tree_view.blocks.JSON_Tree_Viewer_Demo.fields.Application_Config
Traceback (most recent call last):

  File "/home/anthony/.vscode/extensions/ms-python.debugpy-2025.18.0-linux-x64/bundled/libs/debugpy/_vendored/pydevd/pydevd.py", line 3729, in <module>
    main()
    -> <function main at 0x7acf60cf7060>

  File "/home/anthony/.vscode/extensions/ms-python.debugpy-2025.18.0-linux-x64/bundled/libs/debugpy/_vendored/pydevd/pydevd.py", line 3714, in main
    globals = debugger.run(setup["file"], None, None, is_module)
              |        |   |                          -> False
              |        |   -> {'port': 55103, 'ppid': 92774, 'vm_type': None, 'client': '127.0.0.1', 'access-token': None, 'client-access-token': '289114a5...
              |        -> <function PyDB.run at 0x7acf60cf4fe0>
              -> <__main__.PyDB object at 0x7acf61da8260>

  File "/home/anthony/.vscode/extensions/ms-python.debugpy-2025.18.0-linux-x64/bundled/libs/debugpy/_vendored/pydevd/pydevd.py", line 2698, in run
    return self._exec(is_module, entry_point_fn, module_name, file, globals, locals)
           |    |     |          |               |            |     |        -> {'__name__': '__main__', '__doc__': None, '__package__': '', '__loader__': <_frozen_importlib_external.SourceFileLoader objec...
           |    |     |          |               |            |     -> {'__name__': '__main__', '__doc__': None, '__package__': '', '__loader__': <_frozen_importlib_external.SourceFileLoader objec...
           |    |     |          |               |            -> '/home/anthony/Documents/OPEN-AIR/oaGuiManager/Managers/open_air_ui.py'
           |    |     |          |               -> None
           |    |     |          -> ''
           |    |     -> False
           |    -> <function PyDB._exec at 0x7acf60cf5080>
           -> <__main__.PyDB object at 0x7acf61da8260>

  File "/home/anthony/.vscode/extensions/ms-python.debugpy-2025.18.0-linux-x64/bundled/libs/debugpy/_vendored/pydevd/pydevd.py", line 2706, in _exec
    globals = pydevd_runpy.run_path(file, globals, "__main__")
              |            |        |     -> {'__name__': '__main__', '__doc__': None, '__package__': '', '__loader__': <_frozen_importlib_external.SourceFileLoader objec...
              |            |        -> '/home/anthony/Documents/OPEN-AIR/oaGuiManager/Managers/open_air_ui.py'
              |            -> <function run_path at 0x7acf613179c0>
              -> <module '_pydevd_bundle.pydevd_runpy' from '/home/anthony/.vscode/extensions/ms-python.debugpy-2025.18.0-linux-x64/bundled/li...

  File "/home/anthony/.vscode/extensions/ms-python.debugpy-2025.18.0-linux-x64/bundled/libs/debugpy/_vendored/pydevd/_pydevd_bundle/pydevd_runpy.py", line 310, in run_path
    return _run_module_code(code, init_globals, run_name, pkg_name=pkg_name, script_name=fname)
           |                |     |             |                  |                     -> '/home/anthony/Documents/OPEN-AIR/oaGuiManager/Managers/open_air_ui.py'
           |                |     |             |                  -> ''
           |                |     |             -> '__main__'
           |                |     -> {'__name__': '__main__', '__doc__': None, '__package__': '', '__loader__': <_frozen_importlib_external.SourceFileLoader objec...
           |                -> <code object <module> at 0x69a5a90, file "/home/anthony/Documents/OPEN-AIR/oaGuiManager/Managers/open_air_ui.py", line 1>
           -> <function _run_module_code at 0x7acf61317600>

  File "/home/anthony/.vscode/extensions/ms-python.debugpy-2025.18.0-linux-x64/bundled/libs/debugpy/_vendored/pydevd/_pydevd_bundle/pydevd_runpy.py", line 127, in _run_module_code
    _run_code(code, mod_globals, init_globals, mod_name, mod_spec, pkg_name, script_name)
    |         |     |            |             |         |         |         -> '/home/anthony/Documents/OPEN-AIR/oaGuiManager/Managers/open_air_ui.py'
    |         |     |            |             |         |         -> ''
    |         |     |            |             |         -> None
    |         |     |            |             -> '__main__'
    |         |     |            -> {'__name__': '__main__', '__doc__': None, '__package__': '', '__loader__': <_frozen_importlib_external.SourceFileLoader objec...
    |         |     -> {'__name__': '__main__', '__doc__': None, '__package__': '', '__loader__': None, '__spec__': None, '__file__': '/home/anthony...
    |         -> <code object <module> at 0x69a5a90, file "/home/anthony/Documents/OPEN-AIR/oaGuiManager/Managers/open_air_ui.py", line 1>
    -> <function _run_code at 0x7acf613171a0>

  File "/home/anthony/.vscode/extensions/ms-python.debugpy-2025.18.0-linux-x64/bundled/libs/debugpy/_vendored/pydevd/_pydevd_bundle/pydevd_runpy.py", line 118, in _run_code
    exec(code, run_globals)
         |     -> {'__name__': '__main__', '__doc__': None, '__package__': '', '__loader__': None, '__spec__': None, '__file__': '/home/anthony...
         -> <code object <module> at 0x69a5a90, file "/home/anthony/Documents/OPEN-AIR/oaGuiManager/Managers/open_air_ui.py", line 1>

  File "/home/anthony/Documents/OPEN-AIR/oaGuiManager/Managers/open_air_ui.py", line 83, in <module>
    main()
    -> <function main at 0x7acf60d63060>

  File "/home/anthony/Documents/OPEN-AIR/oaGuiManager/Managers/open_air_ui.py", line 72, in main
    root.mainloop()
    |    -> <function Misc.mainloop at 0x7acf601f36a0>
    -> <tkinter.Tk object .>

  File "/usr/lib/python3.12/tkinter/__init__.py", line 1504, in mainloop
    self.tk.mainloop(n)
    |    |  |        -> 0
    |    |  -> <method 'mainloop' of '_tkinter.tkapp' objects>
    |    -> <_tkinter.tkapp object at 0x7acf59757c30>
    -> <tkinter.Tk object .>
  File "/usr/lib/python3.12/tkinter/__init__.py", line 1967, in __call__
    return self.func(*args)
           |    |     -> ()
           |    -> <function Misc.after.<locals>.callit at 0x7acf015b4fe0>
           -> <tkinter.CallWrapper object at 0x7acf015a7680>
  File "/usr/lib/python3.12/tkinter/__init__.py", line 861, in callit
    func(*args)
    |     -> ()
    -> <bound method UniversalGuiLoader._construct_dynamic_gui of <oaGuiManager.Core.loader.gui_from_json.UniversalGuiLoader object ...

  File "/home/anthony/Documents/OPEN-AIR/oaGuiManager/Core/loader/gui_from_json.py", line 65, in _construct_dynamic_gui
    self._instantiate_builder()
    |    -> <function UniversalGuiLoader._instantiate_builder at 0x7acf203f5d00>
    -> <oaGuiManager.Core.loader.gui_from_json.UniversalGuiLoader object .!application.!panedwindow.!frame2.!panedwindow.!frame2.!no...

  File "/home/anthony/Documents/OPEN-AIR/oaGuiManager/Core/loader/gui_from_json.py", line 79, in _instantiate_builder
    self.dynamic_gui = DynamicGuiBuilder(
    |                  -> <class 'oaGuiBuilder.Workers.builder.DynamicGuiBuilder'>
    -> <oaGuiManager.Core.loader.gui_from_json.UniversalGuiLoader object .!application.!panedwindow.!frame2.!panedwindow.!frame2.!no...

  File "/home/anthony/Documents/OPEN-AIR/oaGuiBuilder/Workers/builder.py", line 201, in __init__
    self._load_and_build_from_file()
    |    -> <function GuiFileLoaderMixin._load_and_build_from_file at 0x7acf5837efc0>
    -> <oaGuiBuilder.Workers.builder.DynamicGuiBuilder object .!application.!panedwindow.!frame2.!panedwindow.!frame2.!notebook.!fra...

  File "/home/anthony/Documents/OPEN-AIR/oaGuiManager/FileReaders/gui_file_loader.py", line 59, in _load_and_build_from_file
    self._rebuild_gui()
    |    -> <function GuiRebuilderMixin._rebuild_gui at 0x7acf5837f7e0>
    -> <oaGuiBuilder.Workers.builder.DynamicGuiBuilder object .!application.!panedwindow.!frame2.!panedwindow.!frame2.!notebook.!fra...

  File "/home/anthony/Documents/OPEN-AIR/oaGuiBuild/Managers/gui_re.py", line 95, in _rebuild_gui
    self._create_dynamic_widgets(self.scroll_frame, self.config_data, on_complete=on_build_complete)
    |    |                       |    |             |    |                        -> <function GuiRebuilderMixin._rebuild_gui.<locals>.on_build_complete at 0x7acf015ee3e0>
    |    |                       |    |             |    -> {'background': {'type': 'layered_industrial', 'parameters': {'random_seed': 303, 'global_blur': 0.8, 'base_material': {'color...
    |    |                       |    |             -> <oaGuiBuilder.Workers.builder.DynamicGuiBuilder object .!application.!panedwindow.!frame2.!panedwindow.!frame2.!notebook.!fra...
    |    |                       |    -> <tkinter.Frame object .!application.!panedwindow.!frame2.!panedwindow.!frame2.!notebook.!frame6.!notebook.!frame10.!notebook....
    |    |                       -> <oaGuiBuilder.Workers.builder.DynamicGuiBuilder object .!application.!panedwindow.!frame2.!panedwindow.!frame2.!notebook.!fra...
    |    -> <function GuiBatchBuilderMixin._create_dynamic_widgets at 0x7acf581c4040>
    -> <oaGuiBuilder.Workers.builder.DynamicGuiBuilder object .!application.!panedwindow.!frame2.!panedwindow.!frame2.!notebook.!fra...

  File "/home/anthony/Documents/OPEN-AIR/oaGuiBuild/Managers/gui_batch.py", line 75, in _create_dynamic_widgets
    self._async_renderer.render(
    |    |               -> <function AsyncGridRenderer.render at 0x7acf5837fd80>
    |    -> <oaGuiBuild.Workers.async_grid_renderer.AsyncGridRenderer object at 0x7acf015a7ad0>
    -> <oaGuiBuilder.Workers.builder.DynamicGuiBuilder object .!application.!panedwindow.!frame2.!panedwindow.!frame2.!notebook.!fra...

  File "/home/anthony/Documents/OPEN-AIR/oaGuiBuild/Workers/async_grid_renderer.py", line 83, in render
    self._process_fields(parent_frame, all_fields, path_prefix, num_cols, on_complete, eff_bg, data, context)
    |    |               |             |           |            |         |            |       |     -> WidgetContext(state_mirror_engine=<oaTranslator.Core.state_mirror_engine.StateMirrorEngine object at 0x7acf611589e0>, subscri...
    |    |               |             |           |            |         |            |       -> {'background': {'type': 'layered_industrial', 'parameters': {'random_seed': 303, 'global_blur': 0.8, 'base_material': {'color...
    |    |               |             |           |            |         |            -> None
    |    |               |             |           |            |         -> <function GuiRebuilderMixin._rebuild_gui.<locals>.on_build_complete at 0x7acf015ee3e0>
    |    |               |             |           |            -> 1
    |    |               |             |           -> ''
    |    |               |             -> [('background', {'type': 'layered_industrial', 'parameters': {'random_seed': 303, 'global_blur': 0.8, 'base_material': {'colo...
    |    |               -> <tkinter.Frame object .!application.!panedwindow.!frame2.!panedwindow.!frame2.!notebook.!frame6.!notebook.!frame10.!notebook....
    |    -> <function AsyncGridRenderer._process_fields at 0x7acf5837ff60>
    -> <oaGuiBuild.Workers.async_grid_renderer.AsyncGridRenderer object at 0x7acf015a7ad0>

  File "/home/anthony/Documents/OPEN-AIR/oaGuiBuild/Workers/async_grid_renderer.py", line 145, in _process_fields
    self.render(inner, val, cur_path, on_complete=lambda: (state.update({"pending": state["pending"]-1}), _check_done()), parent_bg_pil=bg_pil, context=context)
    |    |      |      |    |                              |     |                  |                     |                             |               -> WidgetContext(state_mirror_engine=<oaTranslator.Core.state_mirror_engine.StateMirrorEngine object at 0x7acf611589e0>, subscri...
    |    |      |      |    |                              |     |                  |                     |                             -> None
    |    |      |      |    |                              |     |                  |                     -> <function AsyncGridRenderer._process_fields.<locals>._check_done at 0x7acf0159d6c0>
    |    |      |      |    |                              |     |                  -> {'pending': 1, 'loop_done': False, 'aborted': False}
    |    |      |      |    |                              |     -> <method 'update' of 'dict' objects>
    |    |      |      |    |                              -> {'pending': 1, 'loop_done': False, 'aborted': False}
    |    |      |      |    -> 'Zoo_Data_tree_view'
    |    |      |      -> {'type': 'OcaBin', 'id': '50.90.9.7.3', 'behavior': {'overflow_ns': 'auto', 'overflow_ew': 'auto', 'fluid_ew': True}, 'blocks...
    |    |      -> <tkinter.Frame object .!application.!panedwindow.!frame2.!panedwindow.!frame2.!notebook.!frame6.!notebook.!frame10.!notebook....
    |    -> <function AsyncGridRenderer.render at 0x7acf5837fd80>
    -> <oaGuiBuild.Workers.async_grid_renderer.AsyncGridRenderer object at 0x7acf015a7ad0>

  File "/home/anthony/Documents/OPEN-AIR/oaGuiBuild/Workers/async_grid_renderer.py", line 83, in render
    self._process_fields(parent_frame, all_fields, path_prefix, num_cols, on_complete, eff_bg, data, context)
    |    |               |             |           |            |         |            |       |     -> WidgetContext(state_mirror_engine=<oaTranslator.Core.state_mirror_engine.StateMirrorEngine object at 0x7acf611589e0>, subscri...
    |    |               |             |           |            |         |            |       -> {'type': 'OcaBin', 'id': '50.90.9.7.3', 'behavior': {'overflow_ns': 'auto', 'overflow_ew': 'auto', 'fluid_ew': True}, 'blocks...
    |    |               |             |           |            |         |            -> None
    |    |               |             |           |            |         -> <function AsyncGridRenderer._process_fields.<locals>.<lambda> at 0x7acf015b54e0>
    |    |               |             |           |            -> 1
    |    |               |             |           -> 'Zoo_Data_tree_view'
    |    |               |             -> [('JSON_Tree_Viewer_Demo', {'type': 'OcaBlock', 'description': 'Demonstration of the JSON Tree Viewer widget.', 'layout_colum...
    |    |               -> <tkinter.Frame object .!application.!panedwindow.!frame2.!panedwindow.!frame2.!notebook.!frame6.!notebook.!frame10.!notebook....
    |    -> <function AsyncGridRenderer._process_fields at 0x7acf5837ff60>
    -> <oaGuiBuild.Workers.async_grid_renderer.AsyncGridRenderer object at 0x7acf015a7ad0>

  File "/home/anthony/Documents/OPEN-AIR/oaGuiBuild/Workers/async_grid_renderer.py", line 138, in _process_fields
    self.render(target, val, cur_path, on_complete=lambda: (state.update({"pending": state["pending"]-1}), _check_done()), parent_bg_pil=bg_pil, context=context)
    |    |      |       |    |                              |     |                  |                     |                             |               -> WidgetContext(state_mirror_engine=<oaTranslator.Core.state_mirror_engine.StateMirrorEngine object at 0x7acf611589e0>, subscri...
    |    |      |       |    |                              |     |                  |                     |                             -> None
    |    |      |       |    |                              |     |                  |                     -> <function AsyncGridRenderer._process_fields.<locals>._check_done at 0x7acf015b4e00>
    |    |      |       |    |                              |     |                  -> {'pending': 1, 'loop_done': False, 'aborted': False}
    |    |      |       |    |                              |     -> <method 'update' of 'dict' objects>
    |    |      |       |    |                              -> {'pending': 1, 'loop_done': False, 'aborted': False}
    |    |      |       |    -> 'Zoo_Data_tree_view.blocks.JSON_Tree_Viewer_Demo'
    |    |      |       -> {'type': 'OcaBlock', 'description': 'Demonstration of the JSON Tree Viewer widget.', 'layout_columns': 1, 'fields': {'AES70_D...
    |    |      -> <tkinter.Canvas object .!application.!panedwindow.!frame2.!panedwindow.!frame2.!notebook.!frame6.!notebook.!frame10.!notebook...
    |    -> <function AsyncGridRenderer.render at 0x7acf5837fd80>
    -> <oaGuiBuild.Workers.async_grid_renderer.AsyncGridRenderer object at 0x7acf015a7ad0>

  File "/home/anthony/Documents/OPEN-AIR/oaGuiBuild/Workers/async_grid_renderer.py", line 83, in render
    self._process_fields(parent_frame, all_fields, path_prefix, num_cols, on_complete, eff_bg, data, context)
    |    |               |             |           |            |         |            |       |     -> WidgetContext(state_mirror_engine=<oaTranslator.Core.state_mirror_engine.StateMirrorEngine object at 0x7acf611589e0>, subscri...
    |    |               |             |           |            |         |            |       -> {'type': 'OcaBlock', 'description': 'Demonstration of the JSON Tree Viewer widget.', 'layout_columns': 1, 'fields': {'AES70_D...
    |    |               |             |           |            |         |            -> None
    |    |               |             |           |            |         -> <function AsyncGridRenderer._process_fields.<locals>.<lambda> at 0x7acf015b51c0>
    |    |               |             |           |            -> 1
    |    |               |             |           -> 'Zoo_Data_tree_view.blocks.JSON_Tree_Viewer_Demo'
    |    |               |             -> [('AES70_Dataset', {'type': '_JsonTree', 'label_active': 'AES70 Object Model (data_AES70.json)', 'json_source': 'display/righ...
    |    |               -> <tkinter.Canvas object .!application.!panedwindow.!frame2.!panedwindow.!frame2.!notebook.!frame6.!notebook.!frame10.!notebook...
    |    -> <function AsyncGridRenderer._process_fields at 0x7acf5837ff60>
    -> <oaGuiBuild.Workers.async_grid_renderer.AsyncGridRenderer object at 0x7acf015a7ad0>

  File "/home/anthony/Documents/OPEN-AIR/oaGuiBuild/Workers/async_grid_renderer.py", line 163, in _process_fields
    if deferred and not state["aborted"]: self.batch_engine.process(parent, deferred, 25, context, state, _check_done)
       |                |                 |    |            |       |       |             |        |      -> <function AsyncGridRenderer._process_fields.<locals>._check_done at 0x7acf015b4400>
       |                |                 |    |            |       |       |             |        -> {'pending': 2, 'loop_done': True, 'aborted': False}
       |                |                 |    |            |       |       |             -> WidgetContext(state_mirror_engine=<oaTranslator.Core.state_mirror_engine.StateMirrorEngine object at 0x7acf611589e0>, subscri...
       |                |                 |    |            |       |       -> [{'r': 0, 'c': 0, 'val': {'type': '_JsonTree', 'label_active': 'AES70 Object Model (data_AES70.json)', 'json_source': 'displa...
       |                |                 |    |            |       -> <tkinter.Canvas object .!application.!panedwindow.!frame2.!panedwindow.!frame2.!notebook.!frame6.!notebook.!frame10.!notebook...
       |                |                 |    |            -> <function BatchProcessingEngine.process at 0x7acf5837fec0>
       |                |                 |    -> <oaGuiBuild.Core.batch_processing_engine.BatchProcessingEngine object at 0x7acf015a6750>
       |                |                 -> <oaGuiBuild.Workers.async_grid_renderer.AsyncGridRenderer object at 0x7acf015a7ad0>
       |                -> {'pending': 2, 'loop_done': True, 'aborted': False}
       -> [{'r': 0, 'c': 0, 'val': {'type': '_JsonTree', 'label_active': 'AES70 Object Model (data_AES70.json)', 'json_source': 'displa...

> File "/home/anthony/Documents/OPEN-AIR/oaGuiBuild/Core/batch_processing_engine.py", line 23, in process
    widget = creator(parent_widget=parent, config_data=wd, context=context)
             |                     |                   |           -> WidgetContext(state_mirror_engine=<oaTranslator.Core.state_mirror_engine.StateMirrorEngine object at 0x7acf611589e0>, subscri...
             |                     |                   -> {'type': 'JsonTree', 'label_active': 'Dataset Configuration Application', 'json_source': 'display/right_50/bottom_90/10_sets/...
             |                     -> <tkinter.Canvas object .!application.!panedwindow.!frame2.!panedwindow.!frame2.!notebook.!frame6.!notebook.!frame10.!notebook...
             -> <function GuiWidgetFactoryMixin._lazy_wrap.<locals>.wrapper at 0x7acf43ae2d40>

  File "/home/anthony/Documents/OPEN-AIR/oaGuiManager/Core/factory/gui_widget_factory.py", line 45, in wrapper
    return method(self, parent_widget, config_data, context=context, **kwargs)
           |      |     |              |                    |          -> {}
           |      |     |              |                    -> WidgetContext(state_mirror_engine=<oaTranslator.Core.state_mirror_engine.StateMirrorEngine object at 0x7acf611589e0>, subscri...
           |      |     |              -> {'type': 'JsonTree', 'label_active': 'Dataset Configuration Application', 'json_source': 'display/right_50/bottom_90/10_sets/...
           |      |     -> <tkinter.Canvas object .!application.!panedwindow.!frame2.!panedwindow.!frame2.!notebook.!frame6.!notebook.!frame10.!notebook...
           |      -> <oaGuiBuilder.Workers.builder.DynamicGuiBuilder object .!application.!panedwindow.!frame.!panedwindow.!frame.!notebook.!frame...
           -> <function BuilderDataJsonTreeCreator.make_data_json_tree at 0x7acf40f81260>

  File "/home/anthony/Documents/OPEN-AIR/oaGuiElements/Core/utils/json_tree/json_tree.py", line 172, in make_data_json_tree
    TransparencyManager.apply_transparency(widget, None, config_data, builder_instance)
                                           |             |            -> <oaGuiBuilder.Workers.builder.DynamicGuiBuilder object .!application.!panedwindow.!frame2.!panedwindow.!frame2.!notebook.!fra...
                                           |             -> {'type': 'JsonTree', 'label_active': 'Dataset Configuration Application', 'json_source': 'display/right_50/bottom_90/10_sets/...
                                           -> <oaGuiElements.Core.utils.json_tree.json_tree.JsonTreeWidget object .!application.!panedwindow.!frame2.!panedwindow.!frame2.!...

NameError: name 'TransparencyManager' is not defined
003633.018 | ERROR    | UI   | SYSTEM     | oaGuiBuild.Core.batch_processing_engine | ❌ Deferred build error: Zoo_Data_tree_view.blocks.JSON_Tree_Viewer_Demo.fields.Browse_Example
Traceback (most recent call last):

  File "/home/anthony/.vscode/extensions/ms-python.debugpy-2025.18.0-linux-x64/bundled/libs/debugpy/_vendored/pydevd/pydevd.py", line 3729, in <module>
    main()
    -> <function main at 0x7acf60cf7060>

  File "/home/anthony/.vscode/extensions/ms-python.debugpy-2025.18.0-linux-x64/bundled/libs/debugpy/_vendored/pydevd/pydevd.py", line 3714, in main
    globals = debugger.run(setup["file"], None, None, is_module)
              |        |   |                          -> False
              |        |   -> {'port': 55103, 'ppid': 92774, 'vm_type': None, 'client': '127.0.0.1', 'access-token': None, 'client-access-token': '289114a5...
              |        -> <function PyDB.run at 0x7acf60cf4fe0>
              -> <__main__.PyDB object at 0x7acf61da8260>

  File "/home/anthony/.vscode/extensions/ms-python.debugpy-2025.18.0-linux-x64/bundled/libs/debugpy/_vendored/pydevd/pydevd.py", line 2698, in run
    return self._exec(is_module, entry_point_fn, module_name, file, globals, locals)
           |    |     |          |               |            |     |        -> {'__name__': '__main__', '__doc__': None, '__package__': '', '__loader__': <_frozen_importlib_external.SourceFileLoader objec...
           |    |     |          |               |            |     -> {'__name__': '__main__', '__doc__': None, '__package__': '', '__loader__': <_frozen_importlib_external.SourceFileLoader objec...
           |    |     |          |               |            -> '/home/anthony/Documents/OPEN-AIR/oaGuiManager/Managers/open_air_ui.py'
           |    |     |          |               -> None
           |    |     |          -> ''
           |    |     -> False
           |    -> <function PyDB._exec at 0x7acf60cf5080>
           -> <__main__.PyDB object at 0x7acf61da8260>

  File "/home/anthony/.vscode/extensions/ms-python.debugpy-2025.18.0-linux-x64/bundled/libs/debugpy/_vendored/pydevd/pydevd.py", line 2706, in _exec
    globals = pydevd_runpy.run_path(file, globals, "__main__")
              |            |        |     -> {'__name__': '__main__', '__doc__': None, '__package__': '', '__loader__': <_frozen_importlib_external.SourceFileLoader objec...
              |            |        -> '/home/anthony/Documents/OPEN-AIR/oaGuiManager/Managers/open_air_ui.py'
              |            -> <function run_path at 0x7acf613179c0>
              -> <module '_pydevd_bundle.pydevd_runpy' from '/home/anthony/.vscode/extensions/ms-python.debugpy-2025.18.0-linux-x64/bundled/li...

  File "/home/anthony/.vscode/extensions/ms-python.debugpy-2025.18.0-linux-x64/bundled/libs/debugpy/_vendored/pydevd/_pydevd_bundle/pydevd_runpy.py", line 310, in run_path
    return _run_module_code(code, init_globals, run_name, pkg_name=pkg_name, script_name=fname)
           |                |     |             |                  |                     -> '/home/anthony/Documents/OPEN-AIR/oaGuiManager/Managers/open_air_ui.py'
           |                |     |             |                  -> ''
           |                |     |             -> '__main__'
           |                |     -> {'__name__': '__main__', '__doc__': None, '__package__': '', '__loader__': <_frozen_importlib_external.SourceFileLoader objec...
           |                -> <code object <module> at 0x69a5a90, file "/home/anthony/Documents/OPEN-AIR/oaGuiManager/Managers/open_air_ui.py", line 1>
           -> <function _run_module_code at 0x7acf61317600>

  File "/home/anthony/.vscode/extensions/ms-python.debugpy-2025.18.0-linux-x64/bundled/libs/debugpy/_vendored/pydevd/_pydevd_bundle/pydevd_runpy.py", line 127, in _run_module_code
    _run_code(code, mod_globals, init_globals, mod_name, mod_spec, pkg_name, script_name)
    |         |     |            |             |         |         |         -> '/home/anthony/Documents/OPEN-AIR/oaGuiManager/Managers/open_air_ui.py'
    |         |     |            |             |         |         -> ''
    |         |     |            |             |         -> None
    |         |     |            |             -> '__main__'
    |         |     |            -> {'__name__': '__main__', '__doc__': None, '__package__': '', '__loader__': <_frozen_importlib_external.SourceFileLoader objec...
    |         |     -> {'__name__': '__main__', '__doc__': None, '__package__': '', '__loader__': None, '__spec__': None, '__file__': '/home/anthony...
    |         -> <code object <module> at 0x69a5a90, file "/home/anthony/Documents/OPEN-AIR/oaGuiManager/Managers/open_air_ui.py", line 1>
    -> <function _run_code at 0x7acf613171a0>

  File "/home/anthony/.vscode/extensions/ms-python.debugpy-2025.18.0-linux-x64/bundled/libs/debugpy/_vendored/pydevd/_pydevd_bundle/pydevd_runpy.py", line 118, in _run_code
    exec(code, run_globals)
         |     -> {'__name__': '__main__', '__doc__': None, '__package__': '', '__loader__': None, '__spec__': None, '__file__': '/home/anthony...
         -> <code object <module> at 0x69a5a90, file "/home/anthony/Documents/OPEN-AIR/oaGuiManager/Managers/open_air_ui.py", line 1>

  File "/home/anthony/Documents/OPEN-AIR/oaGuiManager/Managers/open_air_ui.py", line 83, in <module>
    main()
    -> <function main at 0x7acf60d63060>

  File "/home/anthony/Documents/OPEN-AIR/oaGuiManager/Managers/open_air_ui.py", line 72, in main
    root.mainloop()
    |    -> <function Misc.mainloop at 0x7acf601f36a0>
    -> <tkinter.Tk object .>

  File "/usr/lib/python3.12/tkinter/__init__.py", line 1504, in mainloop
    self.tk.mainloop(n)
    |    |  |        -> 0
    |    |  -> <method 'mainloop' of '_tkinter.tkapp' objects>
    |    -> <_tkinter.tkapp object at 0x7acf59757c30>
    -> <tkinter.Tk object .>
  File "/usr/lib/python3.12/tkinter/__init__.py", line 1967, in __call__
    return self.func(*args)
           |    |     -> ()
           |    -> <function Misc.after.<locals>.callit at 0x7acf015b4fe0>
           -> <tkinter.CallWrapper object at 0x7acf015a7680>
  File "/usr/lib/python3.12/tkinter/__init__.py", line 861, in callit
    func(*args)
    |     -> ()
    -> <bound method UniversalGuiLoader._construct_dynamic_gui of <oaGuiManager.Core.loader.gui_from_json.UniversalGuiLoader object ...

  File "/home/anthony/Documents/OPEN-AIR/oaGuiManager/Core/loader/gui_from_json.py", line 65, in _construct_dynamic_gui
    self._instantiate_builder()
    |    -> <function UniversalGuiLoader._instantiate_builder at 0x7acf203f5d00>
    -> <oaGuiManager.Core.loader.gui_from_json.UniversalGuiLoader object .!application.!panedwindow.!frame2.!panedwindow.!frame2.!no...

  File "/home/anthony/Documents/OPEN-AIR/oaGuiManager/Core/loader/gui_from_json.py", line 79, in _instantiate_builder
    self.dynamic_gui = DynamicGuiBuilder(
    |                  -> <class 'oaGuiBuilder.Workers.builder.DynamicGuiBuilder'>
    -> <oaGuiManager.Core.loader.gui_from_json.UniversalGuiLoader object .!application.!panedwindow.!frame2.!panedwindow.!frame2.!no...

  File "/home/anthony/Documents/OPEN-AIR/oaGuiBuilder/Workers/builder.py", line 201, in __init__
    self._load_and_build_from_file()
    |    -> <function GuiFileLoaderMixin._load_and_build_from_file at 0x7acf5837efc0>
    -> <oaGuiBuilder.Workers.builder.DynamicGuiBuilder object .!application.!panedwindow.!frame2.!panedwindow.!frame2.!notebook.!fra...

  File "/home/anthony/Documents/OPEN-AIR/oaGuiManager/FileReaders/gui_file_loader.py", line 59, in _load_and_build_from_file
    self._rebuild_gui()
    |    -> <function GuiRebuilderMixin._rebuild_gui at 0x7acf5837f7e0>
    -> <oaGuiBuilder.Workers.builder.DynamicGuiBuilder object .!application.!panedwindow.!frame2.!panedwindow.!frame2.!notebook.!fra...

  File "/home/anthony/Documents/OPEN-AIR/oaGuiBuild/Managers/gui_re.py", line 95, in _rebuild_gui
    self._create_dynamic_widgets(self.scroll_frame, self.config_data, on_complete=on_build_complete)
    |    |                       |    |             |    |                        -> <function GuiRebuilderMixin._rebuild_gui.<locals>.on_build_complete at 0x7acf015ee3e0>
    |    |                       |    |             |    -> {'background': {'type': 'layered_industrial', 'parameters': {'random_seed': 303, 'global_blur': 0.8, 'base_material': {'color...
    |    |                       |    |             -> <oaGuiBuilder.Workers.builder.DynamicGuiBuilder object .!application.!panedwindow.!frame2.!panedwindow.!frame2.!notebook.!fra...
    |    |                       |    -> <tkinter.Frame object .!application.!panedwindow.!frame2.!panedwindow.!frame2.!notebook.!frame6.!notebook.!frame10.!notebook....
    |    |                       -> <oaGuiBuilder.Workers.builder.DynamicGuiBuilder object .!application.!panedwindow.!frame2.!panedwindow.!frame2.!notebook.!fra...
    |    -> <function GuiBatchBuilderMixin._create_dynamic_widgets at 0x7acf581c4040>
    -> <oaGuiBuilder.Workers.builder.DynamicGuiBuilder object .!application.!panedwindow.!frame2.!panedwindow.!frame2.!notebook.!fra...

  File "/home/anthony/Documents/OPEN-AIR/oaGuiBuild/Managers/gui_batch.py", line 75, in _create_dynamic_widgets
    self._async_renderer.render(
    |    |               -> <function AsyncGridRenderer.render at 0x7acf5837fd80>
    |    -> <oaGuiBuild.Workers.async_grid_renderer.AsyncGridRenderer object at 0x7acf015a7ad0>
    -> <oaGuiBuilder.Workers.builder.DynamicGuiBuilder object .!application.!panedwindow.!frame2.!panedwindow.!frame2.!notebook.!fra...

  File "/home/anthony/Documents/OPEN-AIR/oaGuiBuild/Workers/async_grid_renderer.py", line 83, in render
    self._process_fields(parent_frame, all_fields, path_prefix, num_cols, on_complete, eff_bg, data, context)
    |    |               |             |           |            |         |            |       |     -> WidgetContext(state_mirror_engine=<oaTranslator.Core.state_mirror_engine.StateMirrorEngine object at 0x7acf611589e0>, subscri...
    |    |               |             |           |            |         |            |       -> {'background': {'type': 'layered_industrial', 'parameters': {'random_seed': 303, 'global_blur': 0.8, 'base_material': {'color...
    |    |               |             |           |            |         |            -> None
    |    |               |             |           |            |         -> <function GuiRebuilderMixin._rebuild_gui.<locals>.on_build_complete at 0x7acf015ee3e0>
    |    |               |             |           |            -> 1
    |    |               |             |           -> ''
    |    |               |             -> [('background', {'type': 'layered_industrial', 'parameters': {'random_seed': 303, 'global_blur': 0.8, 'base_material': {'colo...
    |    |               -> <tkinter.Frame object .!application.!panedwindow.!frame2.!panedwindow.!frame2.!notebook.!frame6.!notebook.!frame10.!notebook....
    |    -> <function AsyncGridRenderer._process_fields at 0x7acf5837ff60>
    -> <oaGuiBuild.Workers.async_grid_renderer.AsyncGridRenderer object at 0x7acf015a7ad0>

  File "/home/anthony/Documents/OPEN-AIR/oaGuiBuild/Workers/async_grid_renderer.py", line 145, in _process_fields
    self.render(inner, val, cur_path, on_complete=lambda: (state.update({"pending": state["pending"]-1}), _check_done()), parent_bg_pil=bg_pil, context=context)
    |    |      |      |    |                              |     |                  |                     |                             |               -> WidgetContext(state_mirror_engine=<oaTranslator.Core.state_mirror_engine.StateMirrorEngine object at 0x7acf611589e0>, subscri...
    |    |      |      |    |                              |     |                  |                     |                             -> None
    |    |      |      |    |                              |     |                  |                     -> <function AsyncGridRenderer._process_fields.<locals>._check_done at 0x7acf0159d6c0>
    |    |      |      |    |                              |     |                  -> {'pending': 1, 'loop_done': False, 'aborted': False}
    |    |      |      |    |                              |     -> <method 'update' of 'dict' objects>
    |    |      |      |    |                              -> {'pending': 1, 'loop_done': False, 'aborted': False}
    |    |      |      |    -> 'Zoo_Data_tree_view'
    |    |      |      -> {'type': 'OcaBin', 'id': '50.90.9.7.3', 'behavior': {'overflow_ns': 'auto', 'overflow_ew': 'auto', 'fluid_ew': True}, 'blocks...
    |    |      -> <tkinter.Frame object .!application.!panedwindow.!frame2.!panedwindow.!frame2.!notebook.!frame6.!notebook.!frame10.!notebook....
    |    -> <function AsyncGridRenderer.render at 0x7acf5837fd80>
    -> <oaGuiBuild.Workers.async_grid_renderer.AsyncGridRenderer object at 0x7acf015a7ad0>

  File "/home/anthony/Documents/OPEN-AIR/oaGuiBuild/Workers/async_grid_renderer.py", line 83, in render
    self._process_fields(parent_frame, all_fields, path_prefix, num_cols, on_complete, eff_bg, data, context)
    |    |               |             |           |            |         |            |       |     -> WidgetContext(state_mirror_engine=<oaTranslator.Core.state_mirror_engine.StateMirrorEngine object at 0x7acf611589e0>, subscri...
    |    |               |             |           |            |         |            |       -> {'type': 'OcaBin', 'id': '50.90.9.7.3', 'behavior': {'overflow_ns': 'auto', 'overflow_ew': 'auto', 'fluid_ew': True}, 'blocks...
    |    |               |             |           |            |         |            -> None
    |    |               |             |           |            |         -> <function AsyncGridRenderer._process_fields.<locals>.<lambda> at 0x7acf015b54e0>
    |    |               |             |           |            -> 1
    |    |               |             |           -> 'Zoo_Data_tree_view'
    |    |               |             -> [('JSON_Tree_Viewer_Demo', {'type': 'OcaBlock', 'description': 'Demonstration of the JSON Tree Viewer widget.', 'layout_colum...
    |    |               -> <tkinter.Frame object .!application.!panedwindow.!frame2.!panedwindow.!frame2.!notebook.!frame6.!notebook.!frame10.!notebook....
    |    -> <function AsyncGridRenderer._process_fields at 0x7acf5837ff60>
    -> <oaGuiBuild.Workers.async_grid_renderer.AsyncGridRenderer object at 0x7acf015a7ad0>

  File "/home/anthony/Documents/OPEN-AIR/oaGuiBuild/Workers/async_grid_renderer.py", line 138, in _process_fields
    self.render(target, val, cur_path, on_complete=lambda: (state.update({"pending": state["pending"]-1}), _check_done()), parent_bg_pil=bg_pil, context=context)
    |    |      |       |    |                              |     |                  |                     |                             |               -> WidgetContext(state_mirror_engine=<oaTranslator.Core.state_mirror_engine.StateMirrorEngine object at 0x7acf611589e0>, subscri...
    |    |      |       |    |                              |     |                  |                     |                             -> None
    |    |      |       |    |                              |     |                  |                     -> <function AsyncGridRenderer._process_fields.<locals>._check_done at 0x7acf015b4e00>
    |    |      |       |    |                              |     |                  -> {'pending': 1, 'loop_done': False, 'aborted': False}
    |    |      |       |    |                              |     -> <method 'update' of 'dict' objects>
    |    |      |       |    |                              -> {'pending': 1, 'loop_done': False, 'aborted': False}
    |    |      |       |    -> 'Zoo_Data_tree_view.blocks.JSON_Tree_Viewer_Demo'
    |    |      |       -> {'type': 'OcaBlock', 'description': 'Demonstration of the JSON Tree Viewer widget.', 'layout_columns': 1, 'fields': {'AES70_D...
    |    |      -> <tkinter.Canvas object .!application.!panedwindow.!frame2.!panedwindow.!frame2.!notebook.!frame6.!notebook.!frame10.!notebook...
    |    -> <function AsyncGridRenderer.render at 0x7acf5837fd80>
    -> <oaGuiBuild.Workers.async_grid_renderer.AsyncGridRenderer object at 0x7acf015a7ad0>

  File "/home/anthony/Documents/OPEN-AIR/oaGuiBuild/Workers/async_grid_renderer.py", line 83, in render
    self._process_fields(parent_frame, all_fields, path_prefix, num_cols, on_complete, eff_bg, data, context)
    |    |               |             |           |            |         |            |       |     -> WidgetContext(state_mirror_engine=<oaTranslator.Core.state_mirror_engine.StateMirrorEngine object at 0x7acf611589e0>, subscri...
    |    |               |             |           |            |         |            |       -> {'type': 'OcaBlock', 'description': 'Demonstration of the JSON Tree Viewer widget.', 'layout_columns': 1, 'fields': {'AES70_D...
    |    |               |             |           |            |         |            -> None
    |    |               |             |           |            |         -> <function AsyncGridRenderer._process_fields.<locals>.<lambda> at 0x7acf015b51c0>
    |    |               |             |           |            -> 1
    |    |               |             |           -> 'Zoo_Data_tree_view.blocks.JSON_Tree_Viewer_Demo'
    |    |               |             -> [('AES70_Dataset', {'type': '_JsonTree', 'label_active': 'AES70 Object Model (data_AES70.json)', 'json_source': 'display/righ...
    |    |               -> <tkinter.Canvas object .!application.!panedwindow.!frame2.!panedwindow.!frame2.!notebook.!frame6.!notebook.!frame10.!notebook...
    |    -> <function AsyncGridRenderer._process_fields at 0x7acf5837ff60>
    -> <oaGuiBuild.Workers.async_grid_renderer.AsyncGridRenderer object at 0x7acf015a7ad0>

  File "/home/anthony/Documents/OPEN-AIR/oaGuiBuild/Workers/async_grid_renderer.py", line 163, in _process_fields
    if deferred and not state["aborted"]: self.batch_engine.process(parent, deferred, 25, context, state, _check_done)
       |                |                 |    |            |       |       |             |        |      -> <function AsyncGridRenderer._process_fields.<locals>._check_done at 0x7acf015b4400>
       |                |                 |    |            |       |       |             |        -> {'pending': 1, 'loop_done': True, 'aborted': False}
       |                |                 |    |            |       |       |             -> WidgetContext(state_mirror_engine=<oaTranslator.Core.state_mirror_engine.StateMirrorEngine object at 0x7acf611589e0>, subscri...
       |                |                 |    |            |       |       -> [{'r': 0, 'c': 0, 'val': {'type': '_JsonTree', 'label_active': 'AES70 Object Model (data_AES70.json)', 'json_source': 'displa...
       |                |                 |    |            |       -> <tkinter.Canvas object .!application.!panedwindow.!frame2.!panedwindow.!frame2.!notebook.!frame6.!notebook.!frame10.!notebook...
       |                |                 |    |            -> <function BatchProcessingEngine.process at 0x7acf5837fec0>
       |                |                 |    -> <oaGuiBuild.Core.batch_processing_engine.BatchProcessingEngine object at 0x7acf015a6750>
       |                |                 -> <oaGuiBuild.Workers.async_grid_renderer.AsyncGridRenderer object at 0x7acf015a7ad0>
       |                -> {'pending': 1, 'loop_done': True, 'aborted': False}
       -> [{'r': 0, 'c': 0, 'val': {'type': '_JsonTree', 'label_active': 'AES70 Object Model (data_AES70.json)', 'json_source': 'displa...

> File "/home/anthony/Documents/OPEN-AIR/oaGuiBuild/Core/batch_processing_engine.py", line 23, in process
    widget = creator(parent_widget=parent, config_data=wd, context=context)
             |                     |                   |           -> WidgetContext(state_mirror_engine=<oaTranslator.Core.state_mirror_engine.StateMirrorEngine object at 0x7acf611589e0>, subscri...
             |                     |                   -> {'type': 'JsonTree', 'label_active': 'File Browser', 'allow_browse': True, 'allow_filter': True, 'active_text_color': '#1a1a1...
             |                     -> <tkinter.Canvas object .!application.!panedwindow.!frame2.!panedwindow.!frame2.!notebook.!frame6.!notebook.!frame10.!notebook...
             -> <function GuiWidgetFactoryMixin._lazy_wrap.<locals>.wrapper at 0x7acf43ae2d40>

  File "/home/anthony/Documents/OPEN-AIR/oaGuiManager/Core/factory/gui_widget_factory.py", line 45, in wrapper
    return method(self, parent_widget, config_data, context=context, **kwargs)
           |      |     |              |                    |          -> {}
           |      |     |              |                    -> WidgetContext(state_mirror_engine=<oaTranslator.Core.state_mirror_engine.StateMirrorEngine object at 0x7acf611589e0>, subscri...
           |      |     |              -> {'type': 'JsonTree', 'label_active': 'File Browser', 'allow_browse': True, 'allow_filter': True, 'active_text_color': '#1a1a1...
           |      |     -> <tkinter.Canvas object .!application.!panedwindow.!frame2.!panedwindow.!frame2.!notebook.!frame6.!notebook.!frame10.!notebook...
           |      -> <oaGuiBuilder.Workers.builder.DynamicGuiBuilder object .!application.!panedwindow.!frame.!panedwindow.!frame.!notebook.!frame...
           -> <function BuilderDataJsonTreeCreator.make_data_json_tree at 0x7acf40f81260>

  File "/home/anthony/Documents/OPEN-AIR/oaGuiElements/Core/utils/json_tree/json_tree.py", line 172, in make_data_json_tree
    TransparencyManager.apply_transparency(widget, None, config_data, builder_instance)
                                           |             |            -> <oaGuiBuilder.Workers.builder.DynamicGuiBuilder object .!application.!panedwindow.!frame2.!panedwindow.!frame2.!notebook.!fra...
                                           |             -> {'type': 'JsonTree', 'label_active': 'File Browser', 'allow_browse': True, 'allow_filter': True, 'active_text_color': '#1a1a1...
                                           -> <oaGuiElements.Core.utils.json_tree.json_tree.JsonTreeWidget object .!application.!panedwindow.!frame2.!panedwindow.!frame2.!...

NameError: name 'TransparencyManager' is not defined
003730.125 | ERROR    | UI   | SYSTEM     | oaGuiManager.FileReaders.module_loader | ❌ [IMPORT] Failed to load module /home/anthony/Documents/OPEN-AIR/oaGuiDefinitions/right_50/bottom_90/2_monitors/23_Showtime/Showtime.py: No module named 'oaFileImportCSV.from_csv_unknown'
003731.861 | WARNING  | UI   | SYSTEM     | OSC                  | 🅾️ OscDashboard: Could not find OSCManager. Monitor will be inactive.
003732.791 | ERROR    | UI   | SYSTEM     | oaGuiManager.FileReaders.module_loader | ❌ [IMPORT] Failed to load module /home/anthony/Documents/OPEN-AIR/oaGuiDefinitions/right_50/bottom_90/2_monitors/1588_PTP_Monitor/ptp_monitor.py: attempted relative import with no known parent package
