013300.386 | WARNING  | CORE | SYSTEM     | oaPTP.Core.ptp       | ⏱️ PTP Sniffer: [PERMISSION DENIED] Run as root/sudo for raw capture. Sniffer disabled.
013301.462 | WARNING  | UI   | SYSTEM     | oaGuiManager.Core.factory.Core.widget_discovery_engine | ⚠️ Registry class <class 'oaGuiElements.Core.buttons.button_toggle.button_toggle.BuilderButtonToggleCreator'> missing static 'make' method.
013304.478 | WARNING  | CORE | SYSTEM     | oaComVisa.Methods.visa_Search | FAILED (IDN Query Error)
013304.479 | WARNING  | CORE | SYSTEM     | oaComVisa.Methods.visa_Search | FAILED (IDN Query Error)
013314.725 | WARNING  | CORE | SYSTEM     | oaComVisa.Methods.visa_Search | FAILED (IDN Query Error)
013349.537 | ERROR    | UI   | SYSTEM     | oaGuiBuild.Core.batch_processing_engine | ❌ Unknown functional widget: 'OcaCollapsibleBlock' at fields.ch1.fields.Summing_Groups
013349.538 | ERROR    | UI   | SYSTEM     | oaGuiBuild.Core.batch_processing_engine | ❌ Unknown functional widget: 'OcaCollapsibleBlock' at fields.ch1.fields.aux_1_4
013349.538 | ERROR    | UI   | SYSTEM     | oaGuiBuild.Core.batch_processing_engine | ❌ Unknown functional widget: 'OcaCollapsibleBlock' at fields.ch1.fields.pan
013349.542 | ERROR    | UI   | SYSTEM     | oaGuiBuild.Core.batch_processing_engine | ❌ Unknown functional widget: 'OcaCollapsibleBlock' at fields.ch2.fields.Summing_Groups
013349.542 | ERROR    | UI   | SYSTEM     | oaGuiBuild.Core.batch_processing_engine | ❌ Unknown functional widget: 'OcaCollapsibleBlock' at fields.ch2.fields.aux_1_4
013349.542 | ERROR    | UI   | SYSTEM     | oaGuiBuild.Core.batch_processing_engine | ❌ Unknown functional widget: 'OcaCollapsibleBlock' at fields.ch2.fields.pan
013349.546 | ERROR    | UI   | SYSTEM     | oaGuiBuild.Core.batch_processing_engine | ❌ Unknown functional widget: 'OcaCollapsibleBlock' at fields.ch3.fields.Summing_Groups
013349.546 | ERROR    | UI   | SYSTEM     | oaGuiBuild.Core.batch_processing_engine | ❌ Unknown functional widget: 'OcaCollapsibleBlock' at fields.ch3.fields.aux_1_4
013349.546 | ERROR    | UI   | SYSTEM     | oaGuiBuild.Core.batch_processing_engine | ❌ Unknown functional widget: 'OcaCollapsibleBlock' at fields.ch3.fields.pan
013349.549 | ERROR    | UI   | SYSTEM     | oaGuiBuild.Core.batch_processing_engine | ❌ Unknown functional widget: 'OcaCollapsibleBlock' at fields.ch4.fields.Summing_Groups
013349.549 | ERROR    | UI   | SYSTEM     | oaGuiBuild.Core.batch_processing_engine | ❌ Unknown functional widget: 'OcaCollapsibleBlock' at fields.ch4.fields.aux_1_4
013349.549 | ERROR    | UI   | SYSTEM     | oaGuiBuild.Core.batch_processing_engine | ❌ Unknown functional widget: 'OcaCollapsibleBlock' at fields.ch4.fields.pan
013349.555 | ERROR    | UI   | SYSTEM     | oaGuiBuild.Core.batch_processing_engine | ❌ Unknown functional widget: 'OcaCollapsibleBlock' at fields.ch5.fields.Summing_Groups
013349.555 | ERROR    | UI   | SYSTEM     | oaGuiBuild.Core.batch_processing_engine | ❌ Unknown functional widget: 'OcaCollapsibleBlock' at fields.ch5.fields.aux_1_4
013349.555 | ERROR    | UI   | SYSTEM     | oaGuiBuild.Core.batch_processing_engine | ❌ Unknown functional widget: 'OcaCollapsibleBlock' at fields.ch5.fields.pan
013349.563 | ERROR    | UI   | SYSTEM     | oaGuiBuild.Core.batch_processing_engine | ❌ Unknown functional widget: 'OcaCollapsibleBlock' at fields.ch6.fields.Summing_Groups
013349.563 | ERROR    | UI   | SYSTEM     | oaGuiBuild.Core.batch_processing_engine | ❌ Unknown functional widget: 'OcaCollapsibleBlock' at fields.ch6.fields.aux_1_4
013349.563 | ERROR    | UI   | SYSTEM     | oaGuiBuild.Core.batch_processing_engine | ❌ Unknown functional widget: 'OcaCollapsibleBlock' at fields.ch6.fields.pan
013349.571 | ERROR    | UI   | SYSTEM     | oaGuiBuild.Core.batch_processing_engine | ❌ Unknown functional widget: 'OcaCollapsibleBlock' at fields.ch7.fields.Summing_Groups
013349.571 | ERROR    | UI   | SYSTEM     | oaGuiBuild.Core.batch_processing_engine | ❌ Unknown functional widget: 'OcaCollapsibleBlock' at fields.ch7.fields.aux_1_4
013349.571 | ERROR    | UI   | SYSTEM     | oaGuiBuild.Core.batch_processing_engine | ❌ Unknown functional widget: 'OcaCollapsibleBlock' at fields.ch7.fields.pan
013349.577 | ERROR    | UI   | SYSTEM     | oaGuiBuild.Core.batch_processing_engine | ❌ Unknown functional widget: 'OcaCollapsibleBlock' at fields.ch8.fields.Summing_Groups
013349.577 | ERROR    | UI   | SYSTEM     | oaGuiBuild.Core.batch_processing_engine | ❌ Unknown functional widget: 'OcaCollapsibleBlock' at fields.ch8.fields.aux_1_4
013349.577 | ERROR    | UI   | SYSTEM     | oaGuiBuild.Core.batch_processing_engine | ❌ Unknown functional widget: 'OcaCollapsibleBlock' at fields.ch8.fields.pan
013351.165 | ERROR    | UI   | SYSTEM     | oaGuiBuild.Core.batch_processing_engine | ❌ Unknown functional widget: 'OcaCollapsibleBlock' at fields.ch1.fields.Summing_Groups
013351.165 | ERROR    | UI   | SYSTEM     | oaGuiBuild.Core.batch_processing_engine | ❌ Unknown functional widget: 'OcaCollapsibleBlock' at fields.ch1.fields.aux_1_4
013351.165 | ERROR    | UI   | SYSTEM     | oaGuiBuild.Core.batch_processing_engine | ❌ Unknown functional widget: 'OcaCollapsibleBlock' at fields.ch1.fields.pan
013351.171 | ERROR    | UI   | SYSTEM     | oaGuiBuild.Core.batch_processing_engine | ❌ Unknown functional widget: 'OcaCollapsibleBlock' at fields.ch2.fields.Summing_Groups
013351.172 | ERROR    | UI   | SYSTEM     | oaGuiBuild.Core.batch_processing_engine | ❌ Unknown functional widget: 'OcaCollapsibleBlock' at fields.ch2.fields.aux_1_4
013351.172 | ERROR    | UI   | SYSTEM     | oaGuiBuild.Core.batch_processing_engine | ❌ Unknown functional widget: 'OcaCollapsibleBlock' at fields.ch2.fields.pan
013351.178 | ERROR    | UI   | SYSTEM     | oaGuiBuild.Core.batch_processing_engine | ❌ Unknown functional widget: 'OcaCollapsibleBlock' at fields.ch3.fields.Summing_Groups
013351.178 | ERROR    | UI   | SYSTEM     | oaGuiBuild.Core.batch_processing_engine | ❌ Unknown functional widget: 'OcaCollapsibleBlock' at fields.ch3.fields.aux_1_4
013351.179 | ERROR    | UI   | SYSTEM     | oaGuiBuild.Core.batch_processing_engine | ❌ Unknown functional widget: 'OcaCollapsibleBlock' at fields.ch3.fields.pan
013351.183 | ERROR    | UI   | SYSTEM     | oaGuiBuild.Core.batch_processing_engine | ❌ Unknown functional widget: 'OcaCollapsibleBlock' at fields.ch4.fields.Summing_Groups
013351.183 | ERROR    | UI   | SYSTEM     | oaGuiBuild.Core.batch_processing_engine | ❌ Unknown functional widget: 'OcaCollapsibleBlock' at fields.ch4.fields.aux_1_4
013351.183 | ERROR    | UI   | SYSTEM     | oaGuiBuild.Core.batch_processing_engine | ❌ Unknown functional widget: 'OcaCollapsibleBlock' at fields.ch4.fields.pan
013351.193 | ERROR    | UI   | SYSTEM     | oaGuiBuild.Core.batch_processing_engine | ❌ Unknown functional widget: 'OcaCollapsibleBlock' at fields.ch5.fields.Summing_Groups
013351.193 | ERROR    | UI   | SYSTEM     | oaGuiBuild.Core.batch_processing_engine | ❌ Unknown functional widget: 'OcaCollapsibleBlock' at fields.ch5.fields.aux_1_4
013351.193 | ERROR    | UI   | SYSTEM     | oaGuiBuild.Core.batch_processing_engine | ❌ Unknown functional widget: 'OcaCollapsibleBlock' at fields.ch5.fields.pan
013351.196 | ERROR    | UI   | SYSTEM     | oaGuiBuild.Core.batch_processing_engine | ❌ Unknown functional widget: 'OcaCollapsibleBlock' at fields.ch6.fields.Summing_Groups
013351.196 | ERROR    | UI   | SYSTEM     | oaGuiBuild.Core.batch_processing_engine | ❌ Unknown functional widget: 'OcaCollapsibleBlock' at fields.ch6.fields.aux_1_4
013351.196 | ERROR    | UI   | SYSTEM     | oaGuiBuild.Core.batch_processing_engine | ❌ Unknown functional widget: 'OcaCollapsibleBlock' at fields.ch6.fields.pan
013351.200 | ERROR    | UI   | SYSTEM     | oaGuiBuild.Core.batch_processing_engine | ❌ Unknown functional widget: 'OcaCollapsibleBlock' at fields.ch7.fields.Summing_Groups
013351.200 | ERROR    | UI   | SYSTEM     | oaGuiBuild.Core.batch_processing_engine | ❌ Unknown functional widget: 'OcaCollapsibleBlock' at fields.ch7.fields.aux_1_4
013351.200 | ERROR    | UI   | SYSTEM     | oaGuiBuild.Core.batch_processing_engine | ❌ Unknown functional widget: 'OcaCollapsibleBlock' at fields.ch7.fields.pan
013351.204 | ERROR    | UI   | SYSTEM     | oaGuiBuild.Core.batch_processing_engine | ❌ Unknown functional widget: 'OcaCollapsibleBlock' at fields.ch8.fields.Summing_Groups
013351.204 | ERROR    | UI   | SYSTEM     | oaGuiBuild.Core.batch_processing_engine | ❌ Unknown functional widget: 'OcaCollapsibleBlock' at fields.ch8.fields.aux_1_4
013351.204 | ERROR    | UI   | SYSTEM     | oaGuiBuild.Core.batch_processing_engine | ❌ Unknown functional widget: 'OcaCollapsibleBlock' at fields.ch8.fields.pan
013435.949 | ERROR    | UI   | SYSTEM     | oaGuiBuild.Core.batch_processing_engine | ❌ Unknown functional widget: 'OcaCollapsibleBlock' at fields.ch9.fields.Summing_Groups
013435.949 | ERROR    | UI   | SYSTEM     | oaGuiBuild.Core.batch_processing_engine | ❌ Unknown functional widget: 'OcaCollapsibleBlock' at fields.ch9.fields.aux_1_4
013435.949 | ERROR    | UI   | SYSTEM     | oaGuiBuild.Core.batch_processing_engine | ❌ Unknown functional widget: 'OcaCollapsibleBlock' at fields.ch9.fields.pan
013435.953 | ERROR    | UI   | SYSTEM     | oaGuiBuild.Core.batch_processing_engine | ❌ Unknown functional widget: 'OcaCollapsibleBlock' at fields.ch10.fields.Summing_Groups
013435.953 | ERROR    | UI   | SYSTEM     | oaGuiBuild.Core.batch_processing_engine | ❌ Unknown functional widget: 'OcaCollapsibleBlock' at fields.ch10.fields.aux_1_4
013435.953 | ERROR    | UI   | SYSTEM     | oaGuiBuild.Core.batch_processing_engine | ❌ Unknown functional widget: 'OcaCollapsibleBlock' at fields.ch10.fields.pan
013435.960 | ERROR    | UI   | SYSTEM     | oaGuiBuild.Core.batch_processing_engine | ❌ Unknown functional widget: 'OcaCollapsibleBlock' at fields.ch11.fields.Summing_Groups
013435.960 | ERROR    | UI   | SYSTEM     | oaGuiBuild.Core.batch_processing_engine | ❌ Unknown functional widget: 'OcaCollapsibleBlock' at fields.ch11.fields.aux_1_4
013435.960 | ERROR    | UI   | SYSTEM     | oaGuiBuild.Core.batch_processing_engine | ❌ Unknown functional widget: 'OcaCollapsibleBlock' at fields.ch11.fields.pan
013435.964 | ERROR    | UI   | SYSTEM     | oaGuiBuild.Core.batch_processing_engine | ❌ Unknown functional widget: 'OcaCollapsibleBlock' at fields.ch12.fields.Summing_Groups
013435.964 | ERROR    | UI   | SYSTEM     | oaGuiBuild.Core.batch_processing_engine | ❌ Unknown functional widget: 'OcaCollapsibleBlock' at fields.ch12.fields.aux_1_4
013435.964 | ERROR    | UI   | SYSTEM     | oaGuiBuild.Core.batch_processing_engine | ❌ Unknown functional widget: 'OcaCollapsibleBlock' at fields.ch12.fields.pan
013435.973 | ERROR    | UI   | SYSTEM     | oaGuiBuild.Core.batch_processing_engine | ❌ Unknown functional widget: 'OcaCollapsibleBlock' at fields.ch13.fields.Summing_Groups
013435.973 | ERROR    | UI   | SYSTEM     | oaGuiBuild.Core.batch_processing_engine | ❌ Unknown functional widget: 'OcaCollapsibleBlock' at fields.ch13.fields.aux_1_4
013435.973 | ERROR    | UI   | SYSTEM     | oaGuiBuild.Core.batch_processing_engine | ❌ Unknown functional widget: 'OcaCollapsibleBlock' at fields.ch13.fields.pan
013435.975 | ERROR    | UI   | SYSTEM     | oaGuiBuild.Core.batch_processing_engine | ❌ Unknown functional widget: 'OcaCollapsibleBlock' at fields.ch14.fields.Summing_Groups
013435.975 | ERROR    | UI   | SYSTEM     | oaGuiBuild.Core.batch_processing_engine | ❌ Unknown functional widget: 'OcaCollapsibleBlock' at fields.ch14.fields.aux_1_4
013435.975 | ERROR    | UI   | SYSTEM     | oaGuiBuild.Core.batch_processing_engine | ❌ Unknown functional widget: 'OcaCollapsibleBlock' at fields.ch14.fields.pan
013435.978 | ERROR    | UI   | SYSTEM     | oaGuiBuild.Core.batch_processing_engine | ❌ Unknown functional widget: 'OcaCollapsibleBlock' at fields.ch15.fields.Summing_Groups
013435.978 | ERROR    | UI   | SYSTEM     | oaGuiBuild.Core.batch_processing_engine | ❌ Unknown functional widget: 'OcaCollapsibleBlock' at fields.ch15.fields.aux_1_4
013435.978 | ERROR    | UI   | SYSTEM     | oaGuiBuild.Core.batch_processing_engine | ❌ Unknown functional widget: 'OcaCollapsibleBlock' at fields.ch15.fields.pan
013435.981 | ERROR    | UI   | SYSTEM     | oaGuiBuild.Core.batch_processing_engine | ❌ Unknown functional widget: 'OcaCollapsibleBlock' at fields.ch16.fields.Summing_Groups
013435.981 | ERROR    | UI   | SYSTEM     | oaGuiBuild.Core.batch_processing_engine | ❌ Unknown functional widget: 'OcaCollapsibleBlock' at fields.ch16.fields.aux_1_4
013435.981 | ERROR    | UI   | SYSTEM     | oaGuiBuild.Core.batch_processing_engine | ❌ Unknown functional widget: 'OcaCollapsibleBlock' at fields.ch16.fields.pan
013443.148 | ERROR    | UI   | SYSTEM     | oaGuiBuild.Core.batch_processing_engine | ❌ Unknown functional widget: 'OcaCollapsibleBlock' at fields.ch17.fields.Summing_Groups
013443.148 | ERROR    | UI   | SYSTEM     | oaGuiBuild.Core.batch_processing_engine | ❌ Unknown functional widget: 'OcaCollapsibleBlock' at fields.ch17.fields.aux_1_4
013443.148 | ERROR    | UI   | SYSTEM     | oaGuiBuild.Core.batch_processing_engine | ❌ Unknown functional widget: 'OcaCollapsibleBlock' at fields.ch17.fields.pan
013443.150 | ERROR    | UI   | SYSTEM     | oaGuiBuild.Core.batch_processing_engine | ❌ Unknown functional widget: 'OcaCollapsibleBlock' at fields.ch18.fields.Summing_Groups
013443.150 | ERROR    | UI   | SYSTEM     | oaGuiBuild.Core.batch_processing_engine | ❌ Unknown functional widget: 'OcaCollapsibleBlock' at fields.ch18.fields.aux_1_4
013443.150 | ERROR    | UI   | SYSTEM     | oaGuiBuild.Core.batch_processing_engine | ❌ Unknown functional widget: 'OcaCollapsibleBlock' at fields.ch18.fields.pan
013443.153 | ERROR    | UI   | SYSTEM     | oaGuiBuild.Core.batch_processing_engine | ❌ Unknown functional widget: 'OcaCollapsibleBlock' at fields.ch19.fields.Summing_Groups
013443.153 | ERROR    | UI   | SYSTEM     | oaGuiBuild.Core.batch_processing_engine | ❌ Unknown functional widget: 'OcaCollapsibleBlock' at fields.ch19.fields.aux_1_4
013443.153 | ERROR    | UI   | SYSTEM     | oaGuiBuild.Core.batch_processing_engine | ❌ Unknown functional widget: 'OcaCollapsibleBlock' at fields.ch19.fields.pan
013443.155 | ERROR    | UI   | SYSTEM     | oaGuiBuild.Core.batch_processing_engine | ❌ Unknown functional widget: 'OcaCollapsibleBlock' at fields.ch20.fields.Summing_Groups
013443.155 | ERROR    | UI   | SYSTEM     | oaGuiBuild.Core.batch_processing_engine | ❌ Unknown functional widget: 'OcaCollapsibleBlock' at fields.ch20.fields.aux_1_4
013443.155 | ERROR    | UI   | SYSTEM     | oaGuiBuild.Core.batch_processing_engine | ❌ Unknown functional widget: 'OcaCollapsibleBlock' at fields.ch20.fields.pan
013443.158 | ERROR    | UI   | SYSTEM     | oaGuiBuild.Core.batch_processing_engine | ❌ Unknown functional widget: 'OcaCollapsibleBlock' at fields.ch21.fields.Summing_Groups
013443.158 | ERROR    | UI   | SYSTEM     | oaGuiBuild.Core.batch_processing_engine | ❌ Unknown functional widget: 'OcaCollapsibleBlock' at fields.ch21.fields.aux_1_4
013443.158 | ERROR    | UI   | SYSTEM     | oaGuiBuild.Core.batch_processing_engine | ❌ Unknown functional widget: 'OcaCollapsibleBlock' at fields.ch21.fields.pan
013443.160 | ERROR    | UI   | SYSTEM     | oaGuiBuild.Core.batch_processing_engine | ❌ Unknown functional widget: 'OcaCollapsibleBlock' at fields.ch22.fields.Summing_Groups
013443.160 | ERROR    | UI   | SYSTEM     | oaGuiBuild.Core.batch_processing_engine | ❌ Unknown functional widget: 'OcaCollapsibleBlock' at fields.ch22.fields.aux_1_4
013443.160 | ERROR    | UI   | SYSTEM     | oaGuiBuild.Core.batch_processing_engine | ❌ Unknown functional widget: 'OcaCollapsibleBlock' at fields.ch22.fields.pan
013443.163 | ERROR    | UI   | SYSTEM     | oaGuiBuild.Core.batch_processing_engine | ❌ Unknown functional widget: 'OcaCollapsibleBlock' at fields.ch23.fields.Summing_Groups
013443.163 | ERROR    | UI   | SYSTEM     | oaGuiBuild.Core.batch_processing_engine | ❌ Unknown functional widget: 'OcaCollapsibleBlock' at fields.ch23.fields.aux_1_4
013443.163 | ERROR    | UI   | SYSTEM     | oaGuiBuild.Core.batch_processing_engine | ❌ Unknown functional widget: 'OcaCollapsibleBlock' at fields.ch23.fields.pan
013443.169 | ERROR    | UI   | SYSTEM     | oaGuiBuild.Core.batch_processing_engine | ❌ Unknown functional widget: 'OcaCollapsibleBlock' at fields.ch24.fields.Summing_Groups
013443.169 | ERROR    | UI   | SYSTEM     | oaGuiBuild.Core.batch_processing_engine | ❌ Unknown functional widget: 'OcaCollapsibleBlock' at fields.ch24.fields.aux_1_4
013443.169 | ERROR    | UI   | SYSTEM     | oaGuiBuild.Core.batch_processing_engine | ❌ Unknown functional widget: 'OcaCollapsibleBlock' at fields.ch24.fields.pan
013458.976 | ERROR    | UI   | SYSTEM     | oaGuiManager.Core.ui_window | 🖥️🎨 [UI] CRITICAL: Tkinter Exception:
Traceback (most recent call last):
  File "/usr/lib/python3.12/tkinter/__init__.py", line 1967, in __call__
    return self.func(*args)
           ^^^^^^^^^^^^^^^^
  File "/home/anthony/Documents/OPEN-AIR/oaGuiDefinitions/right_50/bottom_90/3_Command_Router/command_router.py", line 255, in create_direct_splink
    src_val = self._get_val_from_utp(self._src_utp) if self._src_utp else None
              ^^^^^^^^^^^^^^^^^^^^^^^^^^^^^^^^^^^^^
  File "/home/anthony/Documents/OPEN-AIR/oaGuiDefinitions/right_50/bottom_90/3_Command_Router/command_router.py", line 280, in _get_val_from_utp
    with self.router._firehose_lock:
         ^^^^^^^^^^^^^^^^^^^^^^^^^^
AttributeError: 'ProtocolRouter' object has no attribute '_firehose_lock'

013542.679 | WARNING  | UI   | SYSTEM     | oaComSNMP.Managers.snmp_manager | 🌐 SNMP Bridge Offline.
