061846.170 | ERROR    | UI   | SYSTEM     | oaComMQTT.Workers.mqtt_async_worker | 🚀🚫🛑 [MQTT] Worker failure: can't register atexit after shutdown
061846.200 | ERROR    | UI   | SYSTEM     | oaGuiManager.Core.bootstrap_sequence | 🖥️🎨 [UI] Bootstrap Failure:Traceback (most recent call last):
  File "/home/anthony/Documents/OPEN-AIR/oaGuiManager/Core/bootstrap_sequence.py", line 96, in run
    protocol_router.start()
  File "/home/anthony/Documents/OPEN-AIR/oaComBroker/Core/protocol_router/router.py", line 98, in start
    self._executor = concurrent.futures.ThreadPoolExecutor(
                     ^^^^^^^^^^^^^^^^^^^^^^^^^^^^^^^^^^^^^
  File "/usr/lib/python3.12/concurrent/futures/__init__.py", line 49, in __getattr__
    from .thread import ThreadPoolExecutor as te
  File "/usr/lib/python3.12/concurrent/futures/thread.py", line 37, in <module>
    threading._register_atexit(_python_exit)
  File "/usr/lib/python3.12/threading.py", line 1559, in _register_atexit
    raise RuntimeError("can't register atexit after shutdown")
RuntimeError: can't register atexit after shutdown

Traceback (most recent call last):

  File "/home/anthony/.vscode/extensions/ms-python.debugpy-2025.18.0-linux-x64/bundled/libs/debugpy/_vendored/pydevd/_pydev_bundle/pydev_monkey.py", line 1134, in __call__
    ret = self.original_func(*self.args, **self.kwargs)
          |    |              |    |       |    -> {}
          |    |              |    |       -> <_pydev_bundle.pydev_monkey._NewThreadStartupWithTrace object at 0x7fbb9c2d4a40>
          |    |              |    -> ()
          |    |              -> <_pydev_bundle.pydev_monkey._NewThreadStartupWithTrace object at 0x7fbb9c2d4a40>
          |    -> <bound method Thread._bootstrap of <Thread(Thread-6 (run), started daemon 140443350202048)>>
          -> <_pydev_bundle.pydev_monkey._NewThreadStartupWithTrace object at 0x7fbb9c2d4a40>

  File "/usr/lib/python3.12/threading.py", line 1030, in _bootstrap
    self._bootstrap_inner()
    |    -> <function Thread._bootstrap_inner at 0x7fbba1c23d80>
    -> <Thread(Thread-6 (run), started daemon 140443350202048)>
  File "/usr/lib/python3.12/threading.py", line 1073, in _bootstrap_inner
    self.run()
    |    -> <function Thread.run at 0x7fbba1c23a60>
    -> <Thread(Thread-6 (run), started daemon 140443350202048)>
  File "/usr/lib/python3.12/threading.py", line 1010, in run
    self._target(*self._args, **self._kwargs)
    |    |        |    |        |    -> {}
    |    |        |    |        -> <Thread(Thread-6 (run), started daemon 140443350202048)>
    |    |        |    -> ()
    |    |        -> <Thread(Thread-6 (run), started daemon 140443350202048)>
    |    -> <bound method AsyncBootstrapEngine.run of <oaGuiManager.Core.bootstrap_sequence.AsyncBootstrapEngine object at 0x7fbb9d403ef0>>
    -> <Thread(Thread-6 (run), started daemon 140443350202048)>

> File "/home/anthony/Documents/OPEN-AIR/oaGuiManager/Core/bootstrap_sequence.py", line 96, in run
    protocol_router.start()
    |               -> <function ProtocolRouter.start at 0x7fbb9d44a980>
    -> <oaComBroker.Core.protocol_router.router.ProtocolRouter object at 0x7fbb9d47d220>

  File "/home/anthony/Documents/OPEN-AIR/oaComBroker/Core/protocol_router/router.py", line 98, in start
    self._executor = concurrent.futures.ThreadPoolExecutor(
    |    |           |          -> <module 'concurrent.futures' from '/usr/lib/python3.12/concurrent/futures/__init__.py'>
    |    |           -> <module 'concurrent' from '/usr/lib/python3.12/concurrent/__init__.py'>
    |    -> None
    -> <oaComBroker.Core.protocol_router.router.ProtocolRouter object at 0x7fbb9d47d220>

  File "/usr/lib/python3.12/concurrent/futures/__init__.py", line 49, in __getattr__
    from .thread import ThreadPoolExecutor as te
  File "/usr/lib/python3.12/concurrent/futures/thread.py", line 37, in <module>
    threading._register_atexit(_python_exit)
    |         |                -> <function _python_exit at 0x7fbb9d3c71a0>
    |         -> <function _register_atexit at 0x7fbba1c01120>
    -> <module 'threading' from '/usr/lib/python3.12/threading.py'>
  File "/usr/lib/python3.12/threading.py", line 1559, in _register_atexit
    raise RuntimeError("can't register atexit after shutdown")

RuntimeError: can't register atexit after shutdown
