100329.157 | ERROR    | 🎨 UI      | SYSTEM             | oaGuiManager.Core.bootstrap_sequence | 🖥️🎨 [UI] Bootstrap Failure:Traceback (most recent call last):
  File "/home/anthony/Documents/OPEN-AIR/oaGuiManager/Core/bootstrap_sequence.py", line 32, in run
    self._connect_communication_services(
  File "/home/anthony/Documents/OPEN-AIR/oaGuiManager/Core/bootstrap_sequence.py", line 64, in _connect_communication_services
    self.splash.set_status(message="Connecting to Broker...")
  File "/home/anthony/Documents/OPEN-AIR/oaGuiSplashScreen/Methods/splash_screen.py", line 56, in set_status
    if self.debug_enabled: logger.debug(f"🔬 SPLASH: {message}")
                           ^^^^^^
UnboundLocalError: cannot access local variable 'logger' where it is not associated with a value

Traceback (most recent call last):

  File "/home/anthony/.vscode/extensions/ms-python.debugpy-2025.18.0-linux-x64/bundled/libs/debugpy/_vendored/pydevd/_pydev_bundle/pydev_monkey.py", line 1134, in __call__
    ret = self.original_func(*self.args, **self.kwargs)
          |    |              |    |       |    -> {}
          |    |              |    |       -> <_pydev_bundle.pydev_monkey._NewThreadStartupWithTrace object at 0x7510318fa540>
          |    |              |    -> ()
          |    |              -> <_pydev_bundle.pydev_monkey._NewThreadStartupWithTrace object at 0x7510318fa540>
          |    -> <bound method Thread._bootstrap of <Thread(Thread-8 (run), started daemon 128712032900800)>>
          -> <_pydev_bundle.pydev_monkey._NewThreadStartupWithTrace object at 0x7510318fa540>

  File "/usr/lib/python3.12/threading.py", line 1030, in _bootstrap
    self._bootstrap_inner()
    |    -> <function Thread._bootstrap_inner at 0x75103a04bd80>
    -> <Thread(Thread-8 (run), started daemon 128712032900800)>
  File "/usr/lib/python3.12/threading.py", line 1073, in _bootstrap_inner
    self.run()
    |    -> <function Thread.run at 0x75103a04ba60>
    -> <Thread(Thread-8 (run), started daemon 128712032900800)>
  File "/usr/lib/python3.12/threading.py", line 1010, in run
    self._target(*self._args, **self._kwargs)
    |    |        |    |        |    -> {}
    |    |        |    |        -> <Thread(Thread-8 (run), started daemon 128712032900800)>
    |    |        |    -> ()
    |    |        -> <Thread(Thread-8 (run), started daemon 128712032900800)>
    |    -> <bound method AsyncBootstrapEngine.run of <oaGuiManager.Core.bootstrap_sequence.AsyncBootstrapEngine object at 0x751038577950>>
    -> <Thread(Thread-8 (run), started daemon 128712032900800)>

> File "/home/anthony/Documents/OPEN-AIR/oaGuiManager/Core/bootstrap_sequence.py", line 32, in run
    self._connect_communication_services(
    |    -> <function AsyncBootstrapEngine._connect_communication_services at 0x7510322b54e0>
    -> <oaGuiManager.Core.bootstrap_sequence.AsyncBootstrapEngine object at 0x751038577950>

  File "/home/anthony/Documents/OPEN-AIR/oaGuiManager/Core/bootstrap_sequence.py", line 64, in _connect_communication_services
    self.splash.set_status(message="Connecting to Broker...")
    |    |      -> <function SplashScreen.set_status at 0x751038397e20>
    |    -> <oaGuiSplashScreen.Methods.splash_screen.SplashScreen object at 0x751039d05970>
    -> <oaGuiManager.Core.bootstrap_sequence.AsyncBootstrapEngine object at 0x751038577950>

  File "/home/anthony/Documents/OPEN-AIR/oaGuiSplashScreen/Methods/splash_screen.py", line 56, in set_status
    if self.debug_enabled: logger.debug(f"🔬 SPLASH: {message}")
       |    |              |      |                  -> 'Connecting to Broker...'
       |    |              |      -> <function Logger.debug at 0x75103847de40>
       |    |              -> <loguru.logger handlers=[(id=1, level=5, sink=<stderr>), (id=2, level=5, sink=<oaLogging.Core.logger.BatchLogSink object at 0...
       |    -> True
       -> <oaGuiSplashScreen.Methods.splash_screen.SplashScreen object at 0x751039d05970>

UnboundLocalError: cannot access local variable 'logger' where it is not associated with a value
100329.170 | WARNING  | 🎨 UI      | ❓ OSC              | oaComOSC.Managers.osc_manager | Bridge Offline.
100329.171 | WARNING  | 🎨 UI      | ❓ SNMP             | oaComSNMP.Managers.snmp_manager | SNMP Bridge Offline.
100327.971 | WARNING  | ❓ SUP     | SYSTEM             | oaTests.Core.FlameGraph.flame_capture | FlameGraph: Profiler enable failed, running thread without profiling: Another profiling tool is already active
100327.971 | WARNING  | ❓ SUP     | SYSTEM             | oaTests.Core.FlameGraph.flame_capture | FlameGraph: Profiler enable failed, running thread without profiling: Another profiling tool is already active
