062442.878 | ERROR    | UI   | SYSTEM     | oaGuiManager.Core.bootstrap_sequence | 🖥️🎨 [UI] App Launch Failure:Traceback (most recent call last):
  File "/home/anthony/Documents/OPEN-AIR/oaGuiManager/Core/bootstrap_sequence.py", line 86, in _launch_app
    from oaGuiBuildShell.Entry import Application
  File "/home/anthony/Documents/OPEN-AIR/oaGuiBuildShell/Entry.py", line 5, in <module>
    from .Managers.gui_display import Application
  File "/home/anthony/Documents/OPEN-AIR/oaGuiBuildShell/Managers/gui_display.py", line 24, in <module>
    from oaGuiManager.FileReaders.module_loader import ModuleLoader
  File "/home/anthony/Documents/OPEN-AIR/oaGuiManager/FileReaders/module_loader.py", line 28, in <module>
    from oaGuiManager.Core.loader.gui_from_json import UniversalGuiLoader
  File "/home/anthony/Documents/OPEN-AIR/oaGuiManager/Core/loader/gui_from_json.py", line 12, in <module>
    from oaGuiBuilder.Workers.builder import DynamicGuiBuilder
  File "/home/anthony/Documents/OPEN-AIR/oaGuiBuilder/Workers/builder.py", line 29, in <module>
    from oaGuiBuild.Managers.gui_mqtt import GuiMqttManagerMixin
ModuleNotFoundError: No module named 'oaGuiBuild'

Traceback (most recent call last):

  File "/home/anthony/.vscode/extensions/ms-python.debugpy-2025.18.0-linux-x64/bundled/libs/debugpy/_vendored/pydevd/pydevd.py", line 3729, in <module>
    main()
    -> <function main at 0x79f7f0967060>

  File "/home/anthony/.vscode/extensions/ms-python.debugpy-2025.18.0-linux-x64/bundled/libs/debugpy/_vendored/pydevd/pydevd.py", line 3714, in main
    globals = debugger.run(setup["file"], None, None, is_module)
              |        |   |                          -> False
              |        |   -> {'port': 53993, 'ppid': 613139, 'vm_type': None, 'client': '127.0.0.1', 'access-token': None, 'client-access-token': 'ed139fd...
              |        -> <function PyDB.run at 0x79f7f0964fe0>
              -> <__main__.PyDB object at 0x79f7f19d9ca0>

  File "/home/anthony/.vscode/extensions/ms-python.debugpy-2025.18.0-linux-x64/bundled/libs/debugpy/_vendored/pydevd/pydevd.py", line 2698, in run
    return self._exec(is_module, entry_point_fn, module_name, file, globals, locals)
           |    |     |          |               |            |     |        -> {'__name__': '__main__', '__doc__': None, '__package__': '', '__loader__': <_frozen_importlib_external.SourceFileLoader objec...
           |    |     |          |               |            |     -> {'__name__': '__main__', '__doc__': None, '__package__': '', '__loader__': <_frozen_importlib_external.SourceFileLoader objec...
           |    |     |          |               |            -> '/home/anthony/Documents/OPEN-AIR/oaGuiManager/Managers/open_air_ui.py'
           |    |     |          |               -> None
           |    |     |          -> ''
           |    |     -> False
           |    -> <function PyDB._exec at 0x79f7f0965080>
           -> <__main__.PyDB object at 0x79f7f19d9ca0>

  File "/home/anthony/.vscode/extensions/ms-python.debugpy-2025.18.0-linux-x64/bundled/libs/debugpy/_vendored/pydevd/pydevd.py", line 2706, in _exec
    globals = pydevd_runpy.run_path(file, globals, "__main__")
              |            |        |     -> {'__name__': '__main__', '__doc__': None, '__package__': '', '__loader__': <_frozen_importlib_external.SourceFileLoader objec...
              |            |        -> '/home/anthony/Documents/OPEN-AIR/oaGuiManager/Managers/open_air_ui.py'
              |            -> <function run_path at 0x79f7f0f639c0>
              -> <module '_pydevd_bundle.pydevd_runpy' from '/home/anthony/.vscode/extensions/ms-python.debugpy-2025.18.0-linux-x64/bundled/li...

  File "/home/anthony/.vscode/extensions/ms-python.debugpy-2025.18.0-linux-x64/bundled/libs/debugpy/_vendored/pydevd/_pydevd_bundle/pydevd_runpy.py", line 310, in run_path
    return _run_module_code(code, init_globals, run_name, pkg_name=pkg_name, script_name=fname)
           |                |     |             |                  |                     -> '/home/anthony/Documents/OPEN-AIR/oaGuiManager/Managers/open_air_ui.py'
           |                |     |             |                  -> ''
           |                |     |             -> '__main__'
           |                |     -> {'__name__': '__main__', '__doc__': None, '__package__': '', '__loader__': <_frozen_importlib_external.SourceFileLoader objec...
           |                -> <code object <module> at 0x1de532f0, file "/home/anthony/Documents/OPEN-AIR/oaGuiManager/Managers/open_air_ui.py", line 1>
           -> <function _run_module_code at 0x79f7f0f63600>

  File "/home/anthony/.vscode/extensions/ms-python.debugpy-2025.18.0-linux-x64/bundled/libs/debugpy/_vendored/pydevd/_pydevd_bundle/pydevd_runpy.py", line 127, in _run_module_code
    _run_code(code, mod_globals, init_globals, mod_name, mod_spec, pkg_name, script_name)
    |         |     |            |             |         |         |         -> '/home/anthony/Documents/OPEN-AIR/oaGuiManager/Managers/open_air_ui.py'
    |         |     |            |             |         |         -> ''
    |         |     |            |             |         -> None
    |         |     |            |             -> '__main__'
    |         |     |            -> {'__name__': '__main__', '__doc__': None, '__package__': '', '__loader__': <_frozen_importlib_external.SourceFileLoader objec...
    |         |     -> {'__name__': '__main__', '__doc__': None, '__package__': '', '__loader__': None, '__spec__': None, '__file__': '/home/anthony...
    |         -> <code object <module> at 0x1de532f0, file "/home/anthony/Documents/OPEN-AIR/oaGuiManager/Managers/open_air_ui.py", line 1>
    -> <function _run_code at 0x79f7f0f631a0>

  File "/home/anthony/.vscode/extensions/ms-python.debugpy-2025.18.0-linux-x64/bundled/libs/debugpy/_vendored/pydevd/_pydevd_bundle/pydevd_runpy.py", line 118, in _run_code
    exec(code, run_globals)
         |     -> {'__name__': '__main__', '__doc__': None, '__package__': '', '__loader__': None, '__spec__': None, '__file__': '/home/anthony...
         -> <code object <module> at 0x1de532f0, file "/home/anthony/Documents/OPEN-AIR/oaGuiManager/Managers/open_air_ui.py", line 1>

  File "/home/anthony/Documents/OPEN-AIR/oaGuiManager/Managers/open_air_ui.py", line 83, in <module>
    main()
    -> <function main at 0x79f7f09cf060>

  File "/home/anthony/Documents/OPEN-AIR/oaGuiManager/Managers/open_air_ui.py", line 72, in main
    root.mainloop()
    |    -> <function Misc.mainloop at 0x79f7ee66b6a0>
    -> <tkinter.Tk object .>

  File "/usr/lib/python3.12/tkinter/__init__.py", line 1504, in mainloop
    self.tk.mainloop(n)
    |    |  |        -> 0
    |    |  -> <method 'mainloop' of '_tkinter.tkapp' objects>
    |    -> <_tkinter.tkapp object at 0x79f7ed3a7cb0>
    -> <tkinter.Tk object .>
  File "/usr/lib/python3.12/tkinter/__init__.py", line 1967, in __call__
    return self.func(*args)
           |    |     -> ()
           |    -> <function Misc.after.<locals>.callit at 0x79f7ed21e520>
           -> <tkinter.CallWrapper object at 0x79f7ed25f710>
  File "/usr/lib/python3.12/tkinter/__init__.py", line 861, in callit
    func(*args)
    |     -> ()
    -> <function AsyncBootstrapEngine.run.<locals>.<lambda> at 0x79f7ed21e8e0>

  File "/home/anthony/Documents/OPEN-AIR/oaGuiManager/Core/bootstrap_sequence.py", line 77, in <lambda>
    self.root.after(1, lambda: self._launch_app(mqtt_conn, sub_router, mirror_engine, state_cache))
    |    |    |                |    |           |          |           |              -> <oaStateCache.Core.state_cache.StateRegistry object at 0x79f7ed228fe0>
    |    |    |                |    |           |          |           -> <oaTranslator.Core.state_mirror_engine.StateMirrorEngine object at 0x79f7ed229a00>
    |    |    |                |    |           |          -> <oaComMQTT.Managers.mqtt_subscriber_router.MqttSubscriberRouter object at 0x79f7ee7885f0>
    |    |    |                |    |           -> <oaComMQTT.Managers.mqtt_connection.MqttConnectionManager object at 0x79f7ed228ad0>
    |    |    |                |    -> <function AsyncBootstrapEngine._launch_app at 0x79f7ed3fe7a0>
    |    |    |                -> <oaGuiManager.Core.bootstrap_sequence.AsyncBootstrapEngine object at 0x79f7ee65d7c0>
    |    |    -> <function Misc.after at 0x79f7ee668040>
    |    -> <tkinter.Tk object .>
    -> <oaGuiManager.Core.bootstrap_sequence.AsyncBootstrapEngine object at 0x79f7ee65d7c0>

> File "/home/anthony/Documents/OPEN-AIR/oaGuiManager/Core/bootstrap_sequence.py", line 86, in _launch_app
    from oaGuiBuildShell.Entry import Application

  File "/home/anthony/Documents/OPEN-AIR/oaGuiBuildShell/Entry.py", line 5, in <module>
    from .Managers.gui_display import Application

  File "/home/anthony/Documents/OPEN-AIR/oaGuiBuildShell/Managers/gui_display.py", line 24, in <module>
    from oaGuiManager.FileReaders.module_loader import ModuleLoader

  File "/home/anthony/Documents/OPEN-AIR/oaGuiManager/FileReaders/module_loader.py", line 28, in <module>
    from oaGuiManager.Core.loader.gui_from_json import UniversalGuiLoader

  File "/home/anthony/Documents/OPEN-AIR/oaGuiManager/Core/loader/gui_from_json.py", line 12, in <module>
    from oaGuiBuilder.Workers.builder import DynamicGuiBuilder

  File "/home/anthony/Documents/OPEN-AIR/oaGuiBuilder/Workers/builder.py", line 29, in <module>
    from oaGuiBuild.Managers.gui_mqtt import GuiMqttManagerMixin

ModuleNotFoundError: No module named 'oaGuiBuild'
062442.881 | WARNING  | UI   | SYSTEM     | oaComSNMP.Managers.snmp_manager | 🌐 SNMP Bridge Offline.
062442.918 | ERROR    | UI   | ROUTER     | oaOchestration.Managers.protocol_guard | MQTT🚫🛑 [ERROR] Dispatch Failure: Event loop is closed
