232218.909 | WARNING  | ❓ SUP     | SYSTEM             | oaTests.Methods.FlameGraph.flame_capture | FlameGraph: Profiler enable failed, running thread without profiling: Another profiling tool is already active
232218.909 | WARNING  | ❓ SUP     | SYSTEM             | oaTests.Methods.FlameGraph.flame_capture | FlameGraph: Profiler enable failed, running thread without profiling: Another profiling tool is already active
232219.649 | ERROR    | 🎨 UI      | SYSTEM             | oaGuiManager.Core.factory.Core.widget_discovery_engine | ❌ Failed to instantiate widget of type <class 'oaGuiElements.Core.graphing.graphing.plot_widget_adapter.BuilderGraphingCreator'> at scan.blocks.multi_dataset_graph: 'WidgetContext' object has no attribute 'get'
Traceback (most recent call last):

  File "/home/anthony/Documents/OPEN-AIR/oaGuiManager/Managers/open_air_ui.py", line 81, in <module>
    main()
    -> <function main at 0x70d13576dee0>

  File "/home/anthony/Documents/OPEN-AIR/oaGuiManager/Managers/open_air_ui.py", line 70, in main
    root.mainloop()
    |    -> <function Misc.mainloop at 0x70d134af6b60>
    -> <tkinter.Tk object .>

  File "/usr/lib/python3.12/tkinter/__init__.py", line 1504, in mainloop
    self.tk.mainloop(n)
    |    |  |        -> 0
    |    |  -> <method 'mainloop' of '_tkinter.tkapp' objects>
    |    -> <_tkinter.tkapp object at 0x70d1335501b0>
    -> <tkinter.Tk object .>
  File "/usr/lib/python3.12/tkinter/__init__.py", line 1967, in __call__
    return self.func(*args)
           |    |     -> ()
           |    -> <function Misc.after.<locals>.callit at 0x70d0f4d0ea20>
           -> <tkinter.CallWrapper object at 0x70d0f4d1e900>
  File "/usr/lib/python3.12/tkinter/__init__.py", line 861, in callit
    func(*args)
    |     -> ()
    -> <function DirectoryBuilderMixin._process_default_directory_items.<locals>._process_items.<locals>.<lambda> at 0x70d0f4d0e8e0>

  File "/home/anthony/Documents/OPEN-AIR/oaGuiBuildShell/Core/directory.py", line 201, in <lambda>
    self.after(1, lambda: _process_items(dir_idx, file_idx + 1))
                          |              |        -> 0
                          |              -> 12
                          -> <function DirectoryBuilderMixin._process_default_directory_items.<locals>._process_items at 0x70d13355ec00>

  File "/home/anthony/Documents/OPEN-AIR/oaGuiBuildShell/Core/directory.py", line 192, in _process_items
    if hasattr(self, 'root') and self.root: self.root.update()
               |                 |    |     |    |    -> <function Misc.update at 0x70d134af6480>
               |                 |    |     |    -> <tkinter.Tk object .>
               |                 |    |     -> <oaGuiBuildShell.Managers.gui_display.Application object .!application>
               |                 |    -> <tkinter.Tk object .>
               |                 -> <oaGuiBuildShell.Managers.gui_display.Application object .!application>
               -> <oaGuiBuildShell.Managers.gui_display.Application object .!application>

  File "/usr/lib/python3.12/tkinter/__init__.py", line 1372, in update
    self.tk.call('update')
    |    |  -> <method 'call' of '_tkinter.tkapp' objects>
    |    -> <_tkinter.tkapp object at 0x70d1335501b0>
    -> <tkinter.Tk object .>
  File "/usr/lib/python3.12/tkinter/__init__.py", line 1967, in __call__
    return self.func(*args)
           |    |     -> ()
           |    -> <function Misc.after.<locals>.callit at 0x70d0f4ea2ac0>
           -> <tkinter.CallWrapper object at 0x70d0f4d1c980>
  File "/usr/lib/python3.12/tkinter/__init__.py", line 861, in callit
    func(*args)
    |     -> ()
    -> <bound method UniversalGuiLoader._construct_dynamic_gui of <oaGuiManager.Core.loader.gui_from_json.UniversalGuiLoader object ...

  File "/home/anthony/Documents/OPEN-AIR/oaGuiManager/Core/loader/gui_from_json.py", line 65, in _construct_dynamic_gui
    self._instantiate_builder()
    |    -> <function UniversalGuiLoader._instantiate_builder at 0x70d0f620efc0>
    -> <oaGuiManager.Core.loader.gui_from_json.UniversalGuiLoader object .!application.!panedwindow.!frame2.!panedwindow.!frame2.!no...

  File "/home/anthony/Documents/OPEN-AIR/oaGuiManager/Core/loader/gui_from_json.py", line 79, in _instantiate_builder
    self.dynamic_gui = DynamicGuiBuilder(
    |                  -> <class 'oaGuiBuilder.Workers.builder.DynamicGuiBuilder'>
    -> <oaGuiManager.Core.loader.gui_from_json.UniversalGuiLoader object .!application.!panedwindow.!frame2.!panedwindow.!frame2.!no...

  File "/home/anthony/Documents/OPEN-AIR/oaGuiBuilder/Workers/builder.py", line 198, in __init__
    self._load_and_build_from_file()
    |    -> <function GuiFileLoaderMixin._load_and_build_from_file at 0x70d1335c0400>
    -> <oaGuiBuilder.Workers.builder.DynamicGuiBuilder object .!application.!panedwindow.!frame2.!panedwindow.!frame2.!notebook.!fra...

  File "/home/anthony/Documents/OPEN-AIR/oaGuiManager/FileReaders/gui_file_loader.py", line 54, in _load_and_build_from_file
    self._rebuild_gui()
    |    -> <function GuiRebuilderMixin._rebuild_gui at 0x70d1335c13a0>
    -> <oaGuiBuilder.Workers.builder.DynamicGuiBuilder object .!application.!panedwindow.!frame2.!panedwindow.!frame2.!notebook.!fra...

  File "/home/anthony/Documents/OPEN-AIR/oaGuiBuildShell/Managers/gui_re.py", line 98, in _rebuild_gui
    self._create_dynamic_widgets(self.scroll_frame, self.config_data, on_complete=on_build_complete)
    |    |                       |    |             |    |                        -> <function GuiRebuilderMixin._rebuild_gui.<locals>.on_build_complete at 0x70d0f4ed4b80>
    |    |                       |    |             |    -> {'background': {'type': 'layered_industrial', 'parameters': {'random_seed': 303, 'global_blur': 0.8, 'base_material': {'color...
    |    |                       |    |             -> <oaGuiBuilder.Workers.builder.DynamicGuiBuilder object .!application.!panedwindow.!frame2.!panedwindow.!frame2.!notebook.!fra...
    |    |                       |    -> <tkinter.Frame object .!application.!panedwindow.!frame2.!panedwindow.!frame2.!notebook.!frame.!universalguiloader.!dynamicgu...
    |    |                       -> <oaGuiBuilder.Workers.builder.DynamicGuiBuilder object .!application.!panedwindow.!frame2.!panedwindow.!frame2.!notebook.!fra...
    |    -> <function GuiBatchBuilderMixin._create_dynamic_widgets at 0x70d1335c2c00>
    -> <oaGuiBuilder.Workers.builder.DynamicGuiBuilder object .!application.!panedwindow.!frame2.!panedwindow.!frame2.!notebook.!fra...

  File "/home/anthony/Documents/OPEN-AIR/oaGuiBuildShell/Managers/gui_batch.py", line 70, in _create_dynamic_widgets
    self._async_renderer.render(
    |    |               -> <function AsyncGridRenderer.render at 0x70d1335c28e0>
    |    -> <oaGuiBuildShell.Workers.async_grid_renderer.AsyncGridRenderer object at 0x70d13396a810>
    -> <oaGuiBuilder.Workers.builder.DynamicGuiBuilder object .!application.!panedwindow.!frame2.!panedwindow.!frame2.!notebook.!fra...

  File "/home/anthony/Documents/OPEN-AIR/oaGuiBuildShell/Workers/async_grid_renderer.py", line 85, in render
    self._process_fields(parent_frame, all_fields, path_prefix, num_cols, on_complete, eff_bg, data, context)
    |    |               |             |           |            |         |            |       |     -> WidgetContext(state_mirror_engine=<oaTranslator.Core.state_mirror_engine.StateMirrorEngine object at 0x70d133554380>, subscri...
    |    |               |             |           |            |         |            |       -> {'background': {'type': 'layered_industrial', 'parameters': {'random_seed': 303, 'global_blur': 0.8, 'base_material': {'color...
    |    |               |             |           |            |         |            -> None
    |    |               |             |           |            |         -> <function GuiRebuilderMixin._rebuild_gui.<locals>.on_build_complete at 0x70d0f4ed4b80>
    |    |               |             |           |            -> 1
    |    |               |             |           -> ''
    |    |               |             -> [('background', {'type': 'layered_industrial', 'parameters': {'random_seed': 303, 'global_blur': 0.8, 'base_material': {'colo...
    |    |               -> <tkinter.Frame object .!application.!panedwindow.!frame2.!panedwindow.!frame2.!notebook.!frame.!universalguiloader.!dynamicgu...
    |    -> <function AsyncGridRenderer._process_fields at 0x70d1335c2ac0>
    -> <oaGuiBuildShell.Workers.async_grid_renderer.AsyncGridRenderer object at 0x70d13396a810>

  File "/home/anthony/Documents/OPEN-AIR/oaGuiBuildShell/Workers/async_grid_renderer.py", line 157, in _process_fields
    self.render(inner, val, cur_path, on_complete=lambda: (state.update({"pending": state["pending"]-1}), _check_done()), parent_bg_pil=bg_pil, context=context)
    |    |      |      |    |                              |     |                  |                     |                             |               -> WidgetContext(state_mirror_engine=<oaTranslator.Core.state_mirror_engine.StateMirrorEngine object at 0x70d133554380>, subscri...
    |    |      |      |    |                              |     |                  |                     |                             -> None
    |    |      |      |    |                              |     |                  |                     -> <function AsyncGridRenderer._process_fields.<locals>._check_done at 0x70d0f4ea2980>
    |    |      |      |    |                              |     |                  -> {'pending': 1, 'loop_done': False, 'aborted': False}
    |    |      |      |    |                              |     -> <method 'update' of 'dict' objects>
    |    |      |      |    |                              -> {'pending': 1, 'loop_done': False, 'aborted': False}
    |    |      |      |    -> 'scan'
    |    |      |      -> {'type': 'OcaBin', 'id': '50.90.1', 'blocks': {'multi_dataset_graph': {'type': 'plot_widget', 'id': 'multi_dataset_plot', 'tr...
    |    |      -> <tkinter.Frame object .!application.!panedwindow.!frame2.!panedwindow.!frame2.!notebook.!frame.!universalguiloader.!dynamicgu...
    |    -> <function AsyncGridRenderer.render at 0x70d1335c28e0>
    -> <oaGuiBuildShell.Workers.async_grid_renderer.AsyncGridRenderer object at 0x70d13396a810>

  File "/home/anthony/Documents/OPEN-AIR/oaGuiBuildShell/Workers/async_grid_renderer.py", line 85, in render
    self._process_fields(parent_frame, all_fields, path_prefix, num_cols, on_complete, eff_bg, data, context)
    |    |               |             |           |            |         |            |       |     -> WidgetContext(state_mirror_engine=<oaTranslator.Core.state_mirror_engine.StateMirrorEngine object at 0x70d133554380>, subscri...
    |    |               |             |           |            |         |            |       -> {'type': 'OcaBin', 'id': '50.90.1', 'blocks': {'multi_dataset_graph': {'type': 'plot_widget', 'id': 'multi_dataset_plot', 'tr...
    |    |               |             |           |            |         |            -> None
    |    |               |             |           |            |         -> <function AsyncGridRenderer._process_fields.<locals>.<lambda> at 0x70d0f4d0dda0>
    |    |               |             |           |            -> 1
    |    |               |             |           -> 'scan'
    |    |               |             -> [('multi_dataset_graph', {'type': 'plot_widget', 'id': 'multi_dataset_plot', 'transparent': True, 'layout': {'height': 1000, ...
    |    |               -> <tkinter.Frame object .!application.!panedwindow.!frame2.!panedwindow.!frame2.!notebook.!frame.!universalguiloader.!dynamicgu...
    |    -> <function AsyncGridRenderer._process_fields at 0x70d1335c2ac0>
    -> <oaGuiBuildShell.Workers.async_grid_renderer.AsyncGridRenderer object at 0x70d13396a810>

  File "/home/anthony/Documents/OPEN-AIR/oaGuiBuildShell/Workers/async_grid_renderer.py", line 175, in _process_fields
    if deferred and not state["aborted"]: self.batch_engine.process(parent, deferred, 25, context, state, _check_done)
       |                |                 |    |            |       |       |             |        |      -> <function AsyncGridRenderer._process_fields.<locals>._check_done at 0x70d0f4d0dd00>
       |                |                 |    |            |       |       |             |        -> {'pending': 1, 'loop_done': True, 'aborted': False}
       |                |                 |    |            |       |       |             -> WidgetContext(state_mirror_engine=<oaTranslator.Core.state_mirror_engine.StateMirrorEngine object at 0x70d133554380>, subscri...
       |                |                 |    |            |       |       -> [{'r': 0, 'c': 0, 'val': {'type': 'plot_widget', 'id': 'multi_dataset_plot', 'transparent': True, 'layout': {'height': 1000, ...
       |                |                 |    |            |       -> <tkinter.Frame object .!application.!panedwindow.!frame2.!panedwindow.!frame2.!notebook.!frame.!universalguiloader.!dynamicgu...
       |                |                 |    |            -> <function BatchProcessingEngine.process at 0x70d1335c2a20>
       |                |                 |    -> <oaGuiBuildShell.Core.batch_processing_engine.BatchProcessingEngine object at 0x70d13352fe30>
       |                |                 -> <oaGuiBuildShell.Workers.async_grid_renderer.AsyncGridRenderer object at 0x70d13396a810>
       |                -> {'pending': 1, 'loop_done': True, 'aborted': False}
       -> [{'r': 0, 'c': 0, 'val': {'type': 'plot_widget', 'id': 'multi_dataset_plot', 'transparent': True, 'layout': {'height': 1000, ...

  File "/home/anthony/Documents/OPEN-AIR/oaGuiBuildShell/Core/batch_processing_engine.py", line 29, in process
    widget = creator(parent_widget=parent, config_data=wd, context=context)
             |                     |                   |           -> WidgetContext(state_mirror_engine=<oaTranslator.Core.state_mirror_engine.StateMirrorEngine object at 0x70d133554380>, subscri...
             |                     |                   -> {'type': 'plot_widget', 'id': 'multi_dataset_plot', 'transparent': True, 'layout': {'height': 1000, 'sticky': '', 'weight_y':...
             |                     -> <tkinter.Frame object .!application.!panedwindow.!frame2.!panedwindow.!frame2.!notebook.!frame.!universalguiloader.!dynamicgu...
             -> <function WidgetDiscoveryEngine._make_wrapper.<locals>.wrapper at 0x70d0f4ecb060>

> File "/home/anthony/Documents/OPEN-AIR/oaGuiManager/Core/factory/Core/widget_discovery_engine.py", line 36, in wrapper
    return cls_ref.make(parent_widget, config_data, context, **kwargs)
           |       |    |              |            |          -> {}
           |       |    |              |            -> WidgetContext(state_mirror_engine=<oaTranslator.Core.state_mirror_engine.StateMirrorEngine object at 0x70d133554380>, subscri...
           |       |    |              -> {'type': 'plot_widget', 'id': 'multi_dataset_plot', 'transparent': True, 'layout': {'height': 1000, 'sticky': '', 'weight_y':...
           |       |    -> <tkinter.Frame object .!application.!panedwindow.!frame2.!panedwindow.!frame2.!notebook.!frame.!universalguiloader.!dynamicgu...
           |       -> <function BuilderGraphingCreator.make at 0x70d0f5278b80>
           -> <class 'oaGuiElements.Core.graphing.graphing.plot_widget_adapter.BuilderGraphingCreator'>

  File "/home/anthony/Documents/OPEN-AIR/oaGuiElements/Core/graphing/graphing/plot_widget_adapter.py", line 26, in make
    w_type = config_data.get("type")
             -> WidgetContext(state_mirror_engine=<oaTranslator.Core.state_mirror_engine.StateMirrorEngine object at 0x70d133554380>, subscri...

AttributeError: 'WidgetContext' object has no attribute 'get'
232238.137 | ERROR    | 🎨 UI      | SYSTEM             | oaGuiManager.Core.factory.Core.widget_discovery_engine | ❌ Failed to instantiate widget of type <class 'oaGuiElements.Core.graphing.graphing.plot_widget_adapter.BuilderGraphingCreator'> at monitors: 'WidgetContext' object has no attribute 'get'
Traceback (most recent call last):

  File "/home/anthony/Documents/OPEN-AIR/oaGuiManager/Managers/open_air_ui.py", line 81, in <module>
    main()
    -> <function main at 0x70d13576dee0>

  File "/home/anthony/Documents/OPEN-AIR/oaGuiManager/Managers/open_air_ui.py", line 70, in main
    root.mainloop()
    |    -> <function Misc.mainloop at 0x70d134af6b60>
    -> <tkinter.Tk object .>

  File "/usr/lib/python3.12/tkinter/__init__.py", line 1504, in mainloop
    self.tk.mainloop(n)
    |    |  |        -> 0
    |    |  -> <method 'mainloop' of '_tkinter.tkapp' objects>
    |    -> <_tkinter.tkapp object at 0x70d1335501b0>
    -> <tkinter.Tk object .>
  File "/usr/lib/python3.12/tkinter/__init__.py", line 1967, in __call__
    return self.func(*args)
           |    |     -> ()
           |    -> <function Misc.after.<locals>.callit at 0x70d130acd260>
           -> <tkinter.CallWrapper object at 0x70d130ad8230>
  File "/usr/lib/python3.12/tkinter/__init__.py", line 861, in callit
    func(*args)
    |     -> ()
    -> <bound method UniversalGuiLoader._construct_dynamic_gui of <oaGuiManager.Core.loader.gui_from_json.UniversalGuiLoader object ...

  File "/home/anthony/Documents/OPEN-AIR/oaGuiManager/Core/loader/gui_from_json.py", line 65, in _construct_dynamic_gui
    self._instantiate_builder()
    |    -> <function UniversalGuiLoader._instantiate_builder at 0x70d0f620efc0>
    -> <oaGuiManager.Core.loader.gui_from_json.UniversalGuiLoader object .!application.!panedwindow.!frame2.!panedwindow.!frame2.!no...

  File "/home/anthony/Documents/OPEN-AIR/oaGuiManager/Core/loader/gui_from_json.py", line 79, in _instantiate_builder
    self.dynamic_gui = DynamicGuiBuilder(
    |                  -> <class 'oaGuiBuilder.Workers.builder.DynamicGuiBuilder'>
    -> <oaGuiManager.Core.loader.gui_from_json.UniversalGuiLoader object .!application.!panedwindow.!frame2.!panedwindow.!frame2.!no...

  File "/home/anthony/Documents/OPEN-AIR/oaGuiBuilder/Workers/builder.py", line 198, in __init__
    self._load_and_build_from_file()
    |    -> <function GuiFileLoaderMixin._load_and_build_from_file at 0x70d1335c0400>
    -> <oaGuiBuilder.Workers.builder.DynamicGuiBuilder object .!application.!panedwindow.!frame2.!panedwindow.!frame2.!notebook.!fra...

  File "/home/anthony/Documents/OPEN-AIR/oaGuiManager/FileReaders/gui_file_loader.py", line 54, in _load_and_build_from_file
    self._rebuild_gui()
    |    -> <function GuiRebuilderMixin._rebuild_gui at 0x70d1335c13a0>
    -> <oaGuiBuilder.Workers.builder.DynamicGuiBuilder object .!application.!panedwindow.!frame2.!panedwindow.!frame2.!notebook.!fra...

  File "/home/anthony/Documents/OPEN-AIR/oaGuiBuildShell/Managers/gui_re.py", line 98, in _rebuild_gui
    self._create_dynamic_widgets(self.scroll_frame, self.config_data, on_complete=on_build_complete)
    |    |                       |    |             |    |                        -> <function GuiRebuilderMixin._rebuild_gui.<locals>.on_build_complete at 0x70d0f4d0dda0>
    |    |                       |    |             |    -> {'background': {'type': 'layered_industrial', 'parameters': {'random_seed': 303, 'global_blur': 0.8, 'base_material': {'color...
    |    |                       |    |             -> <oaGuiBuilder.Workers.builder.DynamicGuiBuilder object .!application.!panedwindow.!frame2.!panedwindow.!frame2.!notebook.!fra...
    |    |                       |    -> <tkinter.Frame object .!application.!panedwindow.!frame2.!panedwindow.!frame2.!notebook.!frame2.!notebook.!frame.!universalgu...
    |    |                       -> <oaGuiBuilder.Workers.builder.DynamicGuiBuilder object .!application.!panedwindow.!frame2.!panedwindow.!frame2.!notebook.!fra...
    |    -> <function GuiBatchBuilderMixin._create_dynamic_widgets at 0x70d1335c2c00>
    -> <oaGuiBuilder.Workers.builder.DynamicGuiBuilder object .!application.!panedwindow.!frame2.!panedwindow.!frame2.!notebook.!fra...

  File "/home/anthony/Documents/OPEN-AIR/oaGuiBuildShell/Managers/gui_batch.py", line 70, in _create_dynamic_widgets
    self._async_renderer.render(
    |    |               -> <function AsyncGridRenderer.render at 0x70d1335c28e0>
    |    -> <oaGuiBuildShell.Workers.async_grid_renderer.AsyncGridRenderer object at 0x70d133557050>
    -> <oaGuiBuilder.Workers.builder.DynamicGuiBuilder object .!application.!panedwindow.!frame2.!panedwindow.!frame2.!notebook.!fra...

  File "/home/anthony/Documents/OPEN-AIR/oaGuiBuildShell/Workers/async_grid_renderer.py", line 85, in render
    self._process_fields(parent_frame, all_fields, path_prefix, num_cols, on_complete, eff_bg, data, context)
    |    |               |             |           |            |         |            |       |     -> WidgetContext(state_mirror_engine=<oaTranslator.Core.state_mirror_engine.StateMirrorEngine object at 0x70d133554380>, subscri...
    |    |               |             |           |            |         |            |       -> {'background': {'type': 'layered_industrial', 'parameters': {'random_seed': 303, 'global_blur': 0.8, 'base_material': {'color...
    |    |               |             |           |            |         |            -> None
    |    |               |             |           |            |         -> <function GuiRebuilderMixin._rebuild_gui.<locals>.on_build_complete at 0x70d0f4d0dda0>
    |    |               |             |           |            -> 1
    |    |               |             |           -> ''
    |    |               |             -> [('background', {'type': 'layered_industrial', 'parameters': {'random_seed': 303, 'global_blur': 0.8, 'base_material': {'colo...
    |    |               -> <tkinter.Frame object .!application.!panedwindow.!frame2.!panedwindow.!frame2.!notebook.!frame2.!notebook.!frame.!universalgu...
    |    -> <function AsyncGridRenderer._process_fields at 0x70d1335c2ac0>
    -> <oaGuiBuildShell.Workers.async_grid_renderer.AsyncGridRenderer object at 0x70d133557050>

  File "/home/anthony/Documents/OPEN-AIR/oaGuiBuildShell/Workers/async_grid_renderer.py", line 175, in _process_fields
    if deferred and not state["aborted"]: self.batch_engine.process(parent, deferred, 25, context, state, _check_done)
       |                |                 |    |            |       |       |             |        |      -> <function AsyncGridRenderer._process_fields.<locals>._check_done at 0x70d0f4caf100>
       |                |                 |    |            |       |       |             |        -> {'pending': 1, 'loop_done': True, 'aborted': False}
       |                |                 |    |            |       |       |             -> WidgetContext(state_mirror_engine=<oaTranslator.Core.state_mirror_engine.StateMirrorEngine object at 0x70d133554380>, subscri...
       |                |                 |    |            |       |       -> [{'r': 0, 'c': 0, 'val': {'type': 'plot_widget', 'id': '50.90.2.1', 'transparent': True, 'layout': {'height': 300, 'sticky': ...
       |                |                 |    |            |       -> <tkinter.Frame object .!application.!panedwindow.!frame2.!panedwindow.!frame2.!notebook.!frame2.!notebook.!frame.!universalgu...
       |                |                 |    |            -> <function BatchProcessingEngine.process at 0x70d1335c2a20>
       |                |                 |    -> <oaGuiBuildShell.Core.batch_processing_engine.BatchProcessingEngine object at 0x70d1335551c0>
       |                |                 -> <oaGuiBuildShell.Workers.async_grid_renderer.AsyncGridRenderer object at 0x70d133557050>
       |                -> {'pending': 1, 'loop_done': True, 'aborted': False}
       -> [{'r': 0, 'c': 0, 'val': {'type': 'plot_widget', 'id': '50.90.2.1', 'transparent': True, 'layout': {'height': 300, 'sticky': ...

  File "/home/anthony/Documents/OPEN-AIR/oaGuiBuildShell/Core/batch_processing_engine.py", line 29, in process
    widget = creator(parent_widget=parent, config_data=wd, context=context)
             |                     |                   |           -> WidgetContext(state_mirror_engine=<oaTranslator.Core.state_mirror_engine.StateMirrorEngine object at 0x70d133554380>, subscri...
             |                     |                   -> {'type': 'plot_widget', 'id': '50.90.2.1', 'transparent': True, 'layout': {'height': 300, 'sticky': 'NS', 'weight_y': 1}, 'pl...
             |                     -> <tkinter.Frame object .!application.!panedwindow.!frame2.!panedwindow.!frame2.!notebook.!frame2.!notebook.!frame.!universalgu...
             -> <function WidgetDiscoveryEngine._make_wrapper.<locals>.wrapper at 0x70d0f4ecb060>

> File "/home/anthony/Documents/OPEN-AIR/oaGuiManager/Core/factory/Core/widget_discovery_engine.py", line 36, in wrapper
    return cls_ref.make(parent_widget, config_data, context, **kwargs)
           |       |    |              |            |          -> {}
           |       |    |              |            -> WidgetContext(state_mirror_engine=<oaTranslator.Core.state_mirror_engine.StateMirrorEngine object at 0x70d133554380>, subscri...
           |       |    |              -> {'type': 'plot_widget', 'id': '50.90.2.1', 'transparent': True, 'layout': {'height': 300, 'sticky': 'NS', 'weight_y': 1}, 'pl...
           |       |    -> <tkinter.Frame object .!application.!panedwindow.!frame2.!panedwindow.!frame2.!notebook.!frame2.!notebook.!frame.!universalgu...
           |       -> <function BuilderGraphingCreator.make at 0x70d0f5278b80>
           -> <class 'oaGuiElements.Core.graphing.graphing.plot_widget_adapter.BuilderGraphingCreator'>

  File "/home/anthony/Documents/OPEN-AIR/oaGuiElements/Core/graphing/graphing/plot_widget_adapter.py", line 26, in make
    w_type = config_data.get("type")
             -> WidgetContext(state_mirror_engine=<oaTranslator.Core.state_mirror_engine.StateMirrorEngine object at 0x70d133554380>, subscri...

AttributeError: 'WidgetContext' object has no attribute 'get'
232238.184 | ERROR    | 🎨 UI      | SYSTEM             | oaGuiManager.Core.factory.Core.widget_discovery_engine | ❌ Failed to instantiate widget of type <class 'oaGuiElements.Core.graphing.graphing.plot_widget_adapter.BuilderGraphingCreator'> at monitors: 'WidgetContext' object has no attribute 'get'
Traceback (most recent call last):

  File "/home/anthony/Documents/OPEN-AIR/oaGuiManager/Managers/open_air_ui.py", line 81, in <module>
    main()
    -> <function main at 0x70d13576dee0>

  File "/home/anthony/Documents/OPEN-AIR/oaGuiManager/Managers/open_air_ui.py", line 70, in main
    root.mainloop()
    |    -> <function Misc.mainloop at 0x70d134af6b60>
    -> <tkinter.Tk object .>

  File "/usr/lib/python3.12/tkinter/__init__.py", line 1504, in mainloop
    self.tk.mainloop(n)
    |    |  |        -> 0
    |    |  -> <method 'mainloop' of '_tkinter.tkapp' objects>
    |    -> <_tkinter.tkapp object at 0x70d1335501b0>
    -> <tkinter.Tk object .>
  File "/usr/lib/python3.12/tkinter/__init__.py", line 1967, in __call__
    return self.func(*args)
           |    |     -> ()
           |    -> <function Misc.after.<locals>.callit at 0x70d130acdf80>
           -> <tkinter.CallWrapper object at 0x70d130ad43b0>
  File "/usr/lib/python3.12/tkinter/__init__.py", line 861, in callit
    func(*args)
    |     -> ()
    -> <bound method UniversalGuiLoader._construct_dynamic_gui of <oaGuiManager.Core.loader.gui_from_json.UniversalGuiLoader object ...

  File "/home/anthony/Documents/OPEN-AIR/oaGuiManager/Core/loader/gui_from_json.py", line 65, in _construct_dynamic_gui
    self._instantiate_builder()
    |    -> <function UniversalGuiLoader._instantiate_builder at 0x70d0f620efc0>
    -> <oaGuiManager.Core.loader.gui_from_json.UniversalGuiLoader object .!application.!panedwindow.!frame2.!panedwindow.!frame2.!no...

  File "/home/anthony/Documents/OPEN-AIR/oaGuiManager/Core/loader/gui_from_json.py", line 79, in _instantiate_builder
    self.dynamic_gui = DynamicGuiBuilder(
    |                  -> <class 'oaGuiBuilder.Workers.builder.DynamicGuiBuilder'>
    -> <oaGuiManager.Core.loader.gui_from_json.UniversalGuiLoader object .!application.!panedwindow.!frame2.!panedwindow.!frame2.!no...

  File "/home/anthony/Documents/OPEN-AIR/oaGuiBuilder/Workers/builder.py", line 198, in __init__
    self._load_and_build_from_file()
    |    -> <function GuiFileLoaderMixin._load_and_build_from_file at 0x70d1335c0400>
    -> <oaGuiBuilder.Workers.builder.DynamicGuiBuilder object .!application.!panedwindow.!frame2.!panedwindow.!frame2.!notebook.!fra...

  File "/home/anthony/Documents/OPEN-AIR/oaGuiManager/FileReaders/gui_file_loader.py", line 54, in _load_and_build_from_file
    self._rebuild_gui()
    |    -> <function GuiRebuilderMixin._rebuild_gui at 0x70d1335c13a0>
    -> <oaGuiBuilder.Workers.builder.DynamicGuiBuilder object .!application.!panedwindow.!frame2.!panedwindow.!frame2.!notebook.!fra...

  File "/home/anthony/Documents/OPEN-AIR/oaGuiBuildShell/Managers/gui_re.py", line 98, in _rebuild_gui
    self._create_dynamic_widgets(self.scroll_frame, self.config_data, on_complete=on_build_complete)
    |    |                       |    |             |    |                        -> <function GuiRebuilderMixin._rebuild_gui.<locals>.on_build_complete at 0x70d0f4ea18a0>
    |    |                       |    |             |    -> {'background': {'type': 'layered_industrial', 'parameters': {'random_seed': 303, 'global_blur': 0.8, 'base_material': {'color...
    |    |                       |    |             -> <oaGuiBuilder.Workers.builder.DynamicGuiBuilder object .!application.!panedwindow.!frame2.!panedwindow.!frame2.!notebook.!fra...
    |    |                       |    -> <tkinter.Frame object .!application.!panedwindow.!frame2.!panedwindow.!frame2.!notebook.!frame2.!notebook.!frame.!universalgu...
    |    |                       -> <oaGuiBuilder.Workers.builder.DynamicGuiBuilder object .!application.!panedwindow.!frame2.!panedwindow.!frame2.!notebook.!fra...
    |    -> <function GuiBatchBuilderMixin._create_dynamic_widgets at 0x70d1335c2c00>
    -> <oaGuiBuilder.Workers.builder.DynamicGuiBuilder object .!application.!panedwindow.!frame2.!panedwindow.!frame2.!notebook.!fra...

  File "/home/anthony/Documents/OPEN-AIR/oaGuiBuildShell/Managers/gui_batch.py", line 70, in _create_dynamic_widgets
    self._async_renderer.render(
    |    |               -> <function AsyncGridRenderer.render at 0x70d1335c28e0>
    |    -> <oaGuiBuildShell.Workers.async_grid_renderer.AsyncGridRenderer object at 0x70d0f4cce540>
    -> <oaGuiBuilder.Workers.builder.DynamicGuiBuilder object .!application.!panedwindow.!frame2.!panedwindow.!frame2.!notebook.!fra...

  File "/home/anthony/Documents/OPEN-AIR/oaGuiBuildShell/Workers/async_grid_renderer.py", line 85, in render
    self._process_fields(parent_frame, all_fields, path_prefix, num_cols, on_complete, eff_bg, data, context)
    |    |               |             |           |            |         |            |       |     -> WidgetContext(state_mirror_engine=<oaTranslator.Core.state_mirror_engine.StateMirrorEngine object at 0x70d133554380>, subscri...
    |    |               |             |           |            |         |            |       -> {'background': {'type': 'layered_industrial', 'parameters': {'random_seed': 303, 'global_blur': 0.8, 'base_material': {'color...
    |    |               |             |           |            |         |            -> None
    |    |               |             |           |            |         -> <function GuiRebuilderMixin._rebuild_gui.<locals>.on_build_complete at 0x70d0f4ea18a0>
    |    |               |             |           |            -> 1
    |    |               |             |           -> ''
    |    |               |             -> [('background', {'type': 'layered_industrial', 'parameters': {'random_seed': 303, 'global_blur': 0.8, 'base_material': {'colo...
    |    |               -> <tkinter.Frame object .!application.!panedwindow.!frame2.!panedwindow.!frame2.!notebook.!frame2.!notebook.!frame.!universalgu...
    |    -> <function AsyncGridRenderer._process_fields at 0x70d1335c2ac0>
    -> <oaGuiBuildShell.Workers.async_grid_renderer.AsyncGridRenderer object at 0x70d0f4cce540>

  File "/home/anthony/Documents/OPEN-AIR/oaGuiBuildShell/Workers/async_grid_renderer.py", line 175, in _process_fields
    if deferred and not state["aborted"]: self.batch_engine.process(parent, deferred, 25, context, state, _check_done)
       |                |                 |    |            |       |       |             |        |      -> <function AsyncGridRenderer._process_fields.<locals>._check_done at 0x70d0f4c27060>
       |                |                 |    |            |       |       |             |        -> {'pending': 1, 'loop_done': True, 'aborted': False}
       |                |                 |    |            |       |       |             -> WidgetContext(state_mirror_engine=<oaTranslator.Core.state_mirror_engine.StateMirrorEngine object at 0x70d133554380>, subscri...
       |                |                 |    |            |       |       -> [{'r': 0, 'c': 0, 'val': {'type': 'plot_widget', 'id': '50.90.2.2', 'transparent': True, 'layout': {'height': 300, 'sticky': ...
       |                |                 |    |            |       -> <tkinter.Frame object .!application.!panedwindow.!frame2.!panedwindow.!frame2.!notebook.!frame2.!notebook.!frame.!universalgu...
       |                |                 |    |            -> <function BatchProcessingEngine.process at 0x70d1335c2a20>
       |                |                 |    -> <oaGuiBuildShell.Core.batch_processing_engine.BatchProcessingEngine object at 0x70d0f4ccc740>
       |                |                 -> <oaGuiBuildShell.Workers.async_grid_renderer.AsyncGridRenderer object at 0x70d0f4cce540>
       |                -> {'pending': 1, 'loop_done': True, 'aborted': False}
       -> [{'r': 0, 'c': 0, 'val': {'type': 'plot_widget', 'id': '50.90.2.2', 'transparent': True, 'layout': {'height': 300, 'sticky': ...

  File "/home/anthony/Documents/OPEN-AIR/oaGuiBuildShell/Core/batch_processing_engine.py", line 29, in process
    widget = creator(parent_widget=parent, config_data=wd, context=context)
             |                     |                   |           -> WidgetContext(state_mirror_engine=<oaTranslator.Core.state_mirror_engine.StateMirrorEngine object at 0x70d133554380>, subscri...
             |                     |                   -> {'type': 'plot_widget', 'id': '50.90.2.2', 'transparent': True, 'layout': {'height': 300, 'sticky': '', 'weight_y': 1}, 'titl...
             |                     -> <tkinter.Frame object .!application.!panedwindow.!frame2.!panedwindow.!frame2.!notebook.!frame2.!notebook.!frame.!universalgu...
             -> <function WidgetDiscoveryEngine._make_wrapper.<locals>.wrapper at 0x70d0f4ecb060>

> File "/home/anthony/Documents/OPEN-AIR/oaGuiManager/Core/factory/Core/widget_discovery_engine.py", line 36, in wrapper
    return cls_ref.make(parent_widget, config_data, context, **kwargs)
           |       |    |              |            |          -> {}
           |       |    |              |            -> WidgetContext(state_mirror_engine=<oaTranslator.Core.state_mirror_engine.StateMirrorEngine object at 0x70d133554380>, subscri...
           |       |    |              -> {'type': 'plot_widget', 'id': '50.90.2.2', 'transparent': True, 'layout': {'height': 300, 'sticky': '', 'weight_y': 1}, 'titl...
           |       |    -> <tkinter.Frame object .!application.!panedwindow.!frame2.!panedwindow.!frame2.!notebook.!frame2.!notebook.!frame.!universalgu...
           |       -> <function BuilderGraphingCreator.make at 0x70d0f5278b80>
           -> <class 'oaGuiElements.Core.graphing.graphing.plot_widget_adapter.BuilderGraphingCreator'>

  File "/home/anthony/Documents/OPEN-AIR/oaGuiElements/Core/graphing/graphing/plot_widget_adapter.py", line 26, in make
    w_type = config_data.get("type")
             -> WidgetContext(state_mirror_engine=<oaTranslator.Core.state_mirror_engine.StateMirrorEngine object at 0x70d133554380>, subscri...

AttributeError: 'WidgetContext' object has no attribute 'get'
232238.350 | ERROR    | 🎨 UI      | SYSTEM             | oaGuiManager.Core.factory.Core.widget_discovery_engine | ❌ Failed to instantiate widget of type <class 'oaGuiElements.Core.graphing.graphing.plot_widget_adapter.BuilderGraphingCreator'> at monitors: 'WidgetContext' object has no attribute 'get'
Traceback (most recent call last):

  File "/home/anthony/Documents/OPEN-AIR/oaGuiManager/Managers/open_air_ui.py", line 81, in <module>
    main()
    -> <function main at 0x70d13576dee0>

  File "/home/anthony/Documents/OPEN-AIR/oaGuiManager/Managers/open_air_ui.py", line 70, in main
    root.mainloop()
    |    -> <function Misc.mainloop at 0x70d134af6b60>
    -> <tkinter.Tk object .>

  File "/usr/lib/python3.12/tkinter/__init__.py", line 1504, in mainloop
    self.tk.mainloop(n)
    |    |  |        -> 0
    |    |  -> <method 'mainloop' of '_tkinter.tkapp' objects>
    |    -> <_tkinter.tkapp object at 0x70d1335501b0>
    -> <tkinter.Tk object .>
  File "/usr/lib/python3.12/tkinter/__init__.py", line 1967, in __call__
    return self.func(*args)
           |    |     -> ()
           |    -> <function Misc.after.<locals>.callit at 0x70d130b08400>
           -> <tkinter.CallWrapper object at 0x70d130b0d400>
  File "/usr/lib/python3.12/tkinter/__init__.py", line 861, in callit
    func(*args)
    |     -> ()
    -> <bound method UniversalGuiLoader._construct_dynamic_gui of <oaGuiManager.Core.loader.gui_from_json.UniversalGuiLoader object ...

  File "/home/anthony/Documents/OPEN-AIR/oaGuiManager/Core/loader/gui_from_json.py", line 65, in _construct_dynamic_gui
    self._instantiate_builder()
    |    -> <function UniversalGuiLoader._instantiate_builder at 0x70d0f620efc0>
    -> <oaGuiManager.Core.loader.gui_from_json.UniversalGuiLoader object .!application.!panedwindow.!frame2.!panedwindow.!frame2.!no...

  File "/home/anthony/Documents/OPEN-AIR/oaGuiManager/Core/loader/gui_from_json.py", line 79, in _instantiate_builder
    self.dynamic_gui = DynamicGuiBuilder(
    |                  -> <class 'oaGuiBuilder.Workers.builder.DynamicGuiBuilder'>
    -> <oaGuiManager.Core.loader.gui_from_json.UniversalGuiLoader object .!application.!panedwindow.!frame2.!panedwindow.!frame2.!no...

  File "/home/anthony/Documents/OPEN-AIR/oaGuiBuilder/Workers/builder.py", line 198, in __init__
    self._load_and_build_from_file()
    |    -> <function GuiFileLoaderMixin._load_and_build_from_file at 0x70d1335c0400>
    -> <oaGuiBuilder.Workers.builder.DynamicGuiBuilder object .!application.!panedwindow.!frame2.!panedwindow.!frame2.!notebook.!fra...

  File "/home/anthony/Documents/OPEN-AIR/oaGuiManager/FileReaders/gui_file_loader.py", line 54, in _load_and_build_from_file
    self._rebuild_gui()
    |    -> <function GuiRebuilderMixin._rebuild_gui at 0x70d1335c13a0>
    -> <oaGuiBuilder.Workers.builder.DynamicGuiBuilder object .!application.!panedwindow.!frame2.!panedwindow.!frame2.!notebook.!fra...

  File "/home/anthony/Documents/OPEN-AIR/oaGuiBuildShell/Managers/gui_re.py", line 98, in _rebuild_gui
    self._create_dynamic_widgets(self.scroll_frame, self.config_data, on_complete=on_build_complete)
    |    |                       |    |             |    |                        -> <function GuiRebuilderMixin._rebuild_gui.<locals>.on_build_complete at 0x70d0f4c828e0>
    |    |                       |    |             |    -> {'background': {'type': 'layered_industrial', 'parameters': {'random_seed': 303, 'global_blur': 0.8, 'base_material': {'color...
    |    |                       |    |             -> <oaGuiBuilder.Workers.builder.DynamicGuiBuilder object .!application.!panedwindow.!frame2.!panedwindow.!frame2.!notebook.!fra...
    |    |                       |    -> <tkinter.Frame object .!application.!panedwindow.!frame2.!panedwindow.!frame2.!notebook.!frame2.!notebook.!frame.!universalgu...
    |    |                       -> <oaGuiBuilder.Workers.builder.DynamicGuiBuilder object .!application.!panedwindow.!frame2.!panedwindow.!frame2.!notebook.!fra...
    |    -> <function GuiBatchBuilderMixin._create_dynamic_widgets at 0x70d1335c2c00>
    -> <oaGuiBuilder.Workers.builder.DynamicGuiBuilder object .!application.!panedwindow.!frame2.!panedwindow.!frame2.!notebook.!fra...

  File "/home/anthony/Documents/OPEN-AIR/oaGuiBuildShell/Managers/gui_batch.py", line 70, in _create_dynamic_widgets
    self._async_renderer.render(
    |    |               -> <function AsyncGridRenderer.render at 0x70d1335c28e0>
    |    -> <oaGuiBuildShell.Workers.async_grid_renderer.AsyncGridRenderer object at 0x70d130aee7e0>
    -> <oaGuiBuilder.Workers.builder.DynamicGuiBuilder object .!application.!panedwindow.!frame2.!panedwindow.!frame2.!notebook.!fra...

  File "/home/anthony/Documents/OPEN-AIR/oaGuiBuildShell/Workers/async_grid_renderer.py", line 85, in render
    self._process_fields(parent_frame, all_fields, path_prefix, num_cols, on_complete, eff_bg, data, context)
    |    |               |             |           |            |         |            |       |     -> WidgetContext(state_mirror_engine=<oaTranslator.Core.state_mirror_engine.StateMirrorEngine object at 0x70d133554380>, subscri...
    |    |               |             |           |            |         |            |       -> {'background': {'type': 'layered_industrial', 'parameters': {'random_seed': 303, 'global_blur': 0.8, 'base_material': {'color...
    |    |               |             |           |            |         |            -> None
    |    |               |             |           |            |         -> <function GuiRebuilderMixin._rebuild_gui.<locals>.on_build_complete at 0x70d0f4c828e0>
    |    |               |             |           |            -> 1
    |    |               |             |           -> ''
    |    |               |             -> [('background', {'type': 'layered_industrial', 'parameters': {'random_seed': 303, 'global_blur': 0.8, 'base_material': {'colo...
    |    |               -> <tkinter.Frame object .!application.!panedwindow.!frame2.!panedwindow.!frame2.!notebook.!frame2.!notebook.!frame.!universalgu...
    |    -> <function AsyncGridRenderer._process_fields at 0x70d1335c2ac0>
    -> <oaGuiBuildShell.Workers.async_grid_renderer.AsyncGridRenderer object at 0x70d130aee7e0>

  File "/home/anthony/Documents/OPEN-AIR/oaGuiBuildShell/Workers/async_grid_renderer.py", line 175, in _process_fields
    if deferred and not state["aborted"]: self.batch_engine.process(parent, deferred, 25, context, state, _check_done)
       |                |                 |    |            |       |       |             |        |      -> <function AsyncGridRenderer._process_fields.<locals>._check_done at 0x70d130b08040>
       |                |                 |    |            |       |       |             |        -> {'pending': 1, 'loop_done': True, 'aborted': False}
       |                |                 |    |            |       |       |             -> WidgetContext(state_mirror_engine=<oaTranslator.Core.state_mirror_engine.StateMirrorEngine object at 0x70d133554380>, subscri...
       |                |                 |    |            |       |       -> [{'r': 0, 'c': 0, 'val': {'type': 'plot_widget', 'id': '50.90.2.3', 'transparent': True, 'layout': {'height': 300, 'sticky': ...
       |                |                 |    |            |       -> <tkinter.Frame object .!application.!panedwindow.!frame2.!panedwindow.!frame2.!notebook.!frame2.!notebook.!frame.!universalgu...
       |                |                 |    |            -> <function BatchProcessingEngine.process at 0x70d1335c2a20>
       |                |                 |    -> <oaGuiBuildShell.Core.batch_processing_engine.BatchProcessingEngine object at 0x70d130aefd10>
       |                |                 -> <oaGuiBuildShell.Workers.async_grid_renderer.AsyncGridRenderer object at 0x70d130aee7e0>
       |                -> {'pending': 1, 'loop_done': True, 'aborted': False}
       -> [{'r': 0, 'c': 0, 'val': {'type': 'plot_widget', 'id': '50.90.2.3', 'transparent': True, 'layout': {'height': 300, 'sticky': ...

  File "/home/anthony/Documents/OPEN-AIR/oaGuiBuildShell/Core/batch_processing_engine.py", line 29, in process
    widget = creator(parent_widget=parent, config_data=wd, context=context)
             |                     |                   |           -> WidgetContext(state_mirror_engine=<oaTranslator.Core.state_mirror_engine.StateMirrorEngine object at 0x70d133554380>, subscri...
             |                     |                   -> {'type': 'plot_widget', 'id': '50.90.2.3', 'transparent': True, 'layout': {'height': 300, 'sticky': 'NS', 'weight_y': 1}, 'pl...
             |                     -> <tkinter.Frame object .!application.!panedwindow.!frame2.!panedwindow.!frame2.!notebook.!frame2.!notebook.!frame.!universalgu...
             -> <function WidgetDiscoveryEngine._make_wrapper.<locals>.wrapper at 0x70d0f4ecb060>

> File "/home/anthony/Documents/OPEN-AIR/oaGuiManager/Core/factory/Core/widget_discovery_engine.py", line 36, in wrapper
    return cls_ref.make(parent_widget, config_data, context, **kwargs)
           |       |    |              |            |          -> {}
           |       |    |              |            -> WidgetContext(state_mirror_engine=<oaTranslator.Core.state_mirror_engine.StateMirrorEngine object at 0x70d133554380>, subscri...
           |       |    |              -> {'type': 'plot_widget', 'id': '50.90.2.3', 'transparent': True, 'layout': {'height': 300, 'sticky': 'NS', 'weight_y': 1}, 'pl...
           |       |    -> <tkinter.Frame object .!application.!panedwindow.!frame2.!panedwindow.!frame2.!notebook.!frame2.!notebook.!frame.!universalgu...
           |       -> <function BuilderGraphingCreator.make at 0x70d0f5278b80>
           -> <class 'oaGuiElements.Core.graphing.graphing.plot_widget_adapter.BuilderGraphingCreator'>

  File "/home/anthony/Documents/OPEN-AIR/oaGuiElements/Core/graphing/graphing/plot_widget_adapter.py", line 26, in make
    w_type = config_data.get("type")
             -> WidgetContext(state_mirror_engine=<oaTranslator.Core.state_mirror_engine.StateMirrorEngine object at 0x70d133554380>, subscri...

AttributeError: 'WidgetContext' object has no attribute 'get'
232243.042 | ERROR    | 🎨 UI      | 🚨🔴 BUILDER         | oaLogging.Methods.error_handling | ❌🔴 [VOCAL CAPTURE] Failed to load module from /home/anthony/Documents/OPEN-AIR/oaGuiDefinitions/Assets/right_50/bottom_90/2_monitors/23_Showtime/Showtime.py

🕵️ FORENSIC TRACE:
Traceback (most recent call last):
  File "/home/anthony/Documents/OPEN-AIR/oaGuiManager/FileReaders/module_loader.py", line 66, in load_module_from_path
    spec.loader.exec_module(module)
  File "<frozen importlib._bootstrap_external>", line 995, in exec_module
  File "<frozen importlib._bootstrap>", line 488, in _call_with_frames_removed
  File "/home/anthony/Documents/OPEN-AIR/oaGuiDefinitions/Assets/right_50/bottom_90/2_monitors/23_Showtime/Showtime.py", line 7, in <module>
    from oaGuiShowtime.Core.tab import ShowtimeTab
  File "/home/anthony/Documents/OPEN-AIR/oaGuiShowtime/Core/tab.py", line 13, in <module>
    from .read_mixin import ShowtimeReadMixin
  File "/home/anthony/Documents/OPEN-AIR/oaGuiShowtime/Core/read_mixin.py", line 8, in <module>
    from oaFileImportShow.FileReaders.loader import maker_file_check_for_markers_file
  File "/home/anthony/Documents/OPEN-AIR/oaFileImportShow/FileReaders/loader.py", line 24, in <module>
    from oaFileImportHTML.from_ias_html import (
ModuleNotFoundError: No module named 'oaFileImportHTML.from_ias_html'

232248.513 | WARNING  | 🎨 UI      | 📡 OSC              | oaComOSC.Managers.osc_manager | Bridge Offline.
232248.513 | WARNING  | 🎨 UI      | 🔌 SNMP             | oaComSNMP.Managers.snmp_manager | SNMP Bridge Offline.
