103737.083 | WARNING  | CORE | SYSTEM     | oaPTP.Core.ptp       | ⏱️ PTP Sniffer: [PERMISSION DENIED] Run as root/sudo for raw capture. Sniffer disabled.
103738.089 | ERROR    | UI   | SYSTEM     | oaGuiManager.Core.ui_window | 🖥️🎨 [UI] CRITICAL: Tkinter Exception:
Traceback (most recent call last):
  File "/usr/lib/python3.12/tkinter/__init__.py", line 1967, in __call__
    return self.func(*args)
           ^^^^^^^^^^^^^^^^
  File "/usr/lib/python3.12/tkinter/__init__.py", line 861, in callit
    func(*args)
  File "/home/anthony/Documents/OPEN-AIR/oaGuiBuildShell/Managers/gui_re.py", line 90, in _wrap_settle
    _final_settle()
  File "/home/anthony/Documents/OPEN-AIR/oaGuiBuildShell/Managers/gui_re.py", line 81, in _final_settle
    self._publish_initial_widget_states(self.config_data)
  File "/home/anthony/Documents/OPEN-AIR/oaGuiBuildShell/Managers/gui_mqtt.py", line 119, in _publish_initial_widget_states
    self.state_mirror_engine.announce_all_widgets()
  File "/home/anthony/Documents/OPEN-AIR/oaTranslator/Core/state_mirror_engine.py", line 127, in announce_all_widgets
    for widget_id in list(self.widgets.keys()):
                          ^^^^^^^^^^^^
AttributeError: 'StateMirrorEngine' object has no attribute 'widgets'

103738.422 | ERROR    | UI   | SYSTEM     | oaGuiManager.Core.ui_window | 🖥️🎨 [UI] CRITICAL: Tkinter Exception:
Traceback (most recent call last):
  File "/usr/lib/python3.12/tkinter/__init__.py", line 1967, in __call__
    return self.func(*args)
           ^^^^^^^^^^^^^^^^
  File "/usr/lib/python3.12/tkinter/__init__.py", line 861, in callit
    func(*args)
  File "/home/anthony/Documents/OPEN-AIR/oaGuiBuildShell/Managers/gui_re.py", line 90, in _wrap_settle
    _final_settle()
  File "/home/anthony/Documents/OPEN-AIR/oaGuiBuildShell/Managers/gui_re.py", line 81, in _final_settle
    self._publish_initial_widget_states(self.config_data)
  File "/home/anthony/Documents/OPEN-AIR/oaGuiBuildShell/Managers/gui_mqtt.py", line 119, in _publish_initial_widget_states
    self.state_mirror_engine.announce_all_widgets()
  File "/home/anthony/Documents/OPEN-AIR/oaTranslator/Core/state_mirror_engine.py", line 127, in announce_all_widgets
    for widget_id in list(self.widgets.keys()):
                          ^^^^^^^^^^^^
AttributeError: 'StateMirrorEngine' object has no attribute 'widgets'

103738.578 | ERROR    | UI   | SYSTEM     | oaGuiManager.Core.ui_window | 🖥️🎨 [UI] CRITICAL: Tkinter Exception:
Traceback (most recent call last):
  File "/usr/lib/python3.12/tkinter/__init__.py", line 1967, in __call__
    return self.func(*args)
           ^^^^^^^^^^^^^^^^
  File "/usr/lib/python3.12/tkinter/__init__.py", line 861, in callit
    func(*args)
  File "/home/anthony/Documents/OPEN-AIR/oaGuiBuildShell/Managers/gui_re.py", line 90, in _wrap_settle
    _final_settle()
  File "/home/anthony/Documents/OPEN-AIR/oaGuiBuildShell/Managers/gui_re.py", line 81, in _final_settle
    self._publish_initial_widget_states(self.config_data)
  File "/home/anthony/Documents/OPEN-AIR/oaGuiBuildShell/Managers/gui_mqtt.py", line 119, in _publish_initial_widget_states
    self.state_mirror_engine.announce_all_widgets()
  File "/home/anthony/Documents/OPEN-AIR/oaTranslator/Core/state_mirror_engine.py", line 127, in announce_all_widgets
    for widget_id in list(self.widgets.keys()):
                          ^^^^^^^^^^^^
AttributeError: 'StateMirrorEngine' object has no attribute 'widgets'

103738.928 | CRITICAL | UI   | COMM       | oaSplinker.Core.handle_panic | 🆘 SPLINKER PANIC TRIGGERED! Emergency stop active.
103738.927 | CRITICAL | CORE | COMM       | oaSplinker.Core.handle_panic | 🆘 SPLINKER PANIC TRIGGERED! Emergency stop active.
103929.329 | ERROR    | UI   | SYSTEM     | oaGuiManager.Core.ui_window | 🖥️🎨 [UI] CRITICAL: Tkinter Exception:
Traceback (most recent call last):
  File "/usr/lib/python3.12/tkinter/__init__.py", line 1967, in __call__
    return self.func(*args)
           ^^^^^^^^^^^^^^^^
  File "/usr/lib/python3.12/tkinter/__init__.py", line 861, in callit
    func(*args)
  File "/home/anthony/Documents/OPEN-AIR/oaGuiBuildShell/Managers/gui_re.py", line 90, in _wrap_settle
    _final_settle()
  File "/home/anthony/Documents/OPEN-AIR/oaGuiBuildShell/Managers/gui_re.py", line 81, in _final_settle
    self._publish_initial_widget_states(self.config_data)
  File "/home/anthony/Documents/OPEN-AIR/oaGuiBuildShell/Managers/gui_mqtt.py", line 119, in _publish_initial_widget_states
    self.state_mirror_engine.announce_all_widgets()
  File "/home/anthony/Documents/OPEN-AIR/oaTranslator/Core/state_mirror_engine.py", line 127, in announce_all_widgets
    for widget_id in list(self.registered_widgets.keys()):
                          ^^^^^^^^^^^^
AttributeError: 'StateMirrorEngine' object has no attribute 'widgets'

103929.687 | ERROR    | UI   | SYSTEM     | oaGuiManager.Core.ui_window | 🖥️🎨 [UI] CRITICAL: Tkinter Exception:
Traceback (most recent call last):
  File "/usr/lib/python3.12/tkinter/__init__.py", line 1967, in __call__
    return self.func(*args)
           ^^^^^^^^^^^^^^^^
  File "/usr/lib/python3.12/tkinter/__init__.py", line 861, in callit
    func(*args)
  File "/home/anthony/Documents/OPEN-AIR/oaGuiBuildShell/Managers/gui_re.py", line 90, in _wrap_settle
    _final_settle()
  File "/home/anthony/Documents/OPEN-AIR/oaGuiBuildShell/Managers/gui_re.py", line 81, in _final_settle
    self._publish_initial_widget_states(self.config_data)
  File "/home/anthony/Documents/OPEN-AIR/oaGuiBuildShell/Managers/gui_mqtt.py", line 119, in _publish_initial_widget_states
    self.state_mirror_engine.announce_all_widgets()
  File "/home/anthony/Documents/OPEN-AIR/oaTranslator/Core/state_mirror_engine.py", line 127, in announce_all_widgets
    for widget_id in list(self.registered_widgets.keys()):
                          ^^^^^^^^^^^^
AttributeError: 'StateMirrorEngine' object has no attribute 'widgets'

103929.784 | ERROR    | UI   | SYSTEM     | oaGuiManager.Core.ui_window | 🖥️🎨 [UI] CRITICAL: Tkinter Exception:
Traceback (most recent call last):
  File "/usr/lib/python3.12/tkinter/__init__.py", line 1967, in __call__
    return self.func(*args)
           ^^^^^^^^^^^^^^^^
  File "/usr/lib/python3.12/tkinter/__init__.py", line 861, in callit
    func(*args)
  File "/home/anthony/Documents/OPEN-AIR/oaGuiBuildShell/Managers/gui_re.py", line 90, in _wrap_settle
    _final_settle()
  File "/home/anthony/Documents/OPEN-AIR/oaGuiBuildShell/Managers/gui_re.py", line 81, in _final_settle
    self._publish_initial_widget_states(self.config_data)
  File "/home/anthony/Documents/OPEN-AIR/oaGuiBuildShell/Managers/gui_mqtt.py", line 119, in _publish_initial_widget_states
    self.state_mirror_engine.announce_all_widgets()
  File "/home/anthony/Documents/OPEN-AIR/oaTranslator/Core/state_mirror_engine.py", line 127, in announce_all_widgets
    for widget_id in list(self.registered_widgets.keys()):
                          ^^^^^^^^^^^^
AttributeError: 'StateMirrorEngine' object has no attribute 'widgets'

103930.685 | ERROR    | UI   | SYSTEM     | oaGuiManager.Core.ui_window | 🖥️🎨 [UI] CRITICAL: Tkinter Exception:
Traceback (most recent call last):
  File "/usr/lib/python3.12/tkinter/__init__.py", line 1967, in __call__
    return self.func(*args)
           ^^^^^^^^^^^^^^^^
  File "/usr/lib/python3.12/tkinter/__init__.py", line 861, in callit
    func(*args)
  File "/home/anthony/Documents/OPEN-AIR/oaGuiBuildShell/Managers/gui_re.py", line 90, in _wrap_settle
    _final_settle()
  File "/home/anthony/Documents/OPEN-AIR/oaGuiBuildShell/Managers/gui_re.py", line 81, in _final_settle
    self._publish_initial_widget_states(self.config_data)
  File "/home/anthony/Documents/OPEN-AIR/oaGuiBuildShell/Managers/gui_mqtt.py", line 119, in _publish_initial_widget_states
    self.state_mirror_engine.announce_all_widgets()
  File "/home/anthony/Documents/OPEN-AIR/oaTranslator/Core/state_mirror_engine.py", line 127, in announce_all_widgets
    for widget_id in list(self.registered_widgets.keys()):
                          ^^^^^^^^^^^^
AttributeError: 'StateMirrorEngine' object has no attribute 'widgets'

103934.884 | ERROR    | UI   | SYSTEM     | oaGuiManager.Core.ui_window | 🖥️🎨 [UI] CRITICAL: Tkinter Exception:
Traceback (most recent call last):
  File "/usr/lib/python3.12/tkinter/__init__.py", line 1967, in __call__
    return self.func(*args)
           ^^^^^^^^^^^^^^^^
  File "/usr/lib/python3.12/tkinter/__init__.py", line 861, in callit
    func(*args)
  File "/home/anthony/Documents/OPEN-AIR/oaGuiBuildShell/Managers/gui_re.py", line 90, in _wrap_settle
    _final_settle()
  File "/home/anthony/Documents/OPEN-AIR/oaGuiBuildShell/Managers/gui_re.py", line 81, in _final_settle
    self._publish_initial_widget_states(self.config_data)
  File "/home/anthony/Documents/OPEN-AIR/oaGuiBuildShell/Managers/gui_mqtt.py", line 119, in _publish_initial_widget_states
    self.state_mirror_engine.announce_all_widgets()
  File "/home/anthony/Documents/OPEN-AIR/oaTranslator/Core/state_mirror_engine.py", line 127, in announce_all_widgets
    for widget_id in list(self.registered_widgets.keys()):
                          ^^^^^^^^^^^^
AttributeError: 'StateMirrorEngine' object has no attribute 'widgets'

104006.632 | ERROR    | UI   | SYSTEM     | oaGuiManager.Core.ui_window | 🖥️🎨 [UI] CRITICAL: Tkinter Exception:
Traceback (most recent call last):
  File "/usr/lib/python3.12/tkinter/__init__.py", line 1967, in __call__
    return self.func(*args)
           ^^^^^^^^^^^^^^^^
  File "/usr/lib/python3.12/tkinter/__init__.py", line 861, in callit
    func(*args)
  File "/home/anthony/Documents/OPEN-AIR/oaGuiBuildShell/Managers/gui_re.py", line 90, in _wrap_settle
    _final_settle()
  File "/home/anthony/Documents/OPEN-AIR/oaGuiBuildShell/Managers/gui_re.py", line 81, in _final_settle
    self._publish_initial_widget_states(self.config_data)
  File "/home/anthony/Documents/OPEN-AIR/oaGuiBuildShell/Managers/gui_mqtt.py", line 119, in _publish_initial_widget_states
    self.state_mirror_engine.announce_all_widgets()
  File "/home/anthony/Documents/OPEN-AIR/oaTranslator/Core/state_mirror_engine.py", line 127, in announce_all_widgets
    for widget_id in list(self.registered_widgets.keys()):
                          ^^^^^^^^^^^^
AttributeError: 'StateMirrorEngine' object has no attribute 'widgets'

104021.485 | ERROR    | UI   | SYSTEM     | oaGuiManager.Core.ui_window | 🖥️🎨 [UI] CRITICAL: Tkinter Exception:
Traceback (most recent call last):
  File "/usr/lib/python3.12/tkinter/__init__.py", line 1967, in __call__
    return self.func(*args)
           ^^^^^^^^^^^^^^^^
  File "/usr/lib/python3.12/tkinter/__init__.py", line 861, in callit
    func(*args)
  File "/home/anthony/Documents/OPEN-AIR/oaGuiBuildShell/Managers/gui_re.py", line 90, in _wrap_settle
    _final_settle()
  File "/home/anthony/Documents/OPEN-AIR/oaGuiBuildShell/Managers/gui_re.py", line 81, in _final_settle
    self._publish_initial_widget_states(self.config_data)
  File "/home/anthony/Documents/OPEN-AIR/oaGuiBuildShell/Managers/gui_mqtt.py", line 119, in _publish_initial_widget_states
    self.state_mirror_engine.announce_all_widgets()
  File "/home/anthony/Documents/OPEN-AIR/oaTranslator/Core/state_mirror_engine.py", line 127, in announce_all_widgets
    for widget_id in list(self.registered_widgets.keys()):
                          ^^^^^^^^^^^^
AttributeError: 'StateMirrorEngine' object has no attribute 'widgets'

104022.292 | ERROR    | UI   | SYSTEM     | oaGuiManager.Core.ui_window | 🖥️🎨 [UI] CRITICAL: Tkinter Exception:
Traceback (most recent call last):
  File "/usr/lib/python3.12/tkinter/__init__.py", line 1967, in __call__
    return self.func(*args)
           ^^^^^^^^^^^^^^^^
  File "/usr/lib/python3.12/tkinter/__init__.py", line 861, in callit
    func(*args)
  File "/home/anthony/Documents/OPEN-AIR/oaGuiBuildShell/Managers/gui_re.py", line 90, in _wrap_settle
    _final_settle()
  File "/home/anthony/Documents/OPEN-AIR/oaGuiBuildShell/Managers/gui_re.py", line 81, in _final_settle
    self._publish_initial_widget_states(self.config_data)
  File "/home/anthony/Documents/OPEN-AIR/oaGuiBuildShell/Managers/gui_mqtt.py", line 119, in _publish_initial_widget_states
    self.state_mirror_engine.announce_all_widgets()
  File "/home/anthony/Documents/OPEN-AIR/oaTranslator/Core/state_mirror_engine.py", line 127, in announce_all_widgets
    for widget_id in list(self.registered_widgets.keys()):
                          ^^^^^^^^^^^^
AttributeError: 'StateMirrorEngine' object has no attribute 'widgets'

104023.088 | ERROR    | UI   | SYSTEM     | oaGuiManager.Core.ui_window | 🖥️🎨 [UI] CRITICAL: Tkinter Exception:
Traceback (most recent call last):
  File "/usr/lib/python3.12/tkinter/__init__.py", line 1967, in __call__
    return self.func(*args)
           ^^^^^^^^^^^^^^^^
  File "/usr/lib/python3.12/tkinter/__init__.py", line 861, in callit
    func(*args)
  File "/home/anthony/Documents/OPEN-AIR/oaGuiBuildShell/Managers/gui_re.py", line 90, in _wrap_settle
    _final_settle()
  File "/home/anthony/Documents/OPEN-AIR/oaGuiBuildShell/Managers/gui_re.py", line 81, in _final_settle
    self._publish_initial_widget_states(self.config_data)
  File "/home/anthony/Documents/OPEN-AIR/oaGuiBuildShell/Managers/gui_mqtt.py", line 119, in _publish_initial_widget_states
    self.state_mirror_engine.announce_all_widgets()
  File "/home/anthony/Documents/OPEN-AIR/oaTranslator/Core/state_mirror_engine.py", line 127, in announce_all_widgets
    for widget_id in list(self.registered_widgets.keys()):
                          ^^^^^^^^^^^^
AttributeError: 'StateMirrorEngine' object has no attribute 'widgets'

104032.483 | ERROR    | UI   | SYSTEM     | oaGuiManager.Core.ui_window | 🖥️🎨 [UI] CRITICAL: Tkinter Exception:
Traceback (most recent call last):
  File "/usr/lib/python3.12/tkinter/__init__.py", line 1967, in __call__
    return self.func(*args)
           ^^^^^^^^^^^^^^^^
  File "/usr/lib/python3.12/tkinter/__init__.py", line 861, in callit
    func(*args)
  File "/home/anthony/Documents/OPEN-AIR/oaGuiBuildShell/Managers/gui_re.py", line 90, in _wrap_settle
    _final_settle()
  File "/home/anthony/Documents/OPEN-AIR/oaGuiBuildShell/Managers/gui_re.py", line 81, in _final_settle
    self._publish_initial_widget_states(self.config_data)
  File "/home/anthony/Documents/OPEN-AIR/oaGuiBuildShell/Managers/gui_mqtt.py", line 119, in _publish_initial_widget_states
    self.state_mirror_engine.announce_all_widgets()
  File "/home/anthony/Documents/OPEN-AIR/oaTranslator/Core/state_mirror_engine.py", line 127, in announce_all_widgets
    for widget_id in list(self.registered_widgets.keys()):
                          ^^^^^^^^^^^^
AttributeError: 'StateMirrorEngine' object has no attribute 'widgets'

104034.122 | ERROR    | UI   | SYSTEM     | oaGuiManager.Core.ui_window | 🖥️🎨 [UI] CRITICAL: Tkinter Exception:
Traceback (most recent call last):
  File "/usr/lib/python3.12/tkinter/__init__.py", line 1967, in __call__
    return self.func(*args)
           ^^^^^^^^^^^^^^^^
  File "/usr/lib/python3.12/tkinter/__init__.py", line 861, in callit
    func(*args)
  File "/home/anthony/Documents/OPEN-AIR/oaGuiBuildShell/Managers/gui_re.py", line 90, in _wrap_settle
    _final_settle()
  File "/home/anthony/Documents/OPEN-AIR/oaGuiBuildShell/Managers/gui_re.py", line 81, in _final_settle
    self._publish_initial_widget_states(self.config_data)
  File "/home/anthony/Documents/OPEN-AIR/oaGuiBuildShell/Managers/gui_mqtt.py", line 119, in _publish_initial_widget_states
    self.state_mirror_engine.announce_all_widgets()
  File "/home/anthony/Documents/OPEN-AIR/oaTranslator/Core/state_mirror_engine.py", line 127, in announce_all_widgets
    for widget_id in list(self.registered_widgets.keys()):
                          ^^^^^^^^^^^^
AttributeError: 'StateMirrorEngine' object has no attribute 'widgets'

104035.211 | ERROR    | UI   | SYSTEM     | oaGuiManager.Core.ui_window | 🖥️🎨 [UI] CRITICAL: Tkinter Exception:
Traceback (most recent call last):
  File "/usr/lib/python3.12/tkinter/__init__.py", line 1967, in __call__
    return self.func(*args)
           ^^^^^^^^^^^^^^^^
  File "/usr/lib/python3.12/tkinter/__init__.py", line 861, in callit
    func(*args)
  File "/home/anthony/Documents/OPEN-AIR/oaGuiBuildShell/Managers/gui_re.py", line 90, in _wrap_settle
    _final_settle()
  File "/home/anthony/Documents/OPEN-AIR/oaGuiBuildShell/Managers/gui_re.py", line 81, in _final_settle
    self._publish_initial_widget_states(self.config_data)
  File "/home/anthony/Documents/OPEN-AIR/oaGuiBuildShell/Managers/gui_mqtt.py", line 119, in _publish_initial_widget_states
    self.state_mirror_engine.announce_all_widgets()
  File "/home/anthony/Documents/OPEN-AIR/oaTranslator/Core/state_mirror_engine.py", line 127, in announce_all_widgets
    for widget_id in list(self.registered_widgets.keys()):
                          ^^^^^^^^^^^^
AttributeError: 'StateMirrorEngine' object has no attribute 'widgets'

104036.042 | ERROR    | UI   | SYSTEM     | oaGuiManager.Core.ui_window | 🖥️🎨 [UI] CRITICAL: Tkinter Exception:
Traceback (most recent call last):
  File "/usr/lib/python3.12/tkinter/__init__.py", line 1967, in __call__
    return self.func(*args)
           ^^^^^^^^^^^^^^^^
  File "/usr/lib/python3.12/tkinter/__init__.py", line 861, in callit
    func(*args)
  File "/home/anthony/Documents/OPEN-AIR/oaGuiBuildShell/Managers/gui_re.py", line 90, in _wrap_settle
    _final_settle()
  File "/home/anthony/Documents/OPEN-AIR/oaGuiBuildShell/Managers/gui_re.py", line 81, in _final_settle
    self._publish_initial_widget_states(self.config_data)
  File "/home/anthony/Documents/OPEN-AIR/oaGuiBuildShell/Managers/gui_mqtt.py", line 119, in _publish_initial_widget_states
    self.state_mirror_engine.announce_all_widgets()
  File "/home/anthony/Documents/OPEN-AIR/oaTranslator/Core/state_mirror_engine.py", line 127, in announce_all_widgets
    for widget_id in list(self.registered_widgets.keys()):
                          ^^^^^^^^^^^^
AttributeError: 'StateMirrorEngine' object has no attribute 'widgets'

104037.152 | ERROR    | UI   | SYSTEM     | oaGuiManager.Core.ui_window | 🖥️🎨 [UI] CRITICAL: Tkinter Exception:
Traceback (most recent call last):
  File "/usr/lib/python3.12/tkinter/__init__.py", line 1967, in __call__
    return self.func(*args)
           ^^^^^^^^^^^^^^^^
  File "/usr/lib/python3.12/tkinter/__init__.py", line 861, in callit
    func(*args)
  File "/home/anthony/Documents/OPEN-AIR/oaGuiBuildShell/Managers/gui_re.py", line 90, in _wrap_settle
    _final_settle()
  File "/home/anthony/Documents/OPEN-AIR/oaGuiBuildShell/Managers/gui_re.py", line 81, in _final_settle
    self._publish_initial_widget_states(self.config_data)
  File "/home/anthony/Documents/OPEN-AIR/oaGuiBuildShell/Managers/gui_mqtt.py", line 119, in _publish_initial_widget_states
    self.state_mirror_engine.announce_all_widgets()
  File "/home/anthony/Documents/OPEN-AIR/oaTranslator/Core/state_mirror_engine.py", line 127, in announce_all_widgets
    for widget_id in list(self.registered_widgets.keys()):
                          ^^^^^^^^^^^^
AttributeError: 'StateMirrorEngine' object has no attribute 'widgets'

104037.790 | ERROR    | UI   | SYSTEM     | oaGuiManager.Core.ui_window | 🖥️🎨 [UI] CRITICAL: Tkinter Exception:
Traceback (most recent call last):
  File "/usr/lib/python3.12/tkinter/__init__.py", line 1967, in __call__
    return self.func(*args)
           ^^^^^^^^^^^^^^^^
  File "/usr/lib/python3.12/tkinter/__init__.py", line 861, in callit
    func(*args)
  File "/home/anthony/Documents/OPEN-AIR/oaGuiBuildShell/Managers/gui_re.py", line 90, in _wrap_settle
    _final_settle()
  File "/home/anthony/Documents/OPEN-AIR/oaGuiBuildShell/Managers/gui_re.py", line 81, in _final_settle
    self._publish_initial_widget_states(self.config_data)
  File "/home/anthony/Documents/OPEN-AIR/oaGuiBuildShell/Managers/gui_mqtt.py", line 119, in _publish_initial_widget_states
    self.state_mirror_engine.announce_all_widgets()
  File "/home/anthony/Documents/OPEN-AIR/oaTranslator/Core/state_mirror_engine.py", line 127, in announce_all_widgets
    for widget_id in list(self.registered_widgets.keys()):
                          ^^^^^^^^^^^^
AttributeError: 'StateMirrorEngine' object has no attribute 'widgets'

104040.808 | ERROR    | UI   | SYSTEM     | oaGuiManager.Core.ui_window | 🖥️🎨 [UI] CRITICAL: Tkinter Exception:
Traceback (most recent call last):
  File "/usr/lib/python3.12/tkinter/__init__.py", line 1967, in __call__
    return self.func(*args)
           ^^^^^^^^^^^^^^^^
  File "/usr/lib/python3.12/tkinter/__init__.py", line 861, in callit
    func(*args)
  File "/home/anthony/Documents/OPEN-AIR/oaGuiBuildShell/Managers/gui_re.py", line 90, in _wrap_settle
    _final_settle()
  File "/home/anthony/Documents/OPEN-AIR/oaGuiBuildShell/Managers/gui_re.py", line 81, in _final_settle
    self._publish_initial_widget_states(self.config_data)
  File "/home/anthony/Documents/OPEN-AIR/oaGuiBuildShell/Managers/gui_mqtt.py", line 119, in _publish_initial_widget_states
    self.state_mirror_engine.announce_all_widgets()
  File "/home/anthony/Documents/OPEN-AIR/oaTranslator/Core/state_mirror_engine.py", line 127, in announce_all_widgets
    for widget_id in list(self.registered_widgets.keys()):
                          ^^^^^^^^^^^^
AttributeError: 'StateMirrorEngine' object has no attribute 'widgets'

104042.362 | ERROR    | UI   | SYSTEM     | oaGuiManager.Core.ui_window | 🖥️🎨 [UI] CRITICAL: Tkinter Exception:
Traceback (most recent call last):
  File "/usr/lib/python3.12/tkinter/__init__.py", line 1967, in __call__
    return self.func(*args)
           ^^^^^^^^^^^^^^^^
  File "/usr/lib/python3.12/tkinter/__init__.py", line 861, in callit
    func(*args)
  File "/home/anthony/Documents/OPEN-AIR/oaGuiBuildShell/Managers/gui_re.py", line 90, in _wrap_settle
    _final_settle()
  File "/home/anthony/Documents/OPEN-AIR/oaGuiBuildShell/Managers/gui_re.py", line 81, in _final_settle
    self._publish_initial_widget_states(self.config_data)
  File "/home/anthony/Documents/OPEN-AIR/oaGuiBuildShell/Managers/gui_mqtt.py", line 119, in _publish_initial_widget_states
    self.state_mirror_engine.announce_all_widgets()
  File "/home/anthony/Documents/OPEN-AIR/oaTranslator/Core/state_mirror_engine.py", line 127, in announce_all_widgets
    for widget_id in list(self.registered_widgets.keys()):
                          ^^^^^^^^^^^^
AttributeError: 'StateMirrorEngine' object has no attribute 'widgets'

104047.903 | ERROR    | UI   | SYSTEM     | oaGuiManager.Core.ui_window | 🖥️🎨 [UI] CRITICAL: Tkinter Exception:
Traceback (most recent call last):
  File "/usr/lib/python3.12/tkinter/__init__.py", line 1967, in __call__
    return self.func(*args)
           ^^^^^^^^^^^^^^^^
  File "/usr/lib/python3.12/tkinter/__init__.py", line 861, in callit
    func(*args)
  File "/home/anthony/Documents/OPEN-AIR/oaGuiBuildShell/Managers/gui_re.py", line 90, in _wrap_settle
    _final_settle()
  File "/home/anthony/Documents/OPEN-AIR/oaGuiBuildShell/Managers/gui_re.py", line 81, in _final_settle
    self._publish_initial_widget_states(self.config_data)
  File "/home/anthony/Documents/OPEN-AIR/oaGuiBuildShell/Managers/gui_mqtt.py", line 119, in _publish_initial_widget_states
    self.state_mirror_engine.announce_all_widgets()
  File "/home/anthony/Documents/OPEN-AIR/oaTranslator/Core/state_mirror_engine.py", line 127, in announce_all_widgets
    for widget_id in list(self.registered_widgets.keys()):
                          ^^^^^^^^^^^^
AttributeError: 'StateMirrorEngine' object has no attribute 'widgets'

104050.536 | ERROR    | UI   | SYSTEM     | oaGuiManager.FileReaders.module_loader | ❌ [IMPORT] Failed to load module /home/anthony/Documents/OPEN-AIR/oaGuiDefinitions/right_50/bottom_90/2_monitors/23_Showtime/Showtime.py: No module named 'oaFileImportCSV.from_csv_unknown'
104052.628 | ERROR    | UI   | SYSTEM     | oaGuiManager.Core.ui_window | 🖥️🎨 [UI] CRITICAL: Tkinter Exception:
Traceback (most recent call last):
  File "/usr/lib/python3.12/tkinter/__init__.py", line 1967, in __call__
    return self.func(*args)
           ^^^^^^^^^^^^^^^^
  File "/usr/lib/python3.12/tkinter/__init__.py", line 861, in callit
    func(*args)
  File "/home/anthony/Documents/OPEN-AIR/oaGuiBuildShell/Managers/gui_re.py", line 90, in _wrap_settle
    _final_settle()
  File "/home/anthony/Documents/OPEN-AIR/oaGuiBuildShell/Managers/gui_re.py", line 81, in _final_settle
    self._publish_initial_widget_states(self.config_data)
  File "/home/anthony/Documents/OPEN-AIR/oaGuiBuildShell/Managers/gui_mqtt.py", line 119, in _publish_initial_widget_states
    self.state_mirror_engine.announce_all_widgets()
  File "/home/anthony/Documents/OPEN-AIR/oaTranslator/Core/state_mirror_engine.py", line 127, in announce_all_widgets
    for widget_id in list(self.registered_widgets.keys()):
                          ^^^^^^^^^^^^
AttributeError: 'StateMirrorEngine' object has no attribute 'widgets'

104052.977 | WARNING  | UI   | SYSTEM     | OSC                  | 🅾️ OscDashboard: Could not find OSCManager. Monitor will be inactive.
104053.227 | ERROR    | UI   | SYSTEM     | oaGuiManager.Core.ui_window | 🖥️🎨 [UI] CRITICAL: Tkinter Exception:
Traceback (most recent call last):
  File "/usr/lib/python3.12/tkinter/__init__.py", line 1967, in __call__
    return self.func(*args)
           ^^^^^^^^^^^^^^^^
  File "/usr/lib/python3.12/tkinter/__init__.py", line 861, in callit
    func(*args)
  File "/home/anthony/Documents/OPEN-AIR/oaGuiBuildShell/Managers/gui_re.py", line 90, in _wrap_settle
    _final_settle()
  File "/home/anthony/Documents/OPEN-AIR/oaGuiBuildShell/Managers/gui_re.py", line 81, in _final_settle
    self._publish_initial_widget_states(self.config_data)
  File "/home/anthony/Documents/OPEN-AIR/oaGuiBuildShell/Managers/gui_mqtt.py", line 119, in _publish_initial_widget_states
    self.state_mirror_engine.announce_all_widgets()
  File "/home/anthony/Documents/OPEN-AIR/oaTranslator/Core/state_mirror_engine.py", line 127, in announce_all_widgets
    for widget_id in list(self.registered_widgets.keys()):
                          ^^^^^^^^^^^^
AttributeError: 'StateMirrorEngine' object has no attribute 'widgets'

104053.743 | ERROR    | UI   | SYSTEM     | oaGuiManager.Core.ui_window | 🖥️🎨 [UI] CRITICAL: Tkinter Exception:
Traceback (most recent call last):
  File "/usr/lib/python3.12/tkinter/__init__.py", line 1967, in __call__
    return self.func(*args)
           ^^^^^^^^^^^^^^^^
  File "/usr/lib/python3.12/tkinter/__init__.py", line 861, in callit
    func(*args)
  File "/home/anthony/Documents/OPEN-AIR/oaGuiBuildShell/Managers/gui_re.py", line 90, in _wrap_settle
    _final_settle()
  File "/home/anthony/Documents/OPEN-AIR/oaGuiBuildShell/Managers/gui_re.py", line 81, in _final_settle
    self._publish_initial_widget_states(self.config_data)
  File "/home/anthony/Documents/OPEN-AIR/oaGuiBuildShell/Managers/gui_mqtt.py", line 119, in _publish_initial_widget_states
    self.state_mirror_engine.announce_all_widgets()
  File "/home/anthony/Documents/OPEN-AIR/oaTranslator/Core/state_mirror_engine.py", line 127, in announce_all_widgets
    for widget_id in list(self.registered_widgets.keys()):
                          ^^^^^^^^^^^^
AttributeError: 'StateMirrorEngine' object has no attribute 'widgets'

104053.943 | ERROR    | UI   | SYSTEM     | oaGuiManager.FileReaders.module_loader | ❌ [IMPORT] Failed to load module /home/anthony/Documents/OPEN-AIR/oaGuiDefinitions/right_50/bottom_90/2_monitors/1588_PTP_Monitor/ptp_monitor.py: attempted relative import with no known parent package
104054.956 | ERROR    | UI   | SYSTEM     | oaGuiManager.Core.ui_window | 🖥️🎨 [UI] CRITICAL: Tkinter Exception:
Traceback (most recent call last):
  File "/usr/lib/python3.12/tkinter/__init__.py", line 1967, in __call__
    return self.func(*args)
           ^^^^^^^^^^^^^^^^
  File "/usr/lib/python3.12/tkinter/__init__.py", line 861, in callit
    func(*args)
  File "/home/anthony/Documents/OPEN-AIR/oaGuiBuildShell/Managers/gui_re.py", line 90, in _wrap_settle
    _final_settle()
  File "/home/anthony/Documents/OPEN-AIR/oaGuiBuildShell/Managers/gui_re.py", line 81, in _final_settle
    self._publish_initial_widget_states(self.config_data)
  File "/home/anthony/Documents/OPEN-AIR/oaGuiBuildShell/Managers/gui_mqtt.py", line 119, in _publish_initial_widget_states
    self.state_mirror_engine.announce_all_widgets()
  File "/home/anthony/Documents/OPEN-AIR/oaTranslator/Core/state_mirror_engine.py", line 127, in announce_all_widgets
    for widget_id in list(self.registered_widgets.keys()):
                          ^^^^^^^^^^^^
AttributeError: 'StateMirrorEngine' object has no attribute 'widgets'

104117.667 | ERROR    | UI   | SYSTEM     | oaGuiManager.Core.ui_window | 🖥️🎨 [UI] CRITICAL: Tkinter Exception:
Traceback (most recent call last):
  File "/usr/lib/python3.12/tkinter/__init__.py", line 1967, in __call__
    return self.func(*args)
           ^^^^^^^^^^^^^^^^
  File "/usr/lib/python3.12/tkinter/__init__.py", line 861, in callit
    func(*args)
  File "/home/anthony/Documents/OPEN-AIR/oaGuiBuildShell/Managers/gui_re.py", line 90, in _wrap_settle
    _final_settle()
  File "/home/anthony/Documents/OPEN-AIR/oaGuiBuildShell/Managers/gui_re.py", line 81, in _final_settle
    self._publish_initial_widget_states(self.config_data)
  File "/home/anthony/Documents/OPEN-AIR/oaGuiBuildShell/Managers/gui_mqtt.py", line 119, in _publish_initial_widget_states
    self.state_mirror_engine.announce_all_widgets()
  File "/home/anthony/Documents/OPEN-AIR/oaTranslator/Core/state_mirror_engine.py", line 127, in announce_all_widgets
    for widget_id in list(self.registered_widgets.keys()):
                          ^^^^^^^^^^^^
AttributeError: 'StateMirrorEngine' object has no attribute 'widgets'

104120.945 | ERROR    | UI   | SYSTEM     | oaComMQTT.Workers.mqtt_async_worker | 🚀🚫🛑 [MQTT] Subscribe Error: '<' not supported between instances of 'method' and 'int'
104120.946 | ERROR    | UI   | SYSTEM     | oaComMQTT.Workers.mqtt_async_worker | 🚀🚫🛑 [MQTT] Subscribe Error: '<' not supported between instances of 'method' and 'int'
104121.243 | ERROR    | UI   | SYSTEM     | oaGuiManager.Core.ui_window | 🖥️🎨 [UI] CRITICAL: Tkinter Exception:
Traceback (most recent call last):
  File "/usr/lib/python3.12/tkinter/__init__.py", line 1967, in __call__
    return self.func(*args)
           ^^^^^^^^^^^^^^^^
  File "/usr/lib/python3.12/tkinter/__init__.py", line 861, in callit
    func(*args)
  File "/home/anthony/Documents/OPEN-AIR/oaGuiBuildShell/Managers/gui_re.py", line 90, in _wrap_settle
    _final_settle()
  File "/home/anthony/Documents/OPEN-AIR/oaGuiBuildShell/Managers/gui_re.py", line 81, in _final_settle
    self._publish_initial_widget_states(self.config_data)
  File "/home/anthony/Documents/OPEN-AIR/oaGuiBuildShell/Managers/gui_mqtt.py", line 119, in _publish_initial_widget_states
    self.state_mirror_engine.announce_all_widgets()
  File "/home/anthony/Documents/OPEN-AIR/oaTranslator/Core/state_mirror_engine.py", line 127, in announce_all_widgets
    for widget_id in list(self.registered_widgets.keys()):
                          ^^^^^^^^^^^^
AttributeError: 'StateMirrorEngine' object has no attribute 'widgets'

104124.223 | ERROR    | UI   | SYSTEM     | oaGuiManager.Core.ui_window | 🖥️🎨 [UI] CRITICAL: Tkinter Exception:
Traceback (most recent call last):
  File "/usr/lib/python3.12/tkinter/__init__.py", line 1967, in __call__
    return self.func(*args)
           ^^^^^^^^^^^^^^^^
  File "/usr/lib/python3.12/tkinter/__init__.py", line 861, in callit
    func(*args)
  File "/home/anthony/Documents/OPEN-AIR/oaGuiBuildShell/Managers/gui_re.py", line 90, in _wrap_settle
    _final_settle()
  File "/home/anthony/Documents/OPEN-AIR/oaGuiBuildShell/Managers/gui_re.py", line 81, in _final_settle
    self._publish_initial_widget_states(self.config_data)
  File "/home/anthony/Documents/OPEN-AIR/oaGuiBuildShell/Managers/gui_mqtt.py", line 119, in _publish_initial_widget_states
    self.state_mirror_engine.announce_all_widgets()
  File "/home/anthony/Documents/OPEN-AIR/oaTranslator/Core/state_mirror_engine.py", line 127, in announce_all_widgets
    for widget_id in list(self.registered_widgets.keys()):
                          ^^^^^^^^^^^^
AttributeError: 'StateMirrorEngine' object has no attribute 'widgets'

104125.404 | ERROR    | UI   | SYSTEM     | oaGuiManager.Core.ui_window | 🖥️🎨 [UI] CRITICAL: Tkinter Exception:
Traceback (most recent call last):
  File "/usr/lib/python3.12/tkinter/__init__.py", line 1967, in __call__
    return self.func(*args)
           ^^^^^^^^^^^^^^^^
  File "/usr/lib/python3.12/tkinter/__init__.py", line 861, in callit
    func(*args)
  File "/home/anthony/Documents/OPEN-AIR/oaGuiBuildShell/Managers/gui_re.py", line 90, in _wrap_settle
    _final_settle()
  File "/home/anthony/Documents/OPEN-AIR/oaGuiBuildShell/Managers/gui_re.py", line 81, in _final_settle
    self._publish_initial_widget_states(self.config_data)
  File "/home/anthony/Documents/OPEN-AIR/oaGuiBuildShell/Managers/gui_mqtt.py", line 119, in _publish_initial_widget_states
    self.state_mirror_engine.announce_all_widgets()
  File "/home/anthony/Documents/OPEN-AIR/oaTranslator/Core/state_mirror_engine.py", line 127, in announce_all_widgets
    for widget_id in list(self.registered_widgets.keys()):
                          ^^^^^^^^^^^^
AttributeError: 'StateMirrorEngine' object has no attribute 'widgets'

104126.442 | ERROR    | UI   | SYSTEM     | oaGuiManager.Core.ui_window | 🖥️🎨 [UI] CRITICAL: Tkinter Exception:
Traceback (most recent call last):
  File "/usr/lib/python3.12/tkinter/__init__.py", line 1967, in __call__
    return self.func(*args)
           ^^^^^^^^^^^^^^^^
  File "/usr/lib/python3.12/tkinter/__init__.py", line 861, in callit
    func(*args)
  File "/home/anthony/Documents/OPEN-AIR/oaGuiBuildShell/Managers/gui_re.py", line 90, in _wrap_settle
    _final_settle()
  File "/home/anthony/Documents/OPEN-AIR/oaGuiBuildShell/Managers/gui_re.py", line 81, in _final_settle
    self._publish_initial_widget_states(self.config_data)
  File "/home/anthony/Documents/OPEN-AIR/oaGuiBuildShell/Managers/gui_mqtt.py", line 119, in _publish_initial_widget_states
    self.state_mirror_engine.announce_all_widgets()
  File "/home/anthony/Documents/OPEN-AIR/oaTranslator/Core/state_mirror_engine.py", line 127, in announce_all_widgets
    for widget_id in list(self.registered_widgets.keys()):
                          ^^^^^^^^^^^^
AttributeError: 'StateMirrorEngine' object has no attribute 'widgets'

104142.400 | WARNING  | UI   | OSC        | oaComOSC.Managers.osc_manager | 🅾️📡🛑 [OSC] Bridge Offline.
104142.401 | WARNING  | UI   | SYSTEM     | oaComSNMP.Managers.snmp_manager | 🌐 SNMP Bridge Offline.
