103548.236 | WARNING  | CORE | SYSTEM     | oaPTP.Core.ptp       | ⏱️ PTP Sniffer: [PERMISSION DENIED] Run as root/sudo for raw capture. Sniffer disabled.
103551.186 | CRITICAL | CORE | COMM       | oaSplinker.Core.handle_panic | 🆘 SPLINKER PANIC TRIGGERED! Emergency stop active.
103550.228 | ERROR    | UI   | SYSTEM     | oaGuiManager.Core.ui_window | 🖥️🎨 [UI] CRITICAL: Tkinter Exception:
Traceback (most recent call last):
  File "/usr/lib/python3.12/tkinter/__init__.py", line 1967, in __call__
    return self.func(*args)
           ^^^^^^^^^^^^^^^^
  File "/usr/lib/python3.12/tkinter/__init__.py", line 861, in callit
    func(*args)
  File "/home/anthony/Documents/OPEN-AIR/oaGuiBuildShell/Managers/gui_re.py", line 90, in _wrap_settle
    _final_settle()
  File "/home/anthony/Documents/OPEN-AIR/oaGuiBuildShell/Managers/gui_re.py", line 81, in _final_settle
    self._publish_initial_widget_states(self.config_data)
  File "/home/anthony/Documents/OPEN-AIR/oaGuiBuildShell/Managers/gui_mqtt.py", line 119, in _publish_initial_widget_states
    self.state_mirror_engine.announce_all_widgets()
  File "/home/anthony/Documents/OPEN-AIR/oaTranslator/Core/state_mirror_engine.py", line 127, in announce_all_widgets
    for widget_id in list(self.widgets.keys()):
                          ^^^^^^^^^^^^
AttributeError: 'StateMirrorEngine' object has no attribute 'widgets'

103550.517 | ERROR    | UI   | SYSTEM     | oaGuiManager.Core.ui_window | 🖥️🎨 [UI] CRITICAL: Tkinter Exception:
Traceback (most recent call last):
  File "/usr/lib/python3.12/tkinter/__init__.py", line 1967, in __call__
    return self.func(*args)
           ^^^^^^^^^^^^^^^^
  File "/usr/lib/python3.12/tkinter/__init__.py", line 861, in callit
    func(*args)
  File "/home/anthony/Documents/OPEN-AIR/oaGuiBuildShell/Managers/gui_re.py", line 90, in _wrap_settle
    _final_settle()
  File "/home/anthony/Documents/OPEN-AIR/oaGuiBuildShell/Managers/gui_re.py", line 81, in _final_settle
    self._publish_initial_widget_states(self.config_data)
  File "/home/anthony/Documents/OPEN-AIR/oaGuiBuildShell/Managers/gui_mqtt.py", line 119, in _publish_initial_widget_states
    self.state_mirror_engine.announce_all_widgets()
  File "/home/anthony/Documents/OPEN-AIR/oaTranslator/Core/state_mirror_engine.py", line 127, in announce_all_widgets
    for widget_id in list(self.widgets.keys()):
                          ^^^^^^^^^^^^
AttributeError: 'StateMirrorEngine' object has no attribute 'widgets'

103550.720 | ERROR    | UI   | SYSTEM     | oaGuiManager.Core.ui_window | 🖥️🎨 [UI] CRITICAL: Tkinter Exception:
Traceback (most recent call last):
  File "/usr/lib/python3.12/tkinter/__init__.py", line 1967, in __call__
    return self.func(*args)
           ^^^^^^^^^^^^^^^^
  File "/usr/lib/python3.12/tkinter/__init__.py", line 861, in callit
    func(*args)
  File "/home/anthony/Documents/OPEN-AIR/oaGuiBuildShell/Managers/gui_re.py", line 90, in _wrap_settle
    _final_settle()
  File "/home/anthony/Documents/OPEN-AIR/oaGuiBuildShell/Managers/gui_re.py", line 81, in _final_settle
    self._publish_initial_widget_states(self.config_data)
  File "/home/anthony/Documents/OPEN-AIR/oaGuiBuildShell/Managers/gui_mqtt.py", line 119, in _publish_initial_widget_states
    self.state_mirror_engine.announce_all_widgets()
  File "/home/anthony/Documents/OPEN-AIR/oaTranslator/Core/state_mirror_engine.py", line 127, in announce_all_widgets
    for widget_id in list(self.widgets.keys()):
                          ^^^^^^^^^^^^
AttributeError: 'StateMirrorEngine' object has no attribute 'widgets'

103551.187 | CRITICAL | UI   | COMM       | oaSplinker.Core.handle_panic | 🆘 SPLINKER PANIC TRIGGERED! Emergency stop active.
103553.356 | ERROR    | UI   | SYSTEM     | oaGuiManager.Core.ui_window | 🖥️🎨 [UI] CRITICAL: Tkinter Exception:
Traceback (most recent call last):
  File "/usr/lib/python3.12/tkinter/__init__.py", line 1967, in __call__
    return self.func(*args)
           ^^^^^^^^^^^^^^^^
  File "/usr/lib/python3.12/tkinter/__init__.py", line 861, in callit
    func(*args)
  File "/home/anthony/Documents/OPEN-AIR/oaGuiBuildShell/Managers/gui_re.py", line 90, in _wrap_settle
    _final_settle()
  File "/home/anthony/Documents/OPEN-AIR/oaGuiBuildShell/Managers/gui_re.py", line 81, in _final_settle
    self._publish_initial_widget_states(self.config_data)
  File "/home/anthony/Documents/OPEN-AIR/oaGuiBuildShell/Managers/gui_mqtt.py", line 119, in _publish_initial_widget_states
    self.state_mirror_engine.announce_all_widgets()
  File "/home/anthony/Documents/OPEN-AIR/oaTranslator/Core/state_mirror_engine.py", line 127, in announce_all_widgets
    for widget_id in list(self.widgets.keys()):
                          ^^^^^^^^^^^^
AttributeError: 'StateMirrorEngine' object has no attribute 'widgets'

103553.393 | ERROR    | UI   | SYSTEM     | oaGuiManager.Core.ui_window | 🖥️🎨 [UI] CRITICAL: Tkinter Exception:
Traceback (most recent call last):
  File "/usr/lib/python3.12/tkinter/__init__.py", line 1967, in __call__
    return self.func(*args)
           ^^^^^^^^^^^^^^^^
  File "/usr/lib/python3.12/tkinter/__init__.py", line 861, in callit
    func(*args)
  File "/home/anthony/Documents/OPEN-AIR/oaGuiBuildShell/Managers/gui_re.py", line 90, in _wrap_settle
    _final_settle()
  File "/home/anthony/Documents/OPEN-AIR/oaGuiBuildShell/Managers/gui_re.py", line 81, in _final_settle
    self._publish_initial_widget_states(self.config_data)
  File "/home/anthony/Documents/OPEN-AIR/oaGuiBuildShell/Managers/gui_mqtt.py", line 119, in _publish_initial_widget_states
    self.state_mirror_engine.announce_all_widgets()
  File "/home/anthony/Documents/OPEN-AIR/oaTranslator/Core/state_mirror_engine.py", line 127, in announce_all_widgets
    for widget_id in list(self.widgets.keys()):
                          ^^^^^^^^^^^^
AttributeError: 'StateMirrorEngine' object has no attribute 'widgets'

103553.772 | ERROR    | UI   | SYSTEM     | oaGuiManager.Core.ui_window | 🖥️🎨 [UI] CRITICAL: Tkinter Exception:
Traceback (most recent call last):
  File "/usr/lib/python3.12/tkinter/__init__.py", line 1967, in __call__
    return self.func(*args)
           ^^^^^^^^^^^^^^^^
  File "/usr/lib/python3.12/tkinter/__init__.py", line 861, in callit
    func(*args)
  File "/home/anthony/Documents/OPEN-AIR/oaGuiBuildShell/Managers/gui_re.py", line 90, in _wrap_settle
    _final_settle()
  File "/home/anthony/Documents/OPEN-AIR/oaGuiBuildShell/Managers/gui_re.py", line 81, in _final_settle
    self._publish_initial_widget_states(self.config_data)
  File "/home/anthony/Documents/OPEN-AIR/oaGuiBuildShell/Managers/gui_mqtt.py", line 119, in _publish_initial_widget_states
    self.state_mirror_engine.announce_all_widgets()
  File "/home/anthony/Documents/OPEN-AIR/oaTranslator/Core/state_mirror_engine.py", line 127, in announce_all_widgets
    for widget_id in list(self.widgets.keys()):
                          ^^^^^^^^^^^^
AttributeError: 'StateMirrorEngine' object has no attribute 'widgets'

103553.909 | ERROR    | UI   | SYSTEM     | oaGuiManager.Core.ui_window | 🖥️🎨 [UI] CRITICAL: Tkinter Exception:
Traceback (most recent call last):
  File "/usr/lib/python3.12/tkinter/__init__.py", line 1967, in __call__
    return self.func(*args)
           ^^^^^^^^^^^^^^^^
  File "/usr/lib/python3.12/tkinter/__init__.py", line 861, in callit
    func(*args)
  File "/home/anthony/Documents/OPEN-AIR/oaGuiBuildShell/Managers/gui_re.py", line 90, in _wrap_settle
    _final_settle()
  File "/home/anthony/Documents/OPEN-AIR/oaGuiBuildShell/Managers/gui_re.py", line 81, in _final_settle
    self._publish_initial_widget_states(self.config_data)
  File "/home/anthony/Documents/OPEN-AIR/oaGuiBuildShell/Managers/gui_mqtt.py", line 119, in _publish_initial_widget_states
    self.state_mirror_engine.announce_all_widgets()
  File "/home/anthony/Documents/OPEN-AIR/oaTranslator/Core/state_mirror_engine.py", line 127, in announce_all_widgets
    for widget_id in list(self.widgets.keys()):
                          ^^^^^^^^^^^^
AttributeError: 'StateMirrorEngine' object has no attribute 'widgets'

103602.729 | ERROR    | UI   | SYSTEM     | oaGuiManager.Core.ui_window | 🖥️🎨 [UI] CRITICAL: Tkinter Exception:
Traceback (most recent call last):
  File "/usr/lib/python3.12/tkinter/__init__.py", line 1967, in __call__
    return self.func(*args)
           ^^^^^^^^^^^^^^^^
  File "/usr/lib/python3.12/tkinter/__init__.py", line 861, in callit
    func(*args)
  File "/home/anthony/Documents/OPEN-AIR/oaGuiBuildShell/Managers/gui_re.py", line 90, in _wrap_settle
    _final_settle()
  File "/home/anthony/Documents/OPEN-AIR/oaGuiBuildShell/Managers/gui_re.py", line 81, in _final_settle
    self._publish_initial_widget_states(self.config_data)
  File "/home/anthony/Documents/OPEN-AIR/oaGuiBuildShell/Managers/gui_mqtt.py", line 119, in _publish_initial_widget_states
    self.state_mirror_engine.announce_all_widgets()
  File "/home/anthony/Documents/OPEN-AIR/oaTranslator/Core/state_mirror_engine.py", line 127, in announce_all_widgets
    for widget_id in list(self.widgets.keys()):
                          ^^^^^^^^^^^^
AttributeError: 'StateMirrorEngine' object has no attribute 'widgets'

103603.972 | ERROR    | UI   | SYSTEM     | oaGuiManager.Core.ui_window | 🖥️🎨 [UI] CRITICAL: Tkinter Exception:
Traceback (most recent call last):
  File "/usr/lib/python3.12/tkinter/__init__.py", line 1967, in __call__
    return self.func(*args)
           ^^^^^^^^^^^^^^^^
  File "/usr/lib/python3.12/tkinter/__init__.py", line 861, in callit
    func(*args)
  File "/home/anthony/Documents/OPEN-AIR/oaGuiBuildShell/Managers/gui_re.py", line 90, in _wrap_settle
    _final_settle()
  File "/home/anthony/Documents/OPEN-AIR/oaGuiBuildShell/Managers/gui_re.py", line 81, in _final_settle
    self._publish_initial_widget_states(self.config_data)
  File "/home/anthony/Documents/OPEN-AIR/oaGuiBuildShell/Managers/gui_mqtt.py", line 119, in _publish_initial_widget_states
    self.state_mirror_engine.announce_all_widgets()
  File "/home/anthony/Documents/OPEN-AIR/oaTranslator/Core/state_mirror_engine.py", line 127, in announce_all_widgets
    for widget_id in list(self.widgets.keys()):
                          ^^^^^^^^^^^^
AttributeError: 'StateMirrorEngine' object has no attribute 'widgets'

103605.872 | ERROR    | UI   | SYSTEM     | oaGuiManager.Core.ui_window | 🖥️🎨 [UI] CRITICAL: Tkinter Exception:
Traceback (most recent call last):
  File "/usr/lib/python3.12/tkinter/__init__.py", line 1967, in __call__
    return self.func(*args)
           ^^^^^^^^^^^^^^^^
  File "/usr/lib/python3.12/tkinter/__init__.py", line 861, in callit
    func(*args)
  File "/home/anthony/Documents/OPEN-AIR/oaGuiBuildShell/Managers/gui_re.py", line 90, in _wrap_settle
    _final_settle()
  File "/home/anthony/Documents/OPEN-AIR/oaGuiBuildShell/Managers/gui_re.py", line 81, in _final_settle
    self._publish_initial_widget_states(self.config_data)
  File "/home/anthony/Documents/OPEN-AIR/oaGuiBuildShell/Managers/gui_mqtt.py", line 119, in _publish_initial_widget_states
    self.state_mirror_engine.announce_all_widgets()
  File "/home/anthony/Documents/OPEN-AIR/oaTranslator/Core/state_mirror_engine.py", line 127, in announce_all_widgets
    for widget_id in list(self.widgets.keys()):
                          ^^^^^^^^^^^^
AttributeError: 'StateMirrorEngine' object has no attribute 'widgets'

