100713.996 | WARNING  | ❓ SUP     | SYSTEM             | oaTests.Core.FlameGraph.flame_capture | FlameGraph: Profiler enable failed, running thread without profiling: Another profiling tool is already active
100713.996 | WARNING  | ❓ SUP     | SYSTEM             | oaTests.Core.FlameGraph.flame_capture | FlameGraph: Profiler enable failed, running thread without profiling: Another profiling tool is already active
100715.248 | ERROR    | 🎨 UI      | SYSTEM             | oaGuiManager.Core.ui_window | 🖥️🎨 [UI] CRITICAL: Tkinter Exception:
Traceback (most recent call last):
  File "/usr/lib/python3.12/tkinter/__init__.py", line 1967, in __call__
    return self.func(*args)
           ^^^^^^^^^^^^^^^^
  File "/home/anthony/Documents/OPEN-AIR/oaTranslator/Core/state_mirror_engine.py", line 83, in _auto_broadcast
    self.broadcast_gui_change_to_mqtt(widget_id)
  File "/home/anthony/Documents/OPEN-AIR/oaTranslator/Core/state_mirror_engine.py", line 177, in broadcast_gui_change_to_mqtt
    self.state_cache_manager.handle_external_update(widget_info["topic"], current_val, source="GUI", metadata=metadata)
  File "/home/anthony/Documents/OPEN-AIR/oaStateCache/Core/state_cache.py", line 108, in handle_external_update
    from oaTranslator.manifest.builder import create_manifest
ModuleNotFoundError: No module named 'oaTranslator.manifest'

100715.499 | ERROR    | 🎨 UI      | SYSTEM             | oaGuiManager.Core.ui_window | 🖥️🎨 [UI] CRITICAL: Tkinter Exception:
Traceback (most recent call last):
  File "/usr/lib/python3.12/tkinter/__init__.py", line 1967, in __call__
    return self.func(*args)
           ^^^^^^^^^^^^^^^^
  File "/usr/lib/python3.12/tkinter/__init__.py", line 861, in callit
    func(*args)
  File "/home/anthony/Documents/OPEN-AIR/oaGuiBuildShell/Managers/gui_re.py", line 90, in _wrap_settle
    _final_settle()
  File "/home/anthony/Documents/OPEN-AIR/oaGuiBuildShell/Managers/gui_re.py", line 81, in _final_settle
    self._publish_initial_widget_states(self.config_data)
  File "/home/anthony/Documents/OPEN-AIR/oaGuiBuildShell/Managers/gui_mqtt.py", line 119, in _publish_initial_widget_states
    self.state_mirror_engine.announce_all_widgets()
  File "/home/anthony/Documents/OPEN-AIR/oaTranslator/Core/state_mirror_engine.py", line 136, in announce_all_widgets
    self.broadcast_gui_change_to_mqtt(widget_id, extra_payload={"boot": True})
  File "/home/anthony/Documents/OPEN-AIR/oaTranslator/Core/state_mirror_engine.py", line 177, in broadcast_gui_change_to_mqtt
    self.state_cache_manager.handle_external_update(widget_info["topic"], current_val, source="GUI", metadata=metadata)
  File "/home/anthony/Documents/OPEN-AIR/oaStateCache/Core/state_cache.py", line 108, in handle_external_update
    from oaTranslator.manifest.builder import create_manifest
ModuleNotFoundError: No module named 'oaTranslator.manifest'

100715.727 | ERROR    | 🎨 UI      | SYSTEM             | oaGuiManager.Core.ui_window | 🖥️🎨 [UI] CRITICAL: Tkinter Exception:
Traceback (most recent call last):
  File "/usr/lib/python3.12/tkinter/__init__.py", line 1967, in __call__
    return self.func(*args)
           ^^^^^^^^^^^^^^^^
  File "/home/anthony/Documents/OPEN-AIR/oaTranslator/Core/state_mirror_engine.py", line 83, in _auto_broadcast
    self.broadcast_gui_change_to_mqtt(widget_id)
  File "/home/anthony/Documents/OPEN-AIR/oaTranslator/Core/state_mirror_engine.py", line 177, in broadcast_gui_change_to_mqtt
    self.state_cache_manager.handle_external_update(widget_info["topic"], current_val, source="GUI", metadata=metadata)
  File "/home/anthony/Documents/OPEN-AIR/oaStateCache/Core/state_cache.py", line 108, in handle_external_update
    from oaTranslator.manifest.builder import create_manifest
ModuleNotFoundError: No module named 'oaTranslator.manifest'

100715.840 | ERROR    | 🎨 UI      | SYSTEM             | oaGuiManager.Core.ui_window | 🖥️🎨 [UI] CRITICAL: Tkinter Exception:
Traceback (most recent call last):
  File "/usr/lib/python3.12/tkinter/__init__.py", line 1967, in __call__
    return self.func(*args)
           ^^^^^^^^^^^^^^^^
  File "/home/anthony/Documents/OPEN-AIR/oaTranslator/Core/state_mirror_engine.py", line 83, in _auto_broadcast
    self.broadcast_gui_change_to_mqtt(widget_id)
  File "/home/anthony/Documents/OPEN-AIR/oaTranslator/Core/state_mirror_engine.py", line 177, in broadcast_gui_change_to_mqtt
    self.state_cache_manager.handle_external_update(widget_info["topic"], current_val, source="GUI", metadata=metadata)
  File "/home/anthony/Documents/OPEN-AIR/oaStateCache/Core/state_cache.py", line 108, in handle_external_update
    from oaTranslator.manifest.builder import create_manifest
ModuleNotFoundError: No module named 'oaTranslator.manifest'

100716.084 | ERROR    | 🎨 UI      | SYSTEM             | oaGuiManager.Core.ui_window | 🖥️🎨 [UI] CRITICAL: Tkinter Exception:
Traceback (most recent call last):
  File "/usr/lib/python3.12/tkinter/__init__.py", line 1967, in __call__
    return self.func(*args)
           ^^^^^^^^^^^^^^^^
  File "/usr/lib/python3.12/tkinter/__init__.py", line 861, in callit
    func(*args)
  File "/home/anthony/Documents/OPEN-AIR/oaGuiBuildShell/Managers/gui_re.py", line 90, in _wrap_settle
    _final_settle()
  File "/home/anthony/Documents/OPEN-AIR/oaGuiBuildShell/Managers/gui_re.py", line 81, in _final_settle
    self._publish_initial_widget_states(self.config_data)
  File "/home/anthony/Documents/OPEN-AIR/oaGuiBuildShell/Managers/gui_mqtt.py", line 119, in _publish_initial_widget_states
    self.state_mirror_engine.announce_all_widgets()
  File "/home/anthony/Documents/OPEN-AIR/oaTranslator/Core/state_mirror_engine.py", line 136, in announce_all_widgets
    self.broadcast_gui_change_to_mqtt(widget_id, extra_payload={"boot": True})
  File "/home/anthony/Documents/OPEN-AIR/oaTranslator/Core/state_mirror_engine.py", line 177, in broadcast_gui_change_to_mqtt
    self.state_cache_manager.handle_external_update(widget_info["topic"], current_val, source="GUI", metadata=metadata)
  File "/home/anthony/Documents/OPEN-AIR/oaStateCache/Core/state_cache.py", line 108, in handle_external_update
    from oaTranslator.manifest.builder import create_manifest
ModuleNotFoundError: No module named 'oaTranslator.manifest'

100716.345 | ERROR    | 🎨 UI      | SYSTEM             | oaGuiManager.Core.ui_window | 🖥️🎨 [UI] CRITICAL: Tkinter Exception:
Traceback (most recent call last):
  File "/usr/lib/python3.12/tkinter/__init__.py", line 1967, in __call__
    return self.func(*args)
           ^^^^^^^^^^^^^^^^
  File "/usr/lib/python3.12/tkinter/__init__.py", line 861, in callit
    func(*args)
  File "/home/anthony/Documents/OPEN-AIR/oaGuiBuildShell/Managers/gui_re.py", line 90, in _wrap_settle
    _final_settle()
  File "/home/anthony/Documents/OPEN-AIR/oaGuiBuildShell/Managers/gui_re.py", line 81, in _final_settle
    self._publish_initial_widget_states(self.config_data)
  File "/home/anthony/Documents/OPEN-AIR/oaGuiBuildShell/Managers/gui_mqtt.py", line 119, in _publish_initial_widget_states
    self.state_mirror_engine.announce_all_widgets()
  File "/home/anthony/Documents/OPEN-AIR/oaTranslator/Core/state_mirror_engine.py", line 136, in announce_all_widgets
    self.broadcast_gui_change_to_mqtt(widget_id, extra_payload={"boot": True})
  File "/home/anthony/Documents/OPEN-AIR/oaTranslator/Core/state_mirror_engine.py", line 177, in broadcast_gui_change_to_mqtt
    self.state_cache_manager.handle_external_update(widget_info["topic"], current_val, source="GUI", metadata=metadata)
  File "/home/anthony/Documents/OPEN-AIR/oaStateCache/Core/state_cache.py", line 108, in handle_external_update
    from oaTranslator.manifest.builder import create_manifest
ModuleNotFoundError: No module named 'oaTranslator.manifest'

100906.864 | ERROR    | 🎨 UI      | SYSTEM             | oaGuiManager.Core.ui_window | 🖥️🎨 [UI] CRITICAL: Tkinter Exception:
Traceback (most recent call last):
  File "/usr/lib/python3.12/tkinter/__init__.py", line 1967, in __call__
    return self.func(*args)
           ^^^^^^^^^^^^^^^^
  File "/home/anthony/Documents/OPEN-AIR/oaTranslator/Core/state_mirror_engine.py", line 83, in _auto_broadcast
    self.broadcast_gui_change_to_mqtt(widget_id)
  File "/home/anthony/Documents/OPEN-AIR/oaTranslator/Core/state_mirror_engine.py", line 177, in broadcast_gui_change_to_mqtt
    self.state_cache_manager.handle_external_update(widget_info["topic"], current_val, source="GUI", metadata=metadata)
  File "/home/anthony/Documents/OPEN-AIR/oaStateCache/Core/state_cache.py", line 108, in handle_external_update
    from oaTranslator.Core.manifest.builder import create_manifest
    ^^^^^^^^^^^^^^^^^^^^^^^^^^^^^^^^^^^^^^^^^^^^^^^^^^^^^^^^^
ModuleNotFoundError: No module named 'oaTranslator.manifest'

100907.060 | ERROR    | 🎨 UI      | SYSTEM             | oaGuiManager.Core.ui_window | 🖥️🎨 [UI] CRITICAL: Tkinter Exception:
Traceback (most recent call last):
  File "/usr/lib/python3.12/tkinter/__init__.py", line 1967, in __call__
    return self.func(*args)
           ^^^^^^^^^^^^^^^^
  File "/home/anthony/Documents/OPEN-AIR/oaTranslator/Core/state_mirror_engine.py", line 83, in _auto_broadcast
    self.broadcast_gui_change_to_mqtt(widget_id)
  File "/home/anthony/Documents/OPEN-AIR/oaTranslator/Core/state_mirror_engine.py", line 177, in broadcast_gui_change_to_mqtt
    self.state_cache_manager.handle_external_update(widget_info["topic"], current_val, source="GUI", metadata=metadata)
  File "/home/anthony/Documents/OPEN-AIR/oaStateCache/Core/state_cache.py", line 108, in handle_external_update
    from oaTranslator.Core.manifest.builder import create_manifest
    ^^^^^^^^^^^^^^^^^^^^^^^^^^^^^^^^^^^^^^^^^^^^^^^^^^^^^^^^^
ModuleNotFoundError: No module named 'oaTranslator.manifest'

100907.600 | ERROR    | 🎨 UI      | SYSTEM             | oaGuiManager.Core.ui_window | 🖥️🎨 [UI] CRITICAL: Tkinter Exception:
Traceback (most recent call last):
  File "/usr/lib/python3.12/tkinter/__init__.py", line 1967, in __call__
    return self.func(*args)
           ^^^^^^^^^^^^^^^^
  File "/usr/lib/python3.12/tkinter/__init__.py", line 861, in callit
    func(*args)
  File "/home/anthony/Documents/OPEN-AIR/oaGuiBuildShell/Managers/gui_re.py", line 90, in _wrap_settle
    _final_settle()
  File "/home/anthony/Documents/OPEN-AIR/oaGuiBuildShell/Managers/gui_re.py", line 81, in _final_settle
    self._publish_initial_widget_states(self.config_data)
  File "/home/anthony/Documents/OPEN-AIR/oaGuiBuildShell/Managers/gui_mqtt.py", line 119, in _publish_initial_widget_states
    self.state_mirror_engine.announce_all_widgets()
  File "/home/anthony/Documents/OPEN-AIR/oaTranslator/Core/state_mirror_engine.py", line 136, in announce_all_widgets
    self.broadcast_gui_change_to_mqtt(widget_id, extra_payload={"boot": True})
  File "/home/anthony/Documents/OPEN-AIR/oaTranslator/Core/state_mirror_engine.py", line 177, in broadcast_gui_change_to_mqtt
    self.state_cache_manager.handle_external_update(widget_info["topic"], current_val, source="GUI", metadata=metadata)
  File "/home/anthony/Documents/OPEN-AIR/oaStateCache/Core/state_cache.py", line 108, in handle_external_update
    from oaTranslator.Core.manifest.builder import create_manifest
    ^^^^^^^^^^^^^^^^^^^^^^^^^^^^^^^^^^^^^^^^^^^^^^^^^^^^^^^^^
ModuleNotFoundError: No module named 'oaTranslator.manifest'

100907.777 | ERROR    | 🎨 UI      | SYSTEM             | oaGuiManager.Core.ui_window | 🖥️🎨 [UI] CRITICAL: Tkinter Exception:
Traceback (most recent call last):
  File "/usr/lib/python3.12/tkinter/__init__.py", line 1967, in __call__
    return self.func(*args)
           ^^^^^^^^^^^^^^^^
  File "/usr/lib/python3.12/tkinter/__init__.py", line 861, in callit
    func(*args)
  File "/home/anthony/Documents/OPEN-AIR/oaGuiBuildShell/Managers/gui_re.py", line 90, in _wrap_settle
    _final_settle()
  File "/home/anthony/Documents/OPEN-AIR/oaGuiBuildShell/Managers/gui_re.py", line 81, in _final_settle
    self._publish_initial_widget_states(self.config_data)
  File "/home/anthony/Documents/OPEN-AIR/oaGuiBuildShell/Managers/gui_mqtt.py", line 119, in _publish_initial_widget_states
    self.state_mirror_engine.announce_all_widgets()
  File "/home/anthony/Documents/OPEN-AIR/oaTranslator/Core/state_mirror_engine.py", line 136, in announce_all_widgets
    self.broadcast_gui_change_to_mqtt(widget_id, extra_payload={"boot": True})
  File "/home/anthony/Documents/OPEN-AIR/oaTranslator/Core/state_mirror_engine.py", line 177, in broadcast_gui_change_to_mqtt
    self.state_cache_manager.handle_external_update(widget_info["topic"], current_val, source="GUI", metadata=metadata)
  File "/home/anthony/Documents/OPEN-AIR/oaStateCache/Core/state_cache.py", line 108, in handle_external_update
    from oaTranslator.Core.manifest.builder import create_manifest
    ^^^^^^^^^^^^^^^^^^^^^^^^^^^^^^^^^^^^^^^^^^^^^^^^^^^^^^^^^
ModuleNotFoundError: No module named 'oaTranslator.manifest'

100908.028 | ERROR    | 🎨 UI      | SYSTEM             | oaGuiManager.Core.ui_window | 🖥️🎨 [UI] CRITICAL: Tkinter Exception:
Traceback (most recent call last):
  File "/usr/lib/python3.12/tkinter/__init__.py", line 1967, in __call__
    return self.func(*args)
           ^^^^^^^^^^^^^^^^
  File "/home/anthony/Documents/OPEN-AIR/oaTranslator/Core/state_mirror_engine.py", line 83, in _auto_broadcast
    self.broadcast_gui_change_to_mqtt(widget_id)
  File "/home/anthony/Documents/OPEN-AIR/oaTranslator/Core/state_mirror_engine.py", line 177, in broadcast_gui_change_to_mqtt
    self.state_cache_manager.handle_external_update(widget_info["topic"], current_val, source="GUI", metadata=metadata)
  File "/home/anthony/Documents/OPEN-AIR/oaStateCache/Core/state_cache.py", line 108, in handle_external_update
    from oaTranslator.Core.manifest.builder import create_manifest
    ^^^^^^^^^^^^^^^^^^^^^^^^^^^^^^^^^^^^^^^^^^^^^^^^^^^^^^^^^
ModuleNotFoundError: No module named 'oaTranslator.manifest'

100908.718 | ERROR    | 🎨 UI      | SYSTEM             | oaGuiManager.Core.ui_window | 🖥️🎨 [UI] CRITICAL: Tkinter Exception:
Traceback (most recent call last):
  File "/usr/lib/python3.12/tkinter/__init__.py", line 1967, in __call__
    return self.func(*args)
           ^^^^^^^^^^^^^^^^
  File "/usr/lib/python3.12/tkinter/__init__.py", line 861, in callit
    func(*args)
  File "/home/anthony/Documents/OPEN-AIR/oaGuiBuildShell/Managers/gui_re.py", line 90, in _wrap_settle
    _final_settle()
  File "/home/anthony/Documents/OPEN-AIR/oaGuiBuildShell/Managers/gui_re.py", line 81, in _final_settle
    self._publish_initial_widget_states(self.config_data)
  File "/home/anthony/Documents/OPEN-AIR/oaGuiBuildShell/Managers/gui_mqtt.py", line 119, in _publish_initial_widget_states
    self.state_mirror_engine.announce_all_widgets()
  File "/home/anthony/Documents/OPEN-AIR/oaTranslator/Core/state_mirror_engine.py", line 136, in announce_all_widgets
    self.broadcast_gui_change_to_mqtt(widget_id, extra_payload={"boot": True})
  File "/home/anthony/Documents/OPEN-AIR/oaTranslator/Core/state_mirror_engine.py", line 177, in broadcast_gui_change_to_mqtt
    self.state_cache_manager.handle_external_update(widget_info["topic"], current_val, source="GUI", metadata=metadata)
  File "/home/anthony/Documents/OPEN-AIR/oaStateCache/Core/state_cache.py", line 108, in handle_external_update
    from oaTranslator.Core.manifest.builder import create_manifest
    ^^^^^^^^^^^^^^^^^^^^^^^^^^^^^^^^^^^^^^^^^^^^^^^^^^^^^^^^^
ModuleNotFoundError: No module named 'oaTranslator.manifest'

100908.905 | ERROR    | 🎨 UI      | SYSTEM             | oaGuiManager.Core.ui_window | 🖥️🎨 [UI] CRITICAL: Tkinter Exception:
Traceback (most recent call last):
  File "/usr/lib/python3.12/tkinter/__init__.py", line 1967, in __call__
    return self.func(*args)
           ^^^^^^^^^^^^^^^^
  File "/usr/lib/python3.12/tkinter/__init__.py", line 861, in callit
    func(*args)
  File "/home/anthony/Documents/OPEN-AIR/oaGuiBuildShell/Managers/gui_re.py", line 90, in _wrap_settle
    _final_settle()
  File "/home/anthony/Documents/OPEN-AIR/oaGuiBuildShell/Managers/gui_re.py", line 81, in _final_settle
    self._publish_initial_widget_states(self.config_data)
  File "/home/anthony/Documents/OPEN-AIR/oaGuiBuildShell/Managers/gui_mqtt.py", line 119, in _publish_initial_widget_states
    self.state_mirror_engine.announce_all_widgets()
  File "/home/anthony/Documents/OPEN-AIR/oaTranslator/Core/state_mirror_engine.py", line 136, in announce_all_widgets
    self.broadcast_gui_change_to_mqtt(widget_id, extra_payload={"boot": True})
  File "/home/anthony/Documents/OPEN-AIR/oaTranslator/Core/state_mirror_engine.py", line 177, in broadcast_gui_change_to_mqtt
    self.state_cache_manager.handle_external_update(widget_info["topic"], current_val, source="GUI", metadata=metadata)
  File "/home/anthony/Documents/OPEN-AIR/oaStateCache/Core/state_cache.py", line 108, in handle_external_update
    from oaTranslator.Core.manifest.builder import create_manifest
    ^^^^^^^^^^^^^^^^^^^^^^^^^^^^^^^^^^^^^^^^^^^^^^^^^^^^^^^^^
ModuleNotFoundError: No module named 'oaTranslator.manifest'

100909.772 | ERROR    | 🎨 UI      | SYSTEM             | oaGuiManager.Core.ui_window | 🖥️🎨 [UI] CRITICAL: Tkinter Exception:
Traceback (most recent call last):
  File "/usr/lib/python3.12/tkinter/__init__.py", line 1967, in __call__
    return self.func(*args)
           ^^^^^^^^^^^^^^^^
  File "/usr/lib/python3.12/tkinter/__init__.py", line 861, in callit
    func(*args)
  File "/home/anthony/Documents/OPEN-AIR/oaGuiBuildShell/Managers/gui_re.py", line 90, in _wrap_settle
    _final_settle()
  File "/home/anthony/Documents/OPEN-AIR/oaGuiBuildShell/Managers/gui_re.py", line 81, in _final_settle
    self._publish_initial_widget_states(self.config_data)
  File "/home/anthony/Documents/OPEN-AIR/oaGuiBuildShell/Managers/gui_mqtt.py", line 119, in _publish_initial_widget_states
    self.state_mirror_engine.announce_all_widgets()
  File "/home/anthony/Documents/OPEN-AIR/oaTranslator/Core/state_mirror_engine.py", line 136, in announce_all_widgets
    self.broadcast_gui_change_to_mqtt(widget_id, extra_payload={"boot": True})
  File "/home/anthony/Documents/OPEN-AIR/oaTranslator/Core/state_mirror_engine.py", line 177, in broadcast_gui_change_to_mqtt
    self.state_cache_manager.handle_external_update(widget_info["topic"], current_val, source="GUI", metadata=metadata)
  File "/home/anthony/Documents/OPEN-AIR/oaStateCache/Core/state_cache.py", line 108, in handle_external_update
    from oaTranslator.Core.manifest.builder import create_manifest
    ^^^^^^^^^^^^^^^^^^^^^^^^^^^^^^^^^^^^^^^^^^^^^^^^^^^^^^^^^
ModuleNotFoundError: No module named 'oaTranslator.manifest'

100911.032 | ERROR    | 🎨 UI      | SYSTEM             | oaGuiManager.Core.ui_window | 🖥️🎨 [UI] CRITICAL: Tkinter Exception:
Traceback (most recent call last):
  File "/usr/lib/python3.12/tkinter/__init__.py", line 1967, in __call__
    return self.func(*args)
           ^^^^^^^^^^^^^^^^
  File "/home/anthony/Documents/OPEN-AIR/oaOchestration/Methods/widget_event_binder.py", line 37, in <lambda>
    tk_var.trace_add("write", lambda *args: callback())
                                            ^^^^^^^^^^
  File "/home/anthony/Documents/OPEN-AIR/oaGuiElements/Core/input/composite_horizontal_dial_value/composite_horizontal_dial_value.py", line 146, in <lambda>
    bind_variable_trace(main_value_var, lambda: state_mirror_engine.broadcast_gui_change_to_mqtt(path))
                                                ^^^^^^^^^^^^^^^^^^^^^^^^^^^^^^^^^^^^^^^^^^^^^^^^^^^^^^
  File "/home/anthony/Documents/OPEN-AIR/oaTranslator/Core/state_mirror_engine.py", line 177, in broadcast_gui_change_to_mqtt
    self.state_cache_manager.handle_external_update(widget_info["topic"], current_val, source="GUI", metadata=metadata)
  File "/home/anthony/Documents/OPEN-AIR/oaStateCache/Core/state_cache.py", line 108, in handle_external_update
    from oaTranslator.Core.manifest.builder import create_manifest
    ^^^^^^^^^^^^^^^^^^^^^^^^^^^^^^^^^^^^^^^^^^^^^^^^^^^^^^^^^
ModuleNotFoundError: No module named 'oaTranslator.manifest'

100911.640 | ERROR    | 🎨 UI      | SYSTEM             | oaGuiManager.Core.ui_window | 🖥️🎨 [UI] CRITICAL: Tkinter Exception:
Traceback (most recent call last):
  File "/usr/lib/python3.12/tkinter/__init__.py", line 1967, in __call__
    return self.func(*args)
           ^^^^^^^^^^^^^^^^
  File "/home/anthony/Documents/OPEN-AIR/oaOchestration/Methods/widget_event_binder.py", line 37, in <lambda>
    tk_var.trace_add("write", lambda *args: callback())
                                            ^^^^^^^^^^
  File "/home/anthony/Documents/OPEN-AIR/oaGuiElements/Core/input/composite_horizontal_dial_value/composite_horizontal_dial_value.py", line 146, in <lambda>
    bind_variable_trace(main_value_var, lambda: state_mirror_engine.broadcast_gui_change_to_mqtt(path))
                                                ^^^^^^^^^^^^^^^^^^^^^^^^^^^^^^^^^^^^^^^^^^^^^^^^^^^^^^
  File "/home/anthony/Documents/OPEN-AIR/oaTranslator/Core/state_mirror_engine.py", line 177, in broadcast_gui_change_to_mqtt
    self.state_cache_manager.handle_external_update(widget_info["topic"], current_val, source="GUI", metadata=metadata)
  File "/home/anthony/Documents/OPEN-AIR/oaStateCache/Core/state_cache.py", line 108, in handle_external_update
    from oaTranslator.Core.manifest.builder import create_manifest
    ^^^^^^^^^^^^^^^^^^^^^^^^^^^^^^^^^^^^^^^^^^^^^^^^^^^^^^^^^
ModuleNotFoundError: No module named 'oaTranslator.manifest'

100912.216 | ERROR    | 🎨 UI      | SYSTEM             | oaGuiManager.Core.ui_window | 🖥️🎨 [UI] CRITICAL: Tkinter Exception:
Traceback (most recent call last):
  File "/usr/lib/python3.12/tkinter/__init__.py", line 1967, in __call__
    return self.func(*args)
           ^^^^^^^^^^^^^^^^
  File "/home/anthony/Documents/OPEN-AIR/oaOchestration/Methods/widget_event_binder.py", line 37, in <lambda>
    tk_var.trace_add("write", lambda *args: callback())
                                            ^^^^^^^^^^
  File "/home/anthony/Documents/OPEN-AIR/oaGuiElements/Core/input/composite_horizontal_dial_value/composite_horizontal_dial_value.py", line 146, in <lambda>
    bind_variable_trace(main_value_var, lambda: state_mirror_engine.broadcast_gui_change_to_mqtt(path))
                                                ^^^^^^^^^^^^^^^^^^^^^^^^^^^^^^^^^^^^^^^^^^^^^^^^^^^^^^
  File "/home/anthony/Documents/OPEN-AIR/oaTranslator/Core/state_mirror_engine.py", line 177, in broadcast_gui_change_to_mqtt
    self.state_cache_manager.handle_external_update(widget_info["topic"], current_val, source="GUI", metadata=metadata)
  File "/home/anthony/Documents/OPEN-AIR/oaStateCache/Core/state_cache.py", line 108, in handle_external_update
    from oaTranslator.Core.manifest.builder import create_manifest
    ^^^^^^^^^^^^^^^^^^^^^^^^^^^^^^^^^^^^^^^^^^^^^^^^^^^^^^^^^
ModuleNotFoundError: No module named 'oaTranslator.manifest'

100912.760 | ERROR    | 🎨 UI      | SYSTEM             | oaGuiManager.Core.ui_window | 🖥️🎨 [UI] CRITICAL: Tkinter Exception:
Traceback (most recent call last):
  File "/usr/lib/python3.12/tkinter/__init__.py", line 1967, in __call__
    return self.func(*args)
           ^^^^^^^^^^^^^^^^
  File "/home/anthony/Documents/OPEN-AIR/oaOchestration/Methods/widget_event_binder.py", line 37, in <lambda>
    tk_var.trace_add("write", lambda *args: callback())
                                            ^^^^^^^^^^
  File "/home/anthony/Documents/OPEN-AIR/oaGuiElements/Core/input/composite_horizontal_dial_value/composite_horizontal_dial_value.py", line 146, in <lambda>
    bind_variable_trace(main_value_var, lambda: state_mirror_engine.broadcast_gui_change_to_mqtt(path))
                                                ^^^^^^^^^^^^^^^^^^^^^^^^^^^^^^^^^^^^^^^^^^^^^^^^^^^^^^
  File "/home/anthony/Documents/OPEN-AIR/oaTranslator/Core/state_mirror_engine.py", line 177, in broadcast_gui_change_to_mqtt
    self.state_cache_manager.handle_external_update(widget_info["topic"], current_val, source="GUI", metadata=metadata)
  File "/home/anthony/Documents/OPEN-AIR/oaStateCache/Core/state_cache.py", line 108, in handle_external_update
    from oaTranslator.Core.manifest.builder import create_manifest
    ^^^^^^^^^^^^^^^^^^^^^^^^^^^^^^^^^^^^^^^^^^^^^^^^^^^^^^^^^
ModuleNotFoundError: No module named 'oaTranslator.manifest'

100913.785 | ERROR    | 🎨 UI      | SYSTEM             | oaGuiManager.Core.ui_window | 🖥️🎨 [UI] CRITICAL: Tkinter Exception:
Traceback (most recent call last):
  File "/usr/lib/python3.12/tkinter/__init__.py", line 1967, in __call__
    return self.func(*args)
           ^^^^^^^^^^^^^^^^
  File "/home/anthony/Documents/OPEN-AIR/oaTranslator/Core/state_mirror_engine.py", line 83, in _auto_broadcast
    self.broadcast_gui_change_to_mqtt(widget_id)
  File "/home/anthony/Documents/OPEN-AIR/oaTranslator/Core/state_mirror_engine.py", line 177, in broadcast_gui_change_to_mqtt
    self.state_cache_manager.handle_external_update(widget_info["topic"], current_val, source="GUI", metadata=metadata)
  File "/home/anthony/Documents/OPEN-AIR/oaStateCache/Core/state_cache.py", line 108, in handle_external_update
    from oaTranslator.Core.manifest.builder import create_manifest
    ^^^^^^^^^^^^^^^^^^^^^^^^^^^^^^^^^^^^^^^^^^^^^^^^^^^^^^^^^
ModuleNotFoundError: No module named 'oaTranslator.manifest'

100913.994 | ERROR    | 🎨 UI      | SYSTEM             | oaGuiManager.Core.ui_window | 🖥️🎨 [UI] CRITICAL: Tkinter Exception:
Traceback (most recent call last):
  File "/usr/lib/python3.12/tkinter/__init__.py", line 1967, in __call__
    return self.func(*args)
           ^^^^^^^^^^^^^^^^
  File "/home/anthony/Documents/OPEN-AIR/oaTranslator/Core/state_mirror_engine.py", line 83, in _auto_broadcast
    self.broadcast_gui_change_to_mqtt(widget_id)
  File "/home/anthony/Documents/OPEN-AIR/oaTranslator/Core/state_mirror_engine.py", line 177, in broadcast_gui_change_to_mqtt
    self.state_cache_manager.handle_external_update(widget_info["topic"], current_val, source="GUI", metadata=metadata)
  File "/home/anthony/Documents/OPEN-AIR/oaStateCache/Core/state_cache.py", line 108, in handle_external_update
    from oaTranslator.Core.manifest.builder import create_manifest
    ^^^^^^^^^^^^^^^^^^^^^^^^^^^^^^^^^^^^^^^^^^^^^^^^^^^^^^^^^
ModuleNotFoundError: No module named 'oaTranslator.manifest'

100914.413 | ERROR    | 🎨 UI      | SYSTEM             | oaGuiManager.Core.ui_window | 🖥️🎨 [UI] CRITICAL: Tkinter Exception:
Traceback (most recent call last):
  File "/usr/lib/python3.12/tkinter/__init__.py", line 1967, in __call__
    return self.func(*args)
           ^^^^^^^^^^^^^^^^
  File "/home/anthony/Documents/OPEN-AIR/oaTranslator/Core/state_mirror_engine.py", line 83, in _auto_broadcast
    self.broadcast_gui_change_to_mqtt(widget_id)
  File "/home/anthony/Documents/OPEN-AIR/oaTranslator/Core/state_mirror_engine.py", line 177, in broadcast_gui_change_to_mqtt
    self.state_cache_manager.handle_external_update(widget_info["topic"], current_val, source="GUI", metadata=metadata)
  File "/home/anthony/Documents/OPEN-AIR/oaStateCache/Core/state_cache.py", line 108, in handle_external_update
    from oaTranslator.Core.manifest.builder import create_manifest
    ^^^^^^^^^^^^^^^^^^^^^^^^^^^^^^^^^^^^^^^^^^^^^^^^^^^^^^^^^
ModuleNotFoundError: No module named 'oaTranslator.manifest'

100914.895 | ERROR    | 🎨 UI      | SYSTEM             | oaGuiManager.Core.ui_window | 🖥️🎨 [UI] CRITICAL: Tkinter Exception:
Traceback (most recent call last):
  File "/usr/lib/python3.12/tkinter/__init__.py", line 1967, in __call__
    return self.func(*args)
           ^^^^^^^^^^^^^^^^
  File "/home/anthony/Documents/OPEN-AIR/oaTranslator/Core/state_mirror_engine.py", line 83, in _auto_broadcast
    self.broadcast_gui_change_to_mqtt(widget_id)
  File "/home/anthony/Documents/OPEN-AIR/oaTranslator/Core/state_mirror_engine.py", line 177, in broadcast_gui_change_to_mqtt
    self.state_cache_manager.handle_external_update(widget_info["topic"], current_val, source="GUI", metadata=metadata)
  File "/home/anthony/Documents/OPEN-AIR/oaStateCache/Core/state_cache.py", line 108, in handle_external_update
    from oaTranslator.Core.manifest.builder import create_manifest
    ^^^^^^^^^^^^^^^^^^^^^^^^^^^^^^^^^^^^^^^^^^^^^^^^^^^^^^^^^
ModuleNotFoundError: No module named 'oaTranslator.manifest'

100915.175 | ERROR    | 🎨 UI      | SYSTEM             | oaGuiManager.Core.ui_window | 🖥️🎨 [UI] CRITICAL: Tkinter Exception:
Traceback (most recent call last):
  File "/usr/lib/python3.12/tkinter/__init__.py", line 1967, in __call__
    return self.func(*args)
           ^^^^^^^^^^^^^^^^
  File "/usr/lib/python3.12/tkinter/__init__.py", line 861, in callit
    func(*args)
  File "/home/anthony/Documents/OPEN-AIR/oaGuiBuildShell/Managers/gui_re.py", line 90, in _wrap_settle
    _final_settle()
  File "/home/anthony/Documents/OPEN-AIR/oaGuiBuildShell/Managers/gui_re.py", line 81, in _final_settle
    self._publish_initial_widget_states(self.config_data)
  File "/home/anthony/Documents/OPEN-AIR/oaGuiBuildShell/Managers/gui_mqtt.py", line 119, in _publish_initial_widget_states
    self.state_mirror_engine.announce_all_widgets()
  File "/home/anthony/Documents/OPEN-AIR/oaTranslator/Core/state_mirror_engine.py", line 136, in announce_all_widgets
    self.broadcast_gui_change_to_mqtt(widget_id, extra_payload={"boot": True})
  File "/home/anthony/Documents/OPEN-AIR/oaTranslator/Core/state_mirror_engine.py", line 177, in broadcast_gui_change_to_mqtt
    self.state_cache_manager.handle_external_update(widget_info["topic"], current_val, source="GUI", metadata=metadata)
  File "/home/anthony/Documents/OPEN-AIR/oaStateCache/Core/state_cache.py", line 108, in handle_external_update
    from oaTranslator.Core.manifest.builder import create_manifest
    ^^^^^^^^^^^^^^^^^^^^^^^^^^^^^^^^^^^^^^^^^^^^^^^^^^^^^^^^^
ModuleNotFoundError: No module named 'oaTranslator.manifest'

100915.437 | ERROR    | 🎨 UI      | SYSTEM             | oaGuiManager.Core.ui_window | 🖥️🎨 [UI] CRITICAL: Tkinter Exception:
Traceback (most recent call last):
  File "/usr/lib/python3.12/tkinter/__init__.py", line 1967, in __call__
    return self.func(*args)
           ^^^^^^^^^^^^^^^^
  File "/usr/lib/python3.12/tkinter/__init__.py", line 861, in callit
    func(*args)
  File "/home/anthony/Documents/OPEN-AIR/oaGuiBuildShell/Managers/gui_re.py", line 90, in _wrap_settle
    _final_settle()
  File "/home/anthony/Documents/OPEN-AIR/oaGuiBuildShell/Managers/gui_re.py", line 81, in _final_settle
    self._publish_initial_widget_states(self.config_data)
  File "/home/anthony/Documents/OPEN-AIR/oaGuiBuildShell/Managers/gui_mqtt.py", line 119, in _publish_initial_widget_states
    self.state_mirror_engine.announce_all_widgets()
  File "/home/anthony/Documents/OPEN-AIR/oaTranslator/Core/state_mirror_engine.py", line 136, in announce_all_widgets
    self.broadcast_gui_change_to_mqtt(widget_id, extra_payload={"boot": True})
  File "/home/anthony/Documents/OPEN-AIR/oaTranslator/Core/state_mirror_engine.py", line 177, in broadcast_gui_change_to_mqtt
    self.state_cache_manager.handle_external_update(widget_info["topic"], current_val, source="GUI", metadata=metadata)
  File "/home/anthony/Documents/OPEN-AIR/oaStateCache/Core/state_cache.py", line 108, in handle_external_update
    from oaTranslator.Core.manifest.builder import create_manifest
    ^^^^^^^^^^^^^^^^^^^^^^^^^^^^^^^^^^^^^^^^^^^^^^^^^^^^^^^^^
ModuleNotFoundError: No module named 'oaTranslator.manifest'

100916.756 | ERROR    | 🎨 UI      | SYSTEM             | oaGuiManager.Core.ui_window | 🖥️🎨 [UI] CRITICAL: Tkinter Exception:
Traceback (most recent call last):
  File "/usr/lib/python3.12/tkinter/__init__.py", line 1967, in __call__
    return self.func(*args)
           ^^^^^^^^^^^^^^^^
  File "/usr/lib/python3.12/tkinter/__init__.py", line 861, in callit
    func(*args)
  File "/home/anthony/Documents/OPEN-AIR/oaGuiBuildShell/Managers/gui_re.py", line 90, in _wrap_settle
    _final_settle()
  File "/home/anthony/Documents/OPEN-AIR/oaGuiBuildShell/Managers/gui_re.py", line 81, in _final_settle
    self._publish_initial_widget_states(self.config_data)
  File "/home/anthony/Documents/OPEN-AIR/oaGuiBuildShell/Managers/gui_mqtt.py", line 119, in _publish_initial_widget_states
    self.state_mirror_engine.announce_all_widgets()
  File "/home/anthony/Documents/OPEN-AIR/oaTranslator/Core/state_mirror_engine.py", line 136, in announce_all_widgets
    self.broadcast_gui_change_to_mqtt(widget_id, extra_payload={"boot": True})
  File "/home/anthony/Documents/OPEN-AIR/oaTranslator/Core/state_mirror_engine.py", line 177, in broadcast_gui_change_to_mqtt
    self.state_cache_manager.handle_external_update(widget_info["topic"], current_val, source="GUI", metadata=metadata)
  File "/home/anthony/Documents/OPEN-AIR/oaStateCache/Core/state_cache.py", line 108, in handle_external_update
    from oaTranslator.Core.manifest.builder import create_manifest
    ^^^^^^^^^^^^^^^^^^^^^^^^^^^^^^^^^^^^^^^^^^^^^^^^^^^^^^^^^
ModuleNotFoundError: No module named 'oaTranslator.manifest'

100919.577 | WARNING  | 🎨 UI      | SYSTEM             | oaGuiManager.Core.shutdown_coordinator | ⚠️ Error shutting down mqtt_conn: Event loop is closed
100919.582 | WARNING  | 🎨 UI      | ❓ OSC              | oaComOSC.Managers.osc_manager | Bridge Offline.
100919.583 | WARNING  | 🎨 UI      | ❓ SNMP             | oaComSNMP.Managers.snmp_manager | SNMP Bridge Offline.
