070339.389 | ERROR    | UI   | SYSTEM     | oaGuiManager.Core.bootstrap_sequence | 🖥️🎨 [UI] Bootstrap Failure:Traceback (most recent call last):
  File "/home/anthony/Documents/OPEN-AIR/oaGuiManager/Core/bootstrap_sequence.py", line 45, in run
    self._setup_control_links(
  File "/home/anthony/Documents/OPEN-AIR/oaGuiManager/Core/bootstrap_sequence.py", line 95, in _setup_control_links
    sub_router.subscribe_to_topic(
TypeError: MqttSubscriberRouter.subscribe_to_topic() got an unexpected keyword argument 'topic'

Traceback (most recent call last):

  File "/home/anthony/.vscode/extensions/ms-python.debugpy-2025.18.0-linux-x64/bundled/libs/debugpy/_vendored/pydevd/_pydev_bundle/pydev_monkey.py", line 1134, in __call__
    ret = self.original_func(*self.args, **self.kwargs)
          |    |              |    |       |    -> {}
          |    |              |    |       -> <_pydev_bundle.pydev_monkey._NewThreadStartupWithTrace object at 0x7bee124a4650>
          |    |              |    -> ()
          |    |              -> <_pydev_bundle.pydev_monkey._NewThreadStartupWithTrace object at 0x7bee124a4650>
          |    -> <bound method Thread._bootstrap of <Thread(Thread-8 (run), started daemon 136261729777344)>>
          -> <_pydev_bundle.pydev_monkey._NewThreadStartupWithTrace object at 0x7bee124a4650>

  File "/usr/lib/python3.12/threading.py", line 1030, in _bootstrap
    self._bootstrap_inner()
    |    -> <function Thread._bootstrap_inner at 0x7bee1367bd80>
    -> <Thread(Thread-8 (run), started daemon 136261729777344)>
  File "/usr/lib/python3.12/threading.py", line 1073, in _bootstrap_inner
    self.run()
    |    -> <function Thread.run at 0x7bee1367ba60>
    -> <Thread(Thread-8 (run), started daemon 136261729777344)>
  File "/usr/lib/python3.12/threading.py", line 1010, in run
    self._target(*self._args, **self._kwargs)
    |    |        |    |        |    -> {}
    |    |        |    |        -> <Thread(Thread-8 (run), started daemon 136261729777344)>
    |    |        |    -> ()
    |    |        -> <Thread(Thread-8 (run), started daemon 136261729777344)>
    |    -> <bound method AsyncBootstrapEngine.run of <oaGuiManager.Core.bootstrap_sequence.AsyncBootstrapEngine object at 0x7bee02f23a70>>
    -> <Thread(Thread-8 (run), started daemon 136261729777344)>

> File "/home/anthony/Documents/OPEN-AIR/oaGuiManager/Core/bootstrap_sequence.py", line 45, in run
    self._setup_control_links(
    |    -> <function AsyncBootstrapEngine._setup_control_links at 0x7bee038fd300>
    -> <oaGuiManager.Core.bootstrap_sequence.AsyncBootstrapEngine object at 0x7bee02f23a70>

  File "/home/anthony/Documents/OPEN-AIR/oaGuiManager/Core/bootstrap_sequence.py", line 95, in _setup_control_links
    sub_router.subscribe_to_topic(
    |          -> <function MqttSubscriberRouter.subscribe_to_topic at 0x7bee0392c720>
    -> <oaComMQTT.Managers.mqtt_subscriber_router.MqttSubscriberRouter object at 0x7bee02d10140>

TypeError: MqttSubscriberRouter.subscribe_to_topic() got an unexpected keyword argument 'topic'
070339.393 | WARNING  | UI   | OSC        | oaComOSC.Managers.osc_manager | 🅾️📡🛑 [OSC] Bridge Offline.
070339.393 | WARNING  | UI   | SYSTEM     | oaComSNMP.Managers.snmp_manager | 🌐 SNMP Bridge Offline.
070339.415 | ERROR    | UI   | ROUTER     | oaOchestration.Managers.protocol_guard | MQTT🚫🛑 [ERROR] Dispatch Failure: Event loop is closed
