095651.344 | WARNING  | ❓ SUP     | SYSTEM             | oaTests.Methods.FlameGraph.flame_capture | FlameGraph: Profiler enable failed, running thread without profiling: Another profiling tool is already active
095651.344 | WARNING  | ❓ SUP     | SYSTEM             | oaTests.Methods.FlameGraph.flame_capture | FlameGraph: Profiler enable failed, running thread without profiling: Another profiling tool is already active
095652.095 | WARNING  | ⚙️ CORE   | 🛰️ MQTT            | oaComMQTT.Managers.mqtt_connection | MQTT: Connection attempt while already running.
095652.603 | ERROR    | 🎨 UI      | SYSTEM             | oaGuiManager.Core.factory.Core.widget_discovery_engine | ❌ Failed to instantiate widget of type <class 'oaGuiElements.Core.graphing.graphing.plot_widget_adapter.BuilderGraphingCreator'> at scan.blocks.multi_dataset_graph: 'WidgetContext' object has no attribute 'get'
Traceback (most recent call last):

  File "/home/anthony/.vscode/extensions/ms-python.debugpy-2025.18.0-linux-x64/bundled/libs/debugpy/_vendored/pydevd/pydevd.py", line 3729, in <module>
    main()
    -> <function main at 0x71fcc22f7060>

  File "/home/anthony/.vscode/extensions/ms-python.debugpy-2025.18.0-linux-x64/bundled/libs/debugpy/_vendored/pydevd/pydevd.py", line 3714, in main
    globals = debugger.run(setup["file"], None, None, is_module)
              |        |   |                          -> False
              |        |   -> {'port': 47375, 'ppid': 138219, 'vm_type': None, 'client': '127.0.0.1', 'access-token': None, 'client-access-token': 'd20a6d2...
              |        -> <function PyDB.run at 0x71fcc22f4fe0>
              -> <__main__.PyDB object at 0x71fcc275b470>

  File "/home/anthony/.vscode/extensions/ms-python.debugpy-2025.18.0-linux-x64/bundled/libs/debugpy/_vendored/pydevd/pydevd.py", line 2698, in run
    return self._exec(is_module, entry_point_fn, module_name, file, globals, locals)
           |    |     |          |               |            |     |        -> {'__name__': '__main__', '__doc__': None, '__package__': '', '__loader__': <_frozen_importlib_external.SourceFileLoader objec...
           |    |     |          |               |            |     -> {'__name__': '__main__', '__doc__': None, '__package__': '', '__loader__': <_frozen_importlib_external.SourceFileLoader objec...
           |    |     |          |               |            -> '/home/anthony/Documents/OPEN-AIR/oaGuiManager/Managers/open_air_ui.py'
           |    |     |          |               -> None
           |    |     |          -> ''
           |    |     -> False
           |    -> <function PyDB._exec at 0x71fcc22f5080>
           -> <__main__.PyDB object at 0x71fcc275b470>

  File "/home/anthony/.vscode/extensions/ms-python.debugpy-2025.18.0-linux-x64/bundled/libs/debugpy/_vendored/pydevd/pydevd.py", line 2706, in _exec
    globals = pydevd_runpy.run_path(file, globals, "__main__")
              |            |        |     -> {'__name__': '__main__', '__doc__': None, '__package__': '', '__loader__': <_frozen_importlib_external.SourceFileLoader objec...
              |            |        -> '/home/anthony/Documents/OPEN-AIR/oaGuiManager/Managers/open_air_ui.py'
              |            -> <function run_path at 0x71fcc29179c0>
              -> <module '_pydevd_bundle.pydevd_runpy' from '/home/anthony/.vscode/extensions/ms-python.debugpy-2025.18.0-linux-x64/bundled/li...

  File "/home/anthony/.vscode/extensions/ms-python.debugpy-2025.18.0-linux-x64/bundled/libs/debugpy/_vendored/pydevd/_pydevd_bundle/pydevd_runpy.py", line 310, in run_path
    return _run_module_code(code, init_globals, run_name, pkg_name=pkg_name, script_name=fname)
           |                |     |             |                  |                     -> '/home/anthony/Documents/OPEN-AIR/oaGuiManager/Managers/open_air_ui.py'
           |                |     |             |                  -> ''
           |                |     |             -> '__main__'
           |                |     -> {'__name__': '__main__', '__doc__': None, '__package__': '', '__loader__': <_frozen_importlib_external.SourceFileLoader objec...
           |                -> <code object <module> at 0x26e2570, file "/home/anthony/Documents/OPEN-AIR/oaGuiManager/Managers/open_air_ui.py", line 1>
           -> <function _run_module_code at 0x71fcc2917600>

  File "/home/anthony/.vscode/extensions/ms-python.debugpy-2025.18.0-linux-x64/bundled/libs/debugpy/_vendored/pydevd/_pydevd_bundle/pydevd_runpy.py", line 127, in _run_module_code
    _run_code(code, mod_globals, init_globals, mod_name, mod_spec, pkg_name, script_name)
    |         |     |            |             |         |         |         -> '/home/anthony/Documents/OPEN-AIR/oaGuiManager/Managers/open_air_ui.py'
    |         |     |            |             |         |         -> ''
    |         |     |            |             |         -> None
    |         |     |            |             -> '__main__'
    |         |     |            -> {'__name__': '__main__', '__doc__': None, '__package__': '', '__loader__': <_frozen_importlib_external.SourceFileLoader objec...
    |         |     -> {'__name__': '__main__', '__doc__': None, '__package__': '', '__loader__': None, '__spec__': None, '__file__': '/home/anthony...
    |         -> <code object <module> at 0x26e2570, file "/home/anthony/Documents/OPEN-AIR/oaGuiManager/Managers/open_air_ui.py", line 1>
    -> <function _run_code at 0x71fcc29171a0>

  File "/home/anthony/.vscode/extensions/ms-python.debugpy-2025.18.0-linux-x64/bundled/libs/debugpy/_vendored/pydevd/_pydevd_bundle/pydevd_runpy.py", line 118, in _run_code
    exec(code, run_globals)
         |     -> {'__name__': '__main__', '__doc__': None, '__package__': '', '__loader__': None, '__spec__': None, '__file__': '/home/anthony...
         -> <code object <module> at 0x26e2570, file "/home/anthony/Documents/OPEN-AIR/oaGuiManager/Managers/open_air_ui.py", line 1>

  File "/home/anthony/Documents/OPEN-AIR/oaGuiManager/Managers/open_air_ui.py", line 81, in <module>
    main()
    -> <function main at 0x71fcc235efc0>

  File "/home/anthony/Documents/OPEN-AIR/oaGuiManager/Managers/open_air_ui.py", line 70, in main
    root.mainloop()
    |    -> <function Misc.mainloop at 0x71fcb3f97a60>
    -> <tkinter.Tk object .>

  File "/usr/lib/python3.12/tkinter/__init__.py", line 1504, in mainloop
    self.tk.mainloop(n)
    |    |  |        -> 0
    |    |  -> <method 'mainloop' of '_tkinter.tkapp' objects>
    |    -> <_tkinter.tkapp object at 0x71fcb2df0e30>
    -> <tkinter.Tk object .>
  File "/usr/lib/python3.12/tkinter/__init__.py", line 1967, in __call__
    return self.func(*args)
           |    |     -> ()
           |    -> <function Misc.after.<locals>.callit at 0x71fc5ac672e0>
           -> <tkinter.CallWrapper object at 0x71fc5ac36e10>
  File "/usr/lib/python3.12/tkinter/__init__.py", line 861, in callit
    func(*args)
    |     -> ()
    -> <function TabManagerMixin._on_tab_change.<locals>._populate at 0x71fc5adbf380>

  File "/home/anthony/Documents/OPEN-AIR/oaGuiBuildShell/Core/tab.py", line 46, in _populate
    self._build_from_directory(path=build_path, parent_widget=selected_tab_frame)
    |    |                          |                         -> <tkinter.Frame object .!application.!panedwindow.!frame.!panedwindow.!frame.!notebook.!frame.!notebook.!frame>
    |    |                          -> PosixPath('/home/anthony/Documents/OPEN-AIR/oaGuiDefinitions/Assets/left_50/top_100/0_Spectrum/3_Instrument')
    |    -> <function DirectoryBuilderMixin._build_from_directory at 0x71fc97b8d940>
    -> <oaGuiBuildShell.Managers.gui_display.Application object .!application>

  File "/home/anthony/Documents/OPEN-AIR/oaGuiBuildShell/Core/directory.py", line 64, in _build_from_directory
    if hasattr(self, 'root') and self.root: self.root.update()
               |                 |    |     |    |    -> <function Misc.update at 0x71fcb3f97380>
               |                 |    |     |    -> <tkinter.Tk object .>
               |                 |    |     -> <oaGuiBuildShell.Managers.gui_display.Application object .!application>
               |                 |    -> <tkinter.Tk object .>
               |                 -> <oaGuiBuildShell.Managers.gui_display.Application object .!application>
               -> <oaGuiBuildShell.Managers.gui_display.Application object .!application>

  File "/usr/lib/python3.12/tkinter/__init__.py", line 1372, in update
    self.tk.call('update')
    |    |  -> <method 'call' of '_tkinter.tkapp' objects>
    |    -> <_tkinter.tkapp object at 0x71fcb2df0e30>
    -> <tkinter.Tk object .>
  File "/usr/lib/python3.12/tkinter/__init__.py", line 1967, in __call__
    return self.func(*args)
           |    |     -> ()
           |    -> <function Misc.after.<locals>.callit at 0x71fc5ac50fe0>
           -> <tkinter.CallWrapper object at 0x71fc5ac9e600>
  File "/usr/lib/python3.12/tkinter/__init__.py", line 861, in callit
    func(*args)
    |     -> ()
    -> <bound method UniversalGuiLoader._construct_dynamic_gui of <oaGuiManager.Core.loader.gui_from_json.UniversalGuiLoader object ...

  File "/home/anthony/Documents/OPEN-AIR/oaGuiManager/Core/loader/gui_from_json.py", line 65, in _construct_dynamic_gui
    self._instantiate_builder()
    |    -> <function UniversalGuiLoader._instantiate_builder at 0x71fc97b8c900>
    -> <oaGuiManager.Core.loader.gui_from_json.UniversalGuiLoader object .!application.!panedwindow.!frame2.!panedwindow.!frame2.!no...

  File "/home/anthony/Documents/OPEN-AIR/oaGuiManager/Core/loader/gui_from_json.py", line 79, in _instantiate_builder
    self.dynamic_gui = DynamicGuiBuilder(
    |                  -> <class 'oaGuiBuilder.Workers.builder.DynamicGuiBuilder'>
    -> <oaGuiManager.Core.loader.gui_from_json.UniversalGuiLoader object .!application.!panedwindow.!frame2.!panedwindow.!frame2.!no...

  File "/home/anthony/Documents/OPEN-AIR/oaGuiBuilder/Workers/builder.py", line 203, in __init__
    self._load_and_build_from_file()
    |    -> <function GuiFileLoaderMixin._load_and_build_from_file at 0x71fcb2c62840>
    -> <oaGuiBuilder.Workers.builder.DynamicGuiBuilder object .!application.!panedwindow.!frame2.!panedwindow.!frame2.!notebook.!fra...

  File "/home/anthony/Documents/OPEN-AIR/oaGuiManager/FileReaders/gui_file_loader.py", line 54, in _load_and_build_from_file
    self._rebuild_gui()
    |    -> <function GuiRebuilderMixin._rebuild_gui at 0x71fcb2cc5260>
    -> <oaGuiBuilder.Workers.builder.DynamicGuiBuilder object .!application.!panedwindow.!frame2.!panedwindow.!frame2.!notebook.!fra...

  File "/home/anthony/Documents/OPEN-AIR/oaGuiBuildShell/Managers/gui_re.py", line 98, in _rebuild_gui
    self._create_dynamic_widgets(self.scroll_frame, self.config_data, on_complete=on_build_complete)
    |    |                       |    |             |    |                        -> <function GuiRebuilderMixin._rebuild_gui.<locals>.on_build_complete at 0x71fc7c7a3f60>
    |    |                       |    |             |    -> {'background': {'type': 'layered_industrial', 'parameters': {'random_seed': 303, 'global_blur': 0.8, 'base_material': {'color...
    |    |                       |    |             -> <oaGuiBuilder.Workers.builder.DynamicGuiBuilder object .!application.!panedwindow.!frame2.!panedwindow.!frame2.!notebook.!fra...
    |    |                       |    -> <tkinter.Frame object .!application.!panedwindow.!frame2.!panedwindow.!frame2.!notebook.!frame.!universalguiloader.!dynamicgu...
    |    |                       -> <oaGuiBuilder.Workers.builder.DynamicGuiBuilder object .!application.!panedwindow.!frame2.!panedwindow.!frame2.!notebook.!fra...
    |    -> <function GuiBatchBuilderMixin._create_dynamic_widgets at 0x71fcb2cc6200>
    -> <oaGuiBuilder.Workers.builder.DynamicGuiBuilder object .!application.!panedwindow.!frame2.!panedwindow.!frame2.!notebook.!fra...

  File "/home/anthony/Documents/OPEN-AIR/oaGuiBuildShell/Managers/gui_batch.py", line 70, in _create_dynamic_widgets
    self._async_renderer.render(
    |    |               -> <function AsyncGridRenderer.render at 0x71fcb2cc5ee0>
    |    -> <oaGuiBuildShell.Workers.async_grid_renderer.AsyncGridRenderer object at 0x71fc5ac63b60>
    -> <oaGuiBuilder.Workers.builder.DynamicGuiBuilder object .!application.!panedwindow.!frame2.!panedwindow.!frame2.!notebook.!fra...

  File "/home/anthony/Documents/OPEN-AIR/oaGuiBuildShell/Workers/async_grid_renderer.py", line 85, in render
    self._process_fields(parent_frame, all_fields, path_prefix, num_cols, on_complete, eff_bg, data, context)
    |    |               |             |           |            |         |            |       |     -> WidgetContext(state_mirror_engine=<oaTranslator.Core.state_mirror_engine.StateMirrorEngine object at 0x71fcb2c3c6e0>, subscri...
    |    |               |             |           |            |         |            |       -> {'background': {'type': 'layered_industrial', 'parameters': {'random_seed': 303, 'global_blur': 0.8, 'base_material': {'color...
    |    |               |             |           |            |         |            -> None
    |    |               |             |           |            |         -> <function GuiRebuilderMixin._rebuild_gui.<locals>.on_build_complete at 0x71fc7c7a3f60>
    |    |               |             |           |            -> 1
    |    |               |             |           -> ''
    |    |               |             -> [('background', {'type': 'layered_industrial', 'parameters': {'random_seed': 303, 'global_blur': 0.8, 'base_material': {'colo...
    |    |               -> <tkinter.Frame object .!application.!panedwindow.!frame2.!panedwindow.!frame2.!notebook.!frame.!universalguiloader.!dynamicgu...
    |    -> <function AsyncGridRenderer._process_fields at 0x71fcb2cc60c0>
    -> <oaGuiBuildShell.Workers.async_grid_renderer.AsyncGridRenderer object at 0x71fc5ac63b60>

  File "/home/anthony/Documents/OPEN-AIR/oaGuiBuildShell/Workers/async_grid_renderer.py", line 157, in _process_fields
    self.render(inner, val, cur_path, on_complete=lambda: (state.update({"pending": state["pending"]-1}), _check_done()), parent_bg_pil=bg_pil, context=context)
    |    |      |      |    |                              |     |                  |                     |                             |               -> WidgetContext(state_mirror_engine=<oaTranslator.Core.state_mirror_engine.StateMirrorEngine object at 0x71fcb2c3c6e0>, subscri...
    |    |      |      |    |                              |     |                  |                     |                             -> None
    |    |      |      |    |                              |     |                  |                     -> <function AsyncGridRenderer._process_fields.<locals>._check_done at 0x71fc5ac51440>
    |    |      |      |    |                              |     |                  -> {'pending': 1, 'loop_done': False, 'aborted': False}
    |    |      |      |    |                              |     -> <method 'update' of 'dict' objects>
    |    |      |      |    |                              -> {'pending': 1, 'loop_done': False, 'aborted': False}
    |    |      |      |    -> 'scan'
    |    |      |      -> {'type': 'OcaBin', 'id': '50.90.1', 'blocks': {'multi_dataset_graph': {'type': 'plot_widget', 'id': 'multi_dataset_plot', 'tr...
    |    |      -> <tkinter.Frame object .!application.!panedwindow.!frame2.!panedwindow.!frame2.!notebook.!frame.!universalguiloader.!dynamicgu...
    |    -> <function AsyncGridRenderer.render at 0x71fcb2cc5ee0>
    -> <oaGuiBuildShell.Workers.async_grid_renderer.AsyncGridRenderer object at 0x71fc5ac63b60>

  File "/home/anthony/Documents/OPEN-AIR/oaGuiBuildShell/Workers/async_grid_renderer.py", line 85, in render
    self._process_fields(parent_frame, all_fields, path_prefix, num_cols, on_complete, eff_bg, data, context)
    |    |               |             |           |            |         |            |       |     -> WidgetContext(state_mirror_engine=<oaTranslator.Core.state_mirror_engine.StateMirrorEngine object at 0x71fcb2c3c6e0>, subscri...
    |    |               |             |           |            |         |            |       -> {'type': 'OcaBin', 'id': '50.90.1', 'blocks': {'multi_dataset_graph': {'type': 'plot_widget', 'id': 'multi_dataset_plot', 'tr...
    |    |               |             |           |            |         |            -> None
    |    |               |             |           |            |         -> <function AsyncGridRenderer._process_fields.<locals>.<lambda> at 0x71fc5acad260>
    |    |               |             |           |            -> 1
    |    |               |             |           -> 'scan'
    |    |               |             -> [('multi_dataset_graph', {'type': 'plot_widget', 'id': 'multi_dataset_plot', 'transparent': True, 'layout': {'height': 1000, ...
    |    |               -> <tkinter.Frame object .!application.!panedwindow.!frame2.!panedwindow.!frame2.!notebook.!frame.!universalguiloader.!dynamicgu...
    |    -> <function AsyncGridRenderer._process_fields at 0x71fcb2cc60c0>
    -> <oaGuiBuildShell.Workers.async_grid_renderer.AsyncGridRenderer object at 0x71fc5ac63b60>

  File "/home/anthony/Documents/OPEN-AIR/oaGuiBuildShell/Workers/async_grid_renderer.py", line 175, in _process_fields
    if deferred and not state["aborted"]: self.batch_engine.process(parent, deferred, 25, context, state, _check_done)
       |                |                 |    |            |       |       |             |        |      -> <function AsyncGridRenderer._process_fields.<locals>._check_done at 0x71fc5acad1c0>
       |                |                 |    |            |       |       |             |        -> {'pending': 1, 'loop_done': True, 'aborted': False}
       |                |                 |    |            |       |       |             -> WidgetContext(state_mirror_engine=<oaTranslator.Core.state_mirror_engine.StateMirrorEngine object at 0x71fcb2c3c6e0>, subscri...
       |                |                 |    |            |       |       -> [{'r': 0, 'c': 0, 'val': {'type': 'plot_widget', 'id': 'multi_dataset_plot', 'transparent': True, 'layout': {'height': 1000, ...
       |                |                 |    |            |       -> <tkinter.Frame object .!application.!panedwindow.!frame2.!panedwindow.!frame2.!notebook.!frame.!universalguiloader.!dynamicgu...
       |                |                 |    |            -> <function BatchProcessingEngine.process at 0x71fcb2cc6020>
       |                |                 |    -> <oaGuiBuildShell.Core.batch_processing_engine.BatchProcessingEngine object at 0x71fc5ac36960>
       |                |                 -> <oaGuiBuildShell.Workers.async_grid_renderer.AsyncGridRenderer object at 0x71fc5ac63b60>
       |                -> {'pending': 1, 'loop_done': True, 'aborted': False}
       -> [{'r': 0, 'c': 0, 'val': {'type': 'plot_widget', 'id': 'multi_dataset_plot', 'transparent': True, 'layout': {'height': 1000, ...

  File "/home/anthony/Documents/OPEN-AIR/oaGuiBuildShell/Core/batch_processing_engine.py", line 29, in process
    widget = creator(parent_widget=parent, config_data=wd, context=context)
             |                     |                   |           -> WidgetContext(state_mirror_engine=<oaTranslator.Core.state_mirror_engine.StateMirrorEngine object at 0x71fcb2c3c6e0>, subscri...
             |                     |                   -> {'type': 'plot_widget', 'id': 'multi_dataset_plot', 'transparent': True, 'layout': {'height': 1000, 'sticky': '', 'weight_y':...
             |                     -> <tkinter.Frame object .!application.!panedwindow.!frame2.!panedwindow.!frame2.!notebook.!frame.!universalguiloader.!dynamicgu...
             -> <function WidgetDiscoveryEngine._make_wrapper.<locals>.wrapper at 0x71fc5ac65760>

> File "/home/anthony/Documents/OPEN-AIR/oaGuiManager/Core/factory/Core/widget_discovery_engine.py", line 36, in wrapper
    return cls_ref.make(parent_widget, config_data, context, **kwargs)
           |       |    |              |            |          -> {}
           |       |    |              |            -> WidgetContext(state_mirror_engine=<oaTranslator.Core.state_mirror_engine.StateMirrorEngine object at 0x71fcb2c3c6e0>, subscri...
           |       |    |              -> {'type': 'plot_widget', 'id': 'multi_dataset_plot', 'transparent': True, 'layout': {'height': 1000, 'sticky': '', 'weight_y':...
           |       |    -> <tkinter.Frame object .!application.!panedwindow.!frame2.!panedwindow.!frame2.!notebook.!frame.!universalguiloader.!dynamicgu...
           |       -> <function BuilderGraphingCreator.make at 0x71fc7c85b560>
           -> <class 'oaGuiElements.Core.graphing.graphing.plot_widget_adapter.BuilderGraphingCreator'>

  File "/home/anthony/Documents/OPEN-AIR/oaGuiElements/Core/graphing/graphing/plot_widget_adapter.py", line 26, in make
    w_type = config_data.get("type")
             -> WidgetContext(state_mirror_engine=<oaTranslator.Core.state_mirror_engine.StateMirrorEngine object at 0x71fcb2c3c6e0>, subscri...

AttributeError: 'WidgetContext' object has no attribute 'get'
095654.906 | ERROR    | 🎨 UI      | SYSTEM             | oaGuiManager.Core.factory.Core.widget_discovery_engine | ❌ Failed to instantiate widget of type <class 'oaGuiElements.Core.graphing.graphing.plot_widget_adapter.BuilderGraphingCreator'> at monitors: 'WidgetContext' object has no attribute 'get'
Traceback (most recent call last):

  File "/home/anthony/.vscode/extensions/ms-python.debugpy-2025.18.0-linux-x64/bundled/libs/debugpy/_vendored/pydevd/pydevd.py", line 3729, in <module>
    main()
    -> <function main at 0x71fcc22f7060>

  File "/home/anthony/.vscode/extensions/ms-python.debugpy-2025.18.0-linux-x64/bundled/libs/debugpy/_vendored/pydevd/pydevd.py", line 3714, in main
    globals = debugger.run(setup["file"], None, None, is_module)
              |        |   |                          -> False
              |        |   -> {'port': 47375, 'ppid': 138219, 'vm_type': None, 'client': '127.0.0.1', 'access-token': None, 'client-access-token': 'd20a6d2...
              |        -> <function PyDB.run at 0x71fcc22f4fe0>
              -> <__main__.PyDB object at 0x71fcc275b470>

  File "/home/anthony/.vscode/extensions/ms-python.debugpy-2025.18.0-linux-x64/bundled/libs/debugpy/_vendored/pydevd/pydevd.py", line 2698, in run
    return self._exec(is_module, entry_point_fn, module_name, file, globals, locals)
           |    |     |          |               |            |     |        -> {'__name__': '__main__', '__doc__': None, '__package__': '', '__loader__': <_frozen_importlib_external.SourceFileLoader objec...
           |    |     |          |               |            |     -> {'__name__': '__main__', '__doc__': None, '__package__': '', '__loader__': <_frozen_importlib_external.SourceFileLoader objec...
           |    |     |          |               |            -> '/home/anthony/Documents/OPEN-AIR/oaGuiManager/Managers/open_air_ui.py'
           |    |     |          |               -> None
           |    |     |          -> ''
           |    |     -> False
           |    -> <function PyDB._exec at 0x71fcc22f5080>
           -> <__main__.PyDB object at 0x71fcc275b470>

  File "/home/anthony/.vscode/extensions/ms-python.debugpy-2025.18.0-linux-x64/bundled/libs/debugpy/_vendored/pydevd/pydevd.py", line 2706, in _exec
    globals = pydevd_runpy.run_path(file, globals, "__main__")
              |            |        |     -> {'__name__': '__main__', '__doc__': None, '__package__': '', '__loader__': <_frozen_importlib_external.SourceFileLoader objec...
              |            |        -> '/home/anthony/Documents/OPEN-AIR/oaGuiManager/Managers/open_air_ui.py'
              |            -> <function run_path at 0x71fcc29179c0>
              -> <module '_pydevd_bundle.pydevd_runpy' from '/home/anthony/.vscode/extensions/ms-python.debugpy-2025.18.0-linux-x64/bundled/li...

  File "/home/anthony/.vscode/extensions/ms-python.debugpy-2025.18.0-linux-x64/bundled/libs/debugpy/_vendored/pydevd/_pydevd_bundle/pydevd_runpy.py", line 310, in run_path
    return _run_module_code(code, init_globals, run_name, pkg_name=pkg_name, script_name=fname)
           |                |     |             |                  |                     -> '/home/anthony/Documents/OPEN-AIR/oaGuiManager/Managers/open_air_ui.py'
           |                |     |             |                  -> ''
           |                |     |             -> '__main__'
           |                |     -> {'__name__': '__main__', '__doc__': None, '__package__': '', '__loader__': <_frozen_importlib_external.SourceFileLoader objec...
           |                -> <code object <module> at 0x26e2570, file "/home/anthony/Documents/OPEN-AIR/oaGuiManager/Managers/open_air_ui.py", line 1>
           -> <function _run_module_code at 0x71fcc2917600>

  File "/home/anthony/.vscode/extensions/ms-python.debugpy-2025.18.0-linux-x64/bundled/libs/debugpy/_vendored/pydevd/_pydevd_bundle/pydevd_runpy.py", line 127, in _run_module_code
    _run_code(code, mod_globals, init_globals, mod_name, mod_spec, pkg_name, script_name)
    |         |     |            |             |         |         |         -> '/home/anthony/Documents/OPEN-AIR/oaGuiManager/Managers/open_air_ui.py'
    |         |     |            |             |         |         -> ''
    |         |     |            |             |         -> None
    |         |     |            |             -> '__main__'
    |         |     |            -> {'__name__': '__main__', '__doc__': None, '__package__': '', '__loader__': <_frozen_importlib_external.SourceFileLoader objec...
    |         |     -> {'__name__': '__main__', '__doc__': None, '__package__': '', '__loader__': None, '__spec__': None, '__file__': '/home/anthony...
    |         -> <code object <module> at 0x26e2570, file "/home/anthony/Documents/OPEN-AIR/oaGuiManager/Managers/open_air_ui.py", line 1>
    -> <function _run_code at 0x71fcc29171a0>

  File "/home/anthony/.vscode/extensions/ms-python.debugpy-2025.18.0-linux-x64/bundled/libs/debugpy/_vendored/pydevd/_pydevd_bundle/pydevd_runpy.py", line 118, in _run_code
    exec(code, run_globals)
         |     -> {'__name__': '__main__', '__doc__': None, '__package__': '', '__loader__': None, '__spec__': None, '__file__': '/home/anthony...
         -> <code object <module> at 0x26e2570, file "/home/anthony/Documents/OPEN-AIR/oaGuiManager/Managers/open_air_ui.py", line 1>

  File "/home/anthony/Documents/OPEN-AIR/oaGuiManager/Managers/open_air_ui.py", line 81, in <module>
    main()
    -> <function main at 0x71fcc235efc0>

  File "/home/anthony/Documents/OPEN-AIR/oaGuiManager/Managers/open_air_ui.py", line 70, in main
    root.mainloop()
    |    -> <function Misc.mainloop at 0x71fcb3f97a60>
    -> <tkinter.Tk object .>

  File "/usr/lib/python3.12/tkinter/__init__.py", line 1504, in mainloop
    self.tk.mainloop(n)
    |    |  |        -> 0
    |    |  -> <method 'mainloop' of '_tkinter.tkapp' objects>
    |    -> <_tkinter.tkapp object at 0x71fcb2df0e30>
    -> <tkinter.Tk object .>
  File "/usr/lib/python3.12/tkinter/__init__.py", line 1967, in __call__
    return self.func(*args)
           |    |     -> ()
           |    -> <function Misc.after.<locals>.callit at 0x71fc5aa44540>
           -> <tkinter.CallWrapper object at 0x71fc5aa96bd0>
  File "/usr/lib/python3.12/tkinter/__init__.py", line 861, in callit
    func(*args)
    |     -> ()
    -> <bound method UniversalGuiLoader._construct_dynamic_gui of <oaGuiManager.Core.loader.gui_from_json.UniversalGuiLoader object ...

  File "/home/anthony/Documents/OPEN-AIR/oaGuiManager/Core/loader/gui_from_json.py", line 65, in _construct_dynamic_gui
    self._instantiate_builder()
    |    -> <function UniversalGuiLoader._instantiate_builder at 0x71fc97b8c900>
    -> <oaGuiManager.Core.loader.gui_from_json.UniversalGuiLoader object .!application.!panedwindow.!frame2.!panedwindow.!frame2.!no...

  File "/home/anthony/Documents/OPEN-AIR/oaGuiManager/Core/loader/gui_from_json.py", line 79, in _instantiate_builder
    self.dynamic_gui = DynamicGuiBuilder(
    |                  -> <class 'oaGuiBuilder.Workers.builder.DynamicGuiBuilder'>
    -> <oaGuiManager.Core.loader.gui_from_json.UniversalGuiLoader object .!application.!panedwindow.!frame2.!panedwindow.!frame2.!no...

  File "/home/anthony/Documents/OPEN-AIR/oaGuiBuilder/Workers/builder.py", line 203, in __init__
    self._load_and_build_from_file()
    |    -> <function GuiFileLoaderMixin._load_and_build_from_file at 0x71fcb2c62840>
    -> <oaGuiBuilder.Workers.builder.DynamicGuiBuilder object .!application.!panedwindow.!frame2.!panedwindow.!frame2.!notebook.!fra...

  File "/home/anthony/Documents/OPEN-AIR/oaGuiManager/FileReaders/gui_file_loader.py", line 54, in _load_and_build_from_file
    self._rebuild_gui()
    |    -> <function GuiRebuilderMixin._rebuild_gui at 0x71fcb2cc5260>
    -> <oaGuiBuilder.Workers.builder.DynamicGuiBuilder object .!application.!panedwindow.!frame2.!panedwindow.!frame2.!notebook.!fra...

  File "/home/anthony/Documents/OPEN-AIR/oaGuiBuildShell/Managers/gui_re.py", line 98, in _rebuild_gui
    self._create_dynamic_widgets(self.scroll_frame, self.config_data, on_complete=on_build_complete)
    |    |                       |    |             |    |                        -> <function GuiRebuilderMixin._rebuild_gui.<locals>.on_build_complete at 0x71fc5abd6160>
    |    |                       |    |             |    -> {'background': {'type': 'layered_industrial', 'parameters': {'random_seed': 303, 'global_blur': 0.8, 'base_material': {'color...
    |    |                       |    |             -> <oaGuiBuilder.Workers.builder.DynamicGuiBuilder object .!application.!panedwindow.!frame2.!panedwindow.!frame2.!notebook.!fra...
    |    |                       |    -> <tkinter.Frame object .!application.!panedwindow.!frame2.!panedwindow.!frame2.!notebook.!frame2.!notebook.!frame.!universalgu...
    |    |                       -> <oaGuiBuilder.Workers.builder.DynamicGuiBuilder object .!application.!panedwindow.!frame2.!panedwindow.!frame2.!notebook.!fra...
    |    -> <function GuiBatchBuilderMixin._create_dynamic_widgets at 0x71fcb2cc6200>
    -> <oaGuiBuilder.Workers.builder.DynamicGuiBuilder object .!application.!panedwindow.!frame2.!panedwindow.!frame2.!notebook.!fra...

  File "/home/anthony/Documents/OPEN-AIR/oaGuiBuildShell/Managers/gui_batch.py", line 70, in _create_dynamic_widgets
    self._async_renderer.render(
    |    |               -> <function AsyncGridRenderer.render at 0x71fcb2cc5ee0>
    |    -> <oaGuiBuildShell.Workers.async_grid_renderer.AsyncGridRenderer object at 0x71fc5aa14860>
    -> <oaGuiBuilder.Workers.builder.DynamicGuiBuilder object .!application.!panedwindow.!frame2.!panedwindow.!frame2.!notebook.!fra...

  File "/home/anthony/Documents/OPEN-AIR/oaGuiBuildShell/Workers/async_grid_renderer.py", line 85, in render
    self._process_fields(parent_frame, all_fields, path_prefix, num_cols, on_complete, eff_bg, data, context)
    |    |               |             |           |            |         |            |       |     -> WidgetContext(state_mirror_engine=<oaTranslator.Core.state_mirror_engine.StateMirrorEngine object at 0x71fcb2c3c6e0>, subscri...
    |    |               |             |           |            |         |            |       -> {'background': {'type': 'layered_industrial', 'parameters': {'random_seed': 303, 'global_blur': 0.8, 'base_material': {'color...
    |    |               |             |           |            |         |            -> None
    |    |               |             |           |            |         -> <function GuiRebuilderMixin._rebuild_gui.<locals>.on_build_complete at 0x71fc5abd6160>
    |    |               |             |           |            -> 1
    |    |               |             |           -> ''
    |    |               |             -> [('background', {'type': 'layered_industrial', 'parameters': {'random_seed': 303, 'global_blur': 0.8, 'base_material': {'colo...
    |    |               -> <tkinter.Frame object .!application.!panedwindow.!frame2.!panedwindow.!frame2.!notebook.!frame2.!notebook.!frame.!universalgu...
    |    -> <function AsyncGridRenderer._process_fields at 0x71fcb2cc60c0>
    -> <oaGuiBuildShell.Workers.async_grid_renderer.AsyncGridRenderer object at 0x71fc5aa14860>

  File "/home/anthony/Documents/OPEN-AIR/oaGuiBuildShell/Workers/async_grid_renderer.py", line 175, in _process_fields
    if deferred and not state["aborted"]: self.batch_engine.process(parent, deferred, 25, context, state, _check_done)
       |                |                 |    |            |       |       |             |        |      -> <function AsyncGridRenderer._process_fields.<locals>._check_done at 0x71fc5abd6840>
       |                |                 |    |            |       |       |             |        -> {'pending': 1, 'loop_done': True, 'aborted': False}
       |                |                 |    |            |       |       |             -> WidgetContext(state_mirror_engine=<oaTranslator.Core.state_mirror_engine.StateMirrorEngine object at 0x71fcb2c3c6e0>, subscri...
       |                |                 |    |            |       |       -> [{'r': 0, 'c': 0, 'val': {'type': 'plot_widget', 'id': '50.90.2.1', 'transparent': True, 'layout': {'height': 300, 'sticky': ...
       |                |                 |    |            |       -> <tkinter.Frame object .!application.!panedwindow.!frame2.!panedwindow.!frame2.!notebook.!frame2.!notebook.!frame.!universalgu...
       |                |                 |    |            -> <function BatchProcessingEngine.process at 0x71fcb2cc6020>
       |                |                 |    -> <oaGuiBuildShell.Core.batch_processing_engine.BatchProcessingEngine object at 0x71fc5aa27830>
       |                |                 -> <oaGuiBuildShell.Workers.async_grid_renderer.AsyncGridRenderer object at 0x71fc5aa14860>
       |                -> {'pending': 1, 'loop_done': True, 'aborted': False}
       -> [{'r': 0, 'c': 0, 'val': {'type': 'plot_widget', 'id': '50.90.2.1', 'transparent': True, 'layout': {'height': 300, 'sticky': ...

  File "/home/anthony/Documents/OPEN-AIR/oaGuiBuildShell/Core/batch_processing_engine.py", line 29, in process
    widget = creator(parent_widget=parent, config_data=wd, context=context)
             |                     |                   |           -> WidgetContext(state_mirror_engine=<oaTranslator.Core.state_mirror_engine.StateMirrorEngine object at 0x71fcb2c3c6e0>, subscri...
             |                     |                   -> {'type': 'plot_widget', 'id': '50.90.2.1', 'transparent': True, 'layout': {'height': 300, 'sticky': 'NS', 'weight_y': 1}, 'pl...
             |                     -> <tkinter.Frame object .!application.!panedwindow.!frame2.!panedwindow.!frame2.!notebook.!frame2.!notebook.!frame.!universalgu...
             -> <function WidgetDiscoveryEngine._make_wrapper.<locals>.wrapper at 0x71fc5ac65760>

> File "/home/anthony/Documents/OPEN-AIR/oaGuiManager/Core/factory/Core/widget_discovery_engine.py", line 36, in wrapper
    return cls_ref.make(parent_widget, config_data, context, **kwargs)
           |       |    |              |            |          -> {}
           |       |    |              |            -> WidgetContext(state_mirror_engine=<oaTranslator.Core.state_mirror_engine.StateMirrorEngine object at 0x71fcb2c3c6e0>, subscri...
           |       |    |              -> {'type': 'plot_widget', 'id': '50.90.2.1', 'transparent': True, 'layout': {'height': 300, 'sticky': 'NS', 'weight_y': 1}, 'pl...
           |       |    -> <tkinter.Frame object .!application.!panedwindow.!frame2.!panedwindow.!frame2.!notebook.!frame2.!notebook.!frame.!universalgu...
           |       -> <function BuilderGraphingCreator.make at 0x71fc7c85b560>
           -> <class 'oaGuiElements.Core.graphing.graphing.plot_widget_adapter.BuilderGraphingCreator'>

  File "/home/anthony/Documents/OPEN-AIR/oaGuiElements/Core/graphing/graphing/plot_widget_adapter.py", line 26, in make
    w_type = config_data.get("type")
             -> WidgetContext(state_mirror_engine=<oaTranslator.Core.state_mirror_engine.StateMirrorEngine object at 0x71fcb2c3c6e0>, subscri...

AttributeError: 'WidgetContext' object has no attribute 'get'
095654.947 | ERROR    | 🎨 UI      | SYSTEM             | oaGuiManager.Core.factory.Core.widget_discovery_engine | ❌ Failed to instantiate widget of type <class 'oaGuiElements.Core.graphing.graphing.plot_widget_adapter.BuilderGraphingCreator'> at monitors: 'WidgetContext' object has no attribute 'get'
Traceback (most recent call last):

  File "/home/anthony/.vscode/extensions/ms-python.debugpy-2025.18.0-linux-x64/bundled/libs/debugpy/_vendored/pydevd/pydevd.py", line 3729, in <module>
    main()
    -> <function main at 0x71fcc22f7060>

  File "/home/anthony/.vscode/extensions/ms-python.debugpy-2025.18.0-linux-x64/bundled/libs/debugpy/_vendored/pydevd/pydevd.py", line 3714, in main
    globals = debugger.run(setup["file"], None, None, is_module)
              |        |   |                          -> False
              |        |   -> {'port': 47375, 'ppid': 138219, 'vm_type': None, 'client': '127.0.0.1', 'access-token': None, 'client-access-token': 'd20a6d2...
              |        -> <function PyDB.run at 0x71fcc22f4fe0>
              -> <__main__.PyDB object at 0x71fcc275b470>

  File "/home/anthony/.vscode/extensions/ms-python.debugpy-2025.18.0-linux-x64/bundled/libs/debugpy/_vendored/pydevd/pydevd.py", line 2698, in run
    return self._exec(is_module, entry_point_fn, module_name, file, globals, locals)
           |    |     |          |               |            |     |        -> {'__name__': '__main__', '__doc__': None, '__package__': '', '__loader__': <_frozen_importlib_external.SourceFileLoader objec...
           |    |     |          |               |            |     -> {'__name__': '__main__', '__doc__': None, '__package__': '', '__loader__': <_frozen_importlib_external.SourceFileLoader objec...
           |    |     |          |               |            -> '/home/anthony/Documents/OPEN-AIR/oaGuiManager/Managers/open_air_ui.py'
           |    |     |          |               -> None
           |    |     |          -> ''
           |    |     -> False
           |    -> <function PyDB._exec at 0x71fcc22f5080>
           -> <__main__.PyDB object at 0x71fcc275b470>

  File "/home/anthony/.vscode/extensions/ms-python.debugpy-2025.18.0-linux-x64/bundled/libs/debugpy/_vendored/pydevd/pydevd.py", line 2706, in _exec
    globals = pydevd_runpy.run_path(file, globals, "__main__")
              |            |        |     -> {'__name__': '__main__', '__doc__': None, '__package__': '', '__loader__': <_frozen_importlib_external.SourceFileLoader objec...
              |            |        -> '/home/anthony/Documents/OPEN-AIR/oaGuiManager/Managers/open_air_ui.py'
              |            -> <function run_path at 0x71fcc29179c0>
              -> <module '_pydevd_bundle.pydevd_runpy' from '/home/anthony/.vscode/extensions/ms-python.debugpy-2025.18.0-linux-x64/bundled/li...

  File "/home/anthony/.vscode/extensions/ms-python.debugpy-2025.18.0-linux-x64/bundled/libs/debugpy/_vendored/pydevd/_pydevd_bundle/pydevd_runpy.py", line 310, in run_path
    return _run_module_code(code, init_globals, run_name, pkg_name=pkg_name, script_name=fname)
           |                |     |             |                  |                     -> '/home/anthony/Documents/OPEN-AIR/oaGuiManager/Managers/open_air_ui.py'
           |                |     |             |                  -> ''
           |                |     |             -> '__main__'
           |                |     -> {'__name__': '__main__', '__doc__': None, '__package__': '', '__loader__': <_frozen_importlib_external.SourceFileLoader objec...
           |                -> <code object <module> at 0x26e2570, file "/home/anthony/Documents/OPEN-AIR/oaGuiManager/Managers/open_air_ui.py", line 1>
           -> <function _run_module_code at 0x71fcc2917600>

  File "/home/anthony/.vscode/extensions/ms-python.debugpy-2025.18.0-linux-x64/bundled/libs/debugpy/_vendored/pydevd/_pydevd_bundle/pydevd_runpy.py", line 127, in _run_module_code
    _run_code(code, mod_globals, init_globals, mod_name, mod_spec, pkg_name, script_name)
    |         |     |            |             |         |         |         -> '/home/anthony/Documents/OPEN-AIR/oaGuiManager/Managers/open_air_ui.py'
    |         |     |            |             |         |         -> ''
    |         |     |            |             |         -> None
    |         |     |            |             -> '__main__'
    |         |     |            -> {'__name__': '__main__', '__doc__': None, '__package__': '', '__loader__': <_frozen_importlib_external.SourceFileLoader objec...
    |         |     -> {'__name__': '__main__', '__doc__': None, '__package__': '', '__loader__': None, '__spec__': None, '__file__': '/home/anthony...
    |         -> <code object <module> at 0x26e2570, file "/home/anthony/Documents/OPEN-AIR/oaGuiManager/Managers/open_air_ui.py", line 1>
    -> <function _run_code at 0x71fcc29171a0>

  File "/home/anthony/.vscode/extensions/ms-python.debugpy-2025.18.0-linux-x64/bundled/libs/debugpy/_vendored/pydevd/_pydevd_bundle/pydevd_runpy.py", line 118, in _run_code
    exec(code, run_globals)
         |     -> {'__name__': '__main__', '__doc__': None, '__package__': '', '__loader__': None, '__spec__': None, '__file__': '/home/anthony...
         -> <code object <module> at 0x26e2570, file "/home/anthony/Documents/OPEN-AIR/oaGuiManager/Managers/open_air_ui.py", line 1>

  File "/home/anthony/Documents/OPEN-AIR/oaGuiManager/Managers/open_air_ui.py", line 81, in <module>
    main()
    -> <function main at 0x71fcc235efc0>

  File "/home/anthony/Documents/OPEN-AIR/oaGuiManager/Managers/open_air_ui.py", line 70, in main
    root.mainloop()
    |    -> <function Misc.mainloop at 0x71fcb3f97a60>
    -> <tkinter.Tk object .>

  File "/usr/lib/python3.12/tkinter/__init__.py", line 1504, in mainloop
    self.tk.mainloop(n)
    |    |  |        -> 0
    |    |  -> <method 'mainloop' of '_tkinter.tkapp' objects>
    |    -> <_tkinter.tkapp object at 0x71fcb2df0e30>
    -> <tkinter.Tk object .>
  File "/usr/lib/python3.12/tkinter/__init__.py", line 1967, in __call__
    return self.func(*args)
           |    |     -> ()
           |    -> <function Misc.after.<locals>.callit at 0x71fc5abb7560>
           -> <tkinter.CallWrapper object at 0x71fc7c993410>
  File "/usr/lib/python3.12/tkinter/__init__.py", line 861, in callit
    func(*args)
    |     -> ()
    -> <bound method UniversalGuiLoader._construct_dynamic_gui of <oaGuiManager.Core.loader.gui_from_json.UniversalGuiLoader object ...

  File "/home/anthony/Documents/OPEN-AIR/oaGuiManager/Core/loader/gui_from_json.py", line 65, in _construct_dynamic_gui
    self._instantiate_builder()
    |    -> <function UniversalGuiLoader._instantiate_builder at 0x71fc97b8c900>
    -> <oaGuiManager.Core.loader.gui_from_json.UniversalGuiLoader object .!application.!panedwindow.!frame2.!panedwindow.!frame2.!no...

  File "/home/anthony/Documents/OPEN-AIR/oaGuiManager/Core/loader/gui_from_json.py", line 79, in _instantiate_builder
    self.dynamic_gui = DynamicGuiBuilder(
    |                  -> <class 'oaGuiBuilder.Workers.builder.DynamicGuiBuilder'>
    -> <oaGuiManager.Core.loader.gui_from_json.UniversalGuiLoader object .!application.!panedwindow.!frame2.!panedwindow.!frame2.!no...

  File "/home/anthony/Documents/OPEN-AIR/oaGuiBuilder/Workers/builder.py", line 203, in __init__
    self._load_and_build_from_file()
    |    -> <function GuiFileLoaderMixin._load_and_build_from_file at 0x71fcb2c62840>
    -> <oaGuiBuilder.Workers.builder.DynamicGuiBuilder object .!application.!panedwindow.!frame2.!panedwindow.!frame2.!notebook.!fra...

  File "/home/anthony/Documents/OPEN-AIR/oaGuiManager/FileReaders/gui_file_loader.py", line 54, in _load_and_build_from_file
    self._rebuild_gui()
    |    -> <function GuiRebuilderMixin._rebuild_gui at 0x71fcb2cc5260>
    -> <oaGuiBuilder.Workers.builder.DynamicGuiBuilder object .!application.!panedwindow.!frame2.!panedwindow.!frame2.!notebook.!fra...

  File "/home/anthony/Documents/OPEN-AIR/oaGuiBuildShell/Managers/gui_re.py", line 98, in _rebuild_gui
    self._create_dynamic_widgets(self.scroll_frame, self.config_data, on_complete=on_build_complete)
    |    |                       |    |             |    |                        -> <function GuiRebuilderMixin._rebuild_gui.<locals>.on_build_complete at 0x71fc5abf84a0>
    |    |                       |    |             |    -> {'background': {'type': 'layered_industrial', 'parameters': {'random_seed': 303, 'global_blur': 0.8, 'base_material': {'color...
    |    |                       |    |             -> <oaGuiBuilder.Workers.builder.DynamicGuiBuilder object .!application.!panedwindow.!frame2.!panedwindow.!frame2.!notebook.!fra...
    |    |                       |    -> <tkinter.Frame object .!application.!panedwindow.!frame2.!panedwindow.!frame2.!notebook.!frame2.!notebook.!frame.!universalgu...
    |    |                       -> <oaGuiBuilder.Workers.builder.DynamicGuiBuilder object .!application.!panedwindow.!frame2.!panedwindow.!frame2.!notebook.!fra...
    |    -> <function GuiBatchBuilderMixin._create_dynamic_widgets at 0x71fcb2cc6200>
    -> <oaGuiBuilder.Workers.builder.DynamicGuiBuilder object .!application.!panedwindow.!frame2.!panedwindow.!frame2.!notebook.!fra...

  File "/home/anthony/Documents/OPEN-AIR/oaGuiBuildShell/Managers/gui_batch.py", line 70, in _create_dynamic_widgets
    self._async_renderer.render(
    |    |               -> <function AsyncGridRenderer.render at 0x71fcb2cc5ee0>
    |    -> <oaGuiBuildShell.Workers.async_grid_renderer.AsyncGridRenderer object at 0x71fc5abf3620>
    -> <oaGuiBuilder.Workers.builder.DynamicGuiBuilder object .!application.!panedwindow.!frame2.!panedwindow.!frame2.!notebook.!fra...

  File "/home/anthony/Documents/OPEN-AIR/oaGuiBuildShell/Workers/async_grid_renderer.py", line 85, in render
    self._process_fields(parent_frame, all_fields, path_prefix, num_cols, on_complete, eff_bg, data, context)
    |    |               |             |           |            |         |            |       |     -> WidgetContext(state_mirror_engine=<oaTranslator.Core.state_mirror_engine.StateMirrorEngine object at 0x71fcb2c3c6e0>, subscri...
    |    |               |             |           |            |         |            |       -> {'background': {'type': 'layered_industrial', 'parameters': {'random_seed': 303, 'global_blur': 0.8, 'base_material': {'color...
    |    |               |             |           |            |         |            -> None
    |    |               |             |           |            |         -> <function GuiRebuilderMixin._rebuild_gui.<locals>.on_build_complete at 0x71fc5abf84a0>
    |    |               |             |           |            -> 1
    |    |               |             |           -> ''
    |    |               |             -> [('background', {'type': 'layered_industrial', 'parameters': {'random_seed': 303, 'global_blur': 0.8, 'base_material': {'colo...
    |    |               -> <tkinter.Frame object .!application.!panedwindow.!frame2.!panedwindow.!frame2.!notebook.!frame2.!notebook.!frame.!universalgu...
    |    -> <function AsyncGridRenderer._process_fields at 0x71fcb2cc60c0>
    -> <oaGuiBuildShell.Workers.async_grid_renderer.AsyncGridRenderer object at 0x71fc5abf3620>

  File "/home/anthony/Documents/OPEN-AIR/oaGuiBuildShell/Workers/async_grid_renderer.py", line 175, in _process_fields
    if deferred and not state["aborted"]: self.batch_engine.process(parent, deferred, 25, context, state, _check_done)
       |                |                 |    |            |       |       |             |        |      -> <function AsyncGridRenderer._process_fields.<locals>._check_done at 0x71fc7c7a3f60>
       |                |                 |    |            |       |       |             |        -> {'pending': 1, 'loop_done': True, 'aborted': False}
       |                |                 |    |            |       |       |             -> WidgetContext(state_mirror_engine=<oaTranslator.Core.state_mirror_engine.StateMirrorEngine object at 0x71fcb2c3c6e0>, subscri...
       |                |                 |    |            |       |       -> [{'r': 0, 'c': 0, 'val': {'type': 'plot_widget', 'id': '50.90.2.2', 'transparent': True, 'layout': {'height': 300, 'sticky': ...
       |                |                 |    |            |       -> <tkinter.Frame object .!application.!panedwindow.!frame2.!panedwindow.!frame2.!notebook.!frame2.!notebook.!frame.!universalgu...
       |                |                 |    |            -> <function BatchProcessingEngine.process at 0x71fcb2cc6020>
       |                |                 |    -> <oaGuiBuildShell.Core.batch_processing_engine.BatchProcessingEngine object at 0x71fc5abf3f50>
       |                |                 -> <oaGuiBuildShell.Workers.async_grid_renderer.AsyncGridRenderer object at 0x71fc5abf3620>
       |                -> {'pending': 1, 'loop_done': True, 'aborted': False}
       -> [{'r': 0, 'c': 0, 'val': {'type': 'plot_widget', 'id': '50.90.2.2', 'transparent': True, 'layout': {'height': 300, 'sticky': ...

  File "/home/anthony/Documents/OPEN-AIR/oaGuiBuildShell/Core/batch_processing_engine.py", line 29, in process
    widget = creator(parent_widget=parent, config_data=wd, context=context)
             |                     |                   |           -> WidgetContext(state_mirror_engine=<oaTranslator.Core.state_mirror_engine.StateMirrorEngine object at 0x71fcb2c3c6e0>, subscri...
             |                     |                   -> {'type': 'plot_widget', 'id': '50.90.2.2', 'transparent': True, 'layout': {'height': 300, 'sticky': '', 'weight_y': 1}, 'titl...
             |                     -> <tkinter.Frame object .!application.!panedwindow.!frame2.!panedwindow.!frame2.!notebook.!frame2.!notebook.!frame.!universalgu...
             -> <function WidgetDiscoveryEngine._make_wrapper.<locals>.wrapper at 0x71fc5ac65760>

> File "/home/anthony/Documents/OPEN-AIR/oaGuiManager/Core/factory/Core/widget_discovery_engine.py", line 36, in wrapper
    return cls_ref.make(parent_widget, config_data, context, **kwargs)
           |       |    |              |            |          -> {}
           |       |    |              |            -> WidgetContext(state_mirror_engine=<oaTranslator.Core.state_mirror_engine.StateMirrorEngine object at 0x71fcb2c3c6e0>, subscri...
           |       |    |              -> {'type': 'plot_widget', 'id': '50.90.2.2', 'transparent': True, 'layout': {'height': 300, 'sticky': '', 'weight_y': 1}, 'titl...
           |       |    -> <tkinter.Frame object .!application.!panedwindow.!frame2.!panedwindow.!frame2.!notebook.!frame2.!notebook.!frame.!universalgu...
           |       -> <function BuilderGraphingCreator.make at 0x71fc7c85b560>
           -> <class 'oaGuiElements.Core.graphing.graphing.plot_widget_adapter.BuilderGraphingCreator'>

  File "/home/anthony/Documents/OPEN-AIR/oaGuiElements/Core/graphing/graphing/plot_widget_adapter.py", line 26, in make
    w_type = config_data.get("type")
             -> WidgetContext(state_mirror_engine=<oaTranslator.Core.state_mirror_engine.StateMirrorEngine object at 0x71fcb2c3c6e0>, subscri...

AttributeError: 'WidgetContext' object has no attribute 'get'
095655.253 | ERROR    | 🎨 UI      | SYSTEM             | oaGuiManager.Core.factory.Core.widget_discovery_engine | ❌ Failed to instantiate widget of type <class 'oaGuiElements.Core.graphing.graphing.plot_widget_adapter.BuilderGraphingCreator'> at monitors: 'WidgetContext' object has no attribute 'get'
Traceback (most recent call last):

  File "/home/anthony/.vscode/extensions/ms-python.debugpy-2025.18.0-linux-x64/bundled/libs/debugpy/_vendored/pydevd/pydevd.py", line 3729, in <module>
    main()
    -> <function main at 0x71fcc22f7060>

  File "/home/anthony/.vscode/extensions/ms-python.debugpy-2025.18.0-linux-x64/bundled/libs/debugpy/_vendored/pydevd/pydevd.py", line 3714, in main
    globals = debugger.run(setup["file"], None, None, is_module)
              |        |   |                          -> False
              |        |   -> {'port': 47375, 'ppid': 138219, 'vm_type': None, 'client': '127.0.0.1', 'access-token': None, 'client-access-token': 'd20a6d2...
              |        -> <function PyDB.run at 0x71fcc22f4fe0>
              -> <__main__.PyDB object at 0x71fcc275b470>

  File "/home/anthony/.vscode/extensions/ms-python.debugpy-2025.18.0-linux-x64/bundled/libs/debugpy/_vendored/pydevd/pydevd.py", line 2698, in run
    return self._exec(is_module, entry_point_fn, module_name, file, globals, locals)
           |    |     |          |               |            |     |        -> {'__name__': '__main__', '__doc__': None, '__package__': '', '__loader__': <_frozen_importlib_external.SourceFileLoader objec...
           |    |     |          |               |            |     -> {'__name__': '__main__', '__doc__': None, '__package__': '', '__loader__': <_frozen_importlib_external.SourceFileLoader objec...
           |    |     |          |               |            -> '/home/anthony/Documents/OPEN-AIR/oaGuiManager/Managers/open_air_ui.py'
           |    |     |          |               -> None
           |    |     |          -> ''
           |    |     -> False
           |    -> <function PyDB._exec at 0x71fcc22f5080>
           -> <__main__.PyDB object at 0x71fcc275b470>

  File "/home/anthony/.vscode/extensions/ms-python.debugpy-2025.18.0-linux-x64/bundled/libs/debugpy/_vendored/pydevd/pydevd.py", line 2706, in _exec
    globals = pydevd_runpy.run_path(file, globals, "__main__")
              |            |        |     -> {'__name__': '__main__', '__doc__': None, '__package__': '', '__loader__': <_frozen_importlib_external.SourceFileLoader objec...
              |            |        -> '/home/anthony/Documents/OPEN-AIR/oaGuiManager/Managers/open_air_ui.py'
              |            -> <function run_path at 0x71fcc29179c0>
              -> <module '_pydevd_bundle.pydevd_runpy' from '/home/anthony/.vscode/extensions/ms-python.debugpy-2025.18.0-linux-x64/bundled/li...

  File "/home/anthony/.vscode/extensions/ms-python.debugpy-2025.18.0-linux-x64/bundled/libs/debugpy/_vendored/pydevd/_pydevd_bundle/pydevd_runpy.py", line 310, in run_path
    return _run_module_code(code, init_globals, run_name, pkg_name=pkg_name, script_name=fname)
           |                |     |             |                  |                     -> '/home/anthony/Documents/OPEN-AIR/oaGuiManager/Managers/open_air_ui.py'
           |                |     |             |                  -> ''
           |                |     |             -> '__main__'
           |                |     -> {'__name__': '__main__', '__doc__': None, '__package__': '', '__loader__': <_frozen_importlib_external.SourceFileLoader objec...
           |                -> <code object <module> at 0x26e2570, file "/home/anthony/Documents/OPEN-AIR/oaGuiManager/Managers/open_air_ui.py", line 1>
           -> <function _run_module_code at 0x71fcc2917600>

  File "/home/anthony/.vscode/extensions/ms-python.debugpy-2025.18.0-linux-x64/bundled/libs/debugpy/_vendored/pydevd/_pydevd_bundle/pydevd_runpy.py", line 127, in _run_module_code
    _run_code(code, mod_globals, init_globals, mod_name, mod_spec, pkg_name, script_name)
    |         |     |            |             |         |         |         -> '/home/anthony/Documents/OPEN-AIR/oaGuiManager/Managers/open_air_ui.py'
    |         |     |            |             |         |         -> ''
    |         |     |            |             |         -> None
    |         |     |            |             -> '__main__'
    |         |     |            -> {'__name__': '__main__', '__doc__': None, '__package__': '', '__loader__': <_frozen_importlib_external.SourceFileLoader objec...
    |         |     -> {'__name__': '__main__', '__doc__': None, '__package__': '', '__loader__': None, '__spec__': None, '__file__': '/home/anthony...
    |         -> <code object <module> at 0x26e2570, file "/home/anthony/Documents/OPEN-AIR/oaGuiManager/Managers/open_air_ui.py", line 1>
    -> <function _run_code at 0x71fcc29171a0>

  File "/home/anthony/.vscode/extensions/ms-python.debugpy-2025.18.0-linux-x64/bundled/libs/debugpy/_vendored/pydevd/_pydevd_bundle/pydevd_runpy.py", line 118, in _run_code
    exec(code, run_globals)
         |     -> {'__name__': '__main__', '__doc__': None, '__package__': '', '__loader__': None, '__spec__': None, '__file__': '/home/anthony...
         -> <code object <module> at 0x26e2570, file "/home/anthony/Documents/OPEN-AIR/oaGuiManager/Managers/open_air_ui.py", line 1>

  File "/home/anthony/Documents/OPEN-AIR/oaGuiManager/Managers/open_air_ui.py", line 81, in <module>
    main()
    -> <function main at 0x71fcc235efc0>

  File "/home/anthony/Documents/OPEN-AIR/oaGuiManager/Managers/open_air_ui.py", line 70, in main
    root.mainloop()
    |    -> <function Misc.mainloop at 0x71fcb3f97a60>
    -> <tkinter.Tk object .>

  File "/usr/lib/python3.12/tkinter/__init__.py", line 1504, in mainloop
    self.tk.mainloop(n)
    |    |  |        -> 0
    |    |  -> <method 'mainloop' of '_tkinter.tkapp' objects>
    |    -> <_tkinter.tkapp object at 0x71fcb2df0e30>
    -> <tkinter.Tk object .>
  File "/usr/lib/python3.12/tkinter/__init__.py", line 1967, in __call__
    return self.func(*args)
           |    |     -> ()
           |    -> <function Misc.after.<locals>.callit at 0x71fc7fe0e980>
           -> <tkinter.CallWrapper object at 0x71fc5aa94890>
  File "/usr/lib/python3.12/tkinter/__init__.py", line 861, in callit
    func(*args)
    |     -> ()
    -> <bound method UniversalGuiLoader._construct_dynamic_gui of <oaGuiManager.Core.loader.gui_from_json.UniversalGuiLoader object ...

  File "/home/anthony/Documents/OPEN-AIR/oaGuiManager/Core/loader/gui_from_json.py", line 65, in _construct_dynamic_gui
    self._instantiate_builder()
    |    -> <function UniversalGuiLoader._instantiate_builder at 0x71fc97b8c900>
    -> <oaGuiManager.Core.loader.gui_from_json.UniversalGuiLoader object .!application.!panedwindow.!frame2.!panedwindow.!frame2.!no...

  File "/home/anthony/Documents/OPEN-AIR/oaGuiManager/Core/loader/gui_from_json.py", line 79, in _instantiate_builder
    self.dynamic_gui = DynamicGuiBuilder(
    |                  -> <class 'oaGuiBuilder.Workers.builder.DynamicGuiBuilder'>
    -> <oaGuiManager.Core.loader.gui_from_json.UniversalGuiLoader object .!application.!panedwindow.!frame2.!panedwindow.!frame2.!no...

  File "/home/anthony/Documents/OPEN-AIR/oaGuiBuilder/Workers/builder.py", line 203, in __init__
    self._load_and_build_from_file()
    |    -> <function GuiFileLoaderMixin._load_and_build_from_file at 0x71fcb2c62840>
    -> <oaGuiBuilder.Workers.builder.DynamicGuiBuilder object .!application.!panedwindow.!frame2.!panedwindow.!frame2.!notebook.!fra...

  File "/home/anthony/Documents/OPEN-AIR/oaGuiManager/FileReaders/gui_file_loader.py", line 54, in _load_and_build_from_file
    self._rebuild_gui()
    |    -> <function GuiRebuilderMixin._rebuild_gui at 0x71fcb2cc5260>
    -> <oaGuiBuilder.Workers.builder.DynamicGuiBuilder object .!application.!panedwindow.!frame2.!panedwindow.!frame2.!notebook.!fra...

  File "/home/anthony/Documents/OPEN-AIR/oaGuiBuildShell/Managers/gui_re.py", line 98, in _rebuild_gui
    self._create_dynamic_widgets(self.scroll_frame, self.config_data, on_complete=on_build_complete)
    |    |                       |    |             |    |                        -> <function GuiRebuilderMixin._rebuild_gui.<locals>.on_build_complete at 0x71fc5acad8a0>
    |    |                       |    |             |    -> {'background': {'type': 'layered_industrial', 'parameters': {'random_seed': 303, 'global_blur': 0.8, 'base_material': {'color...
    |    |                       |    |             -> <oaGuiBuilder.Workers.builder.DynamicGuiBuilder object .!application.!panedwindow.!frame2.!panedwindow.!frame2.!notebook.!fra...
    |    |                       |    -> <tkinter.Frame object .!application.!panedwindow.!frame2.!panedwindow.!frame2.!notebook.!frame2.!notebook.!frame.!universalgu...
    |    |                       -> <oaGuiBuilder.Workers.builder.DynamicGuiBuilder object .!application.!panedwindow.!frame2.!panedwindow.!frame2.!notebook.!fra...
    |    -> <function GuiBatchBuilderMixin._create_dynamic_widgets at 0x71fcb2cc6200>
    -> <oaGuiBuilder.Workers.builder.DynamicGuiBuilder object .!application.!panedwindow.!frame2.!panedwindow.!frame2.!notebook.!fra...

  File "/home/anthony/Documents/OPEN-AIR/oaGuiBuildShell/Managers/gui_batch.py", line 70, in _create_dynamic_widgets
    self._async_renderer.render(
    |    |               -> <function AsyncGridRenderer.render at 0x71fcb2cc5ee0>
    |    -> <oaGuiBuildShell.Workers.async_grid_renderer.AsyncGridRenderer object at 0x71fc5aa5d5e0>
    -> <oaGuiBuilder.Workers.builder.DynamicGuiBuilder object .!application.!panedwindow.!frame2.!panedwindow.!frame2.!notebook.!fra...

  File "/home/anthony/Documents/OPEN-AIR/oaGuiBuildShell/Workers/async_grid_renderer.py", line 85, in render
    self._process_fields(parent_frame, all_fields, path_prefix, num_cols, on_complete, eff_bg, data, context)
    |    |               |             |           |            |         |            |       |     -> WidgetContext(state_mirror_engine=<oaTranslator.Core.state_mirror_engine.StateMirrorEngine object at 0x71fcb2c3c6e0>, subscri...
    |    |               |             |           |            |         |            |       -> {'background': {'type': 'layered_industrial', 'parameters': {'random_seed': 303, 'global_blur': 0.8, 'base_material': {'color...
    |    |               |             |           |            |         |            -> None
    |    |               |             |           |            |         -> <function GuiRebuilderMixin._rebuild_gui.<locals>.on_build_complete at 0x71fc5acad8a0>
    |    |               |             |           |            -> 1
    |    |               |             |           -> ''
    |    |               |             -> [('background', {'type': 'layered_industrial', 'parameters': {'random_seed': 303, 'global_blur': 0.8, 'base_material': {'colo...
    |    |               -> <tkinter.Frame object .!application.!panedwindow.!frame2.!panedwindow.!frame2.!notebook.!frame2.!notebook.!frame.!universalgu...
    |    -> <function AsyncGridRenderer._process_fields at 0x71fcb2cc60c0>
    -> <oaGuiBuildShell.Workers.async_grid_renderer.AsyncGridRenderer object at 0x71fc5aa5d5e0>

  File "/home/anthony/Documents/OPEN-AIR/oaGuiBuildShell/Workers/async_grid_renderer.py", line 175, in _process_fields
    if deferred and not state["aborted"]: self.batch_engine.process(parent, deferred, 25, context, state, _check_done)
       |                |                 |    |            |       |       |             |        |      -> <function AsyncGridRenderer._process_fields.<locals>._check_done at 0x71fc5aa47ec0>
       |                |                 |    |            |       |       |             |        -> {'pending': 1, 'loop_done': True, 'aborted': False}
       |                |                 |    |            |       |       |             -> WidgetContext(state_mirror_engine=<oaTranslator.Core.state_mirror_engine.StateMirrorEngine object at 0x71fcb2c3c6e0>, subscri...
       |                |                 |    |            |       |       -> [{'r': 0, 'c': 0, 'val': {'type': 'plot_widget', 'id': '50.90.2.3', 'transparent': True, 'layout': {'height': 300, 'sticky': ...
       |                |                 |    |            |       -> <tkinter.Frame object .!application.!panedwindow.!frame2.!panedwindow.!frame2.!notebook.!frame2.!notebook.!frame.!universalgu...
       |                |                 |    |            -> <function BatchProcessingEngine.process at 0x71fcb2cc6020>
       |                |                 |    -> <oaGuiBuildShell.Core.batch_processing_engine.BatchProcessingEngine object at 0x71fc5aa5e390>
       |                |                 -> <oaGuiBuildShell.Workers.async_grid_renderer.AsyncGridRenderer object at 0x71fc5aa5d5e0>
       |                -> {'pending': 1, 'loop_done': True, 'aborted': False}
       -> [{'r': 0, 'c': 0, 'val': {'type': 'plot_widget', 'id': '50.90.2.3', 'transparent': True, 'layout': {'height': 300, 'sticky': ...

  File "/home/anthony/Documents/OPEN-AIR/oaGuiBuildShell/Core/batch_processing_engine.py", line 29, in process
    widget = creator(parent_widget=parent, config_data=wd, context=context)
             |                     |                   |           -> WidgetContext(state_mirror_engine=<oaTranslator.Core.state_mirror_engine.StateMirrorEngine object at 0x71fcb2c3c6e0>, subscri...
             |                     |                   -> {'type': 'plot_widget', 'id': '50.90.2.3', 'transparent': True, 'layout': {'height': 300, 'sticky': 'NS', 'weight_y': 1}, 'pl...
             |                     -> <tkinter.Frame object .!application.!panedwindow.!frame2.!panedwindow.!frame2.!notebook.!frame2.!notebook.!frame.!universalgu...
             -> <function WidgetDiscoveryEngine._make_wrapper.<locals>.wrapper at 0x71fc5ac65760>

> File "/home/anthony/Documents/OPEN-AIR/oaGuiManager/Core/factory/Core/widget_discovery_engine.py", line 36, in wrapper
    return cls_ref.make(parent_widget, config_data, context, **kwargs)
           |       |    |              |            |          -> {}
           |       |    |              |            -> WidgetContext(state_mirror_engine=<oaTranslator.Core.state_mirror_engine.StateMirrorEngine object at 0x71fcb2c3c6e0>, subscri...
           |       |    |              -> {'type': 'plot_widget', 'id': '50.90.2.3', 'transparent': True, 'layout': {'height': 300, 'sticky': 'NS', 'weight_y': 1}, 'pl...
           |       |    -> <tkinter.Frame object .!application.!panedwindow.!frame2.!panedwindow.!frame2.!notebook.!frame2.!notebook.!frame.!universalgu...
           |       -> <function BuilderGraphingCreator.make at 0x71fc7c85b560>
           -> <class 'oaGuiElements.Core.graphing.graphing.plot_widget_adapter.BuilderGraphingCreator'>

  File "/home/anthony/Documents/OPEN-AIR/oaGuiElements/Core/graphing/graphing/plot_widget_adapter.py", line 26, in make
    w_type = config_data.get("type")
             -> WidgetContext(state_mirror_engine=<oaTranslator.Core.state_mirror_engine.StateMirrorEngine object at 0x71fcb2c3c6e0>, subscri...

AttributeError: 'WidgetContext' object has no attribute 'get'
