033801.750 | ERROR    | UI   | SYSTEM     | oaComMQTT.Workers.mqtt_async_worker | 🚀🚫🛑 [MQTT] Worker failure: can't register atexit after shutdown
033801.752 | ERROR    | UI   | SYSTEM     | oaGuiManager.Core.bootstrap_sequence | 🖥️🎨 [UI] Bootstrap Failure:Traceback (most recent call last):
  File "/home/anthony/Documents/OPEN-AIR/oaGuiManager/Core/bootstrap_sequence.py", line 76, in run
    state_cache.subscribe_to_all_topics()
  File "/home/anthony/Documents/OPEN-AIR/oaStateCache/Core/state_cache.py", line 81, in subscribe_to_all_topics
    self.mqtt.subscribe(root)
  File "/home/anthony/Documents/OPEN-AIR/oaComMQTT/Managers/mqtt_connection.py", line 76, in subscribe
    self._kick_worker()
  File "/home/anthony/Documents/OPEN-AIR/oaComMQTT/Managers/mqtt_connection.py", line 62, in _kick_worker
    self._worker.loop.call_soon_threadsafe(self._worker.kick_event.set)
  File "/usr/lib/python3.12/asyncio/base_events.py", line 840, in call_soon_threadsafe
    self._check_closed()
  File "/usr/lib/python3.12/asyncio/base_events.py", line 541, in _check_closed
    raise RuntimeError('Event loop is closed')
RuntimeError: Event loop is closed

Traceback (most recent call last):

  File "/home/anthony/.vscode/extensions/ms-python.debugpy-2025.18.0-linux-x64/bundled/libs/debugpy/_vendored/pydevd/_pydev_bundle/pydev_monkey.py", line 1134, in __call__
    ret = self.original_func(*self.args, **self.kwargs)
          |    |              |    |       |    -> {}
          |    |              |    |       -> <_pydev_bundle.pydev_monkey._NewThreadStartupWithTrace object at 0x705cbffe0410>
          |    |              |    -> ()
          |    |              -> <_pydev_bundle.pydev_monkey._NewThreadStartupWithTrace object at 0x705cbffe0410>
          |    -> <bound method Thread._bootstrap of <Thread(Thread-6 (run), started daemon 123543659476672)>>
          -> <_pydev_bundle.pydev_monkey._NewThreadStartupWithTrace object at 0x705cbffe0410>

  File "/usr/lib/python3.12/threading.py", line 1030, in _bootstrap
    self._bootstrap_inner()
    |    -> <function Thread._bootstrap_inner at 0x705cd999bce0>
    -> <Thread(Thread-6 (run), started daemon 123543659476672)>
  File "/usr/lib/python3.12/threading.py", line 1073, in _bootstrap_inner
    self.run()
    |    -> <function Thread.run at 0x705cd999b9c0>
    -> <Thread(Thread-6 (run), started daemon 123543659476672)>
  File "/usr/lib/python3.12/threading.py", line 1010, in run
    self._target(*self._args, **self._kwargs)
    |    |        |    |        |    -> {}
    |    |        |    |        -> <Thread(Thread-6 (run), started daemon 123543659476672)>
    |    |        |    -> ()
    |    |        -> <Thread(Thread-6 (run), started daemon 123543659476672)>
    |    -> <bound method AsyncBootstrapEngine.run of <oaGuiManager.Core.bootstrap_sequence.AsyncBootstrapEngine object at 0x705cbffe0230>>
    -> <Thread(Thread-6 (run), started daemon 123543659476672)>

> File "/home/anthony/Documents/OPEN-AIR/oaGuiManager/Core/bootstrap_sequence.py", line 76, in run
    state_cache.subscribe_to_all_topics()
    |           -> <function StateRegistry.subscribe_to_all_topics at 0x705cd5137380>
    -> <oaStateCache.Core.state_cache.StateRegistry object at 0x705cbffe0bf0>

  File "/home/anthony/Documents/OPEN-AIR/oaStateCache/Core/state_cache.py", line 81, in subscribe_to_all_topics
    self.mqtt.subscribe(root)
    |    |    |         -> 'OPEN-AIR/#'
    |    |    -> <function MqttConnectionManager.subscribe at 0x705cd5135800>
    |    -> <oaComMQTT.Managers.mqtt_connection.MqttConnectionManager object at 0x705cbffe06e0>
    -> <oaStateCache.Core.state_cache.StateRegistry object at 0x705cbffe0bf0>

  File "/home/anthony/Documents/OPEN-AIR/oaComMQTT/Managers/mqtt_connection.py", line 76, in subscribe
    self._kick_worker()
    |    -> <function MqttConnectionManager._kick_worker at 0x705cd51356c0>
    -> <oaComMQTT.Managers.mqtt_connection.MqttConnectionManager object at 0x705cbffe06e0>

  File "/home/anthony/Documents/OPEN-AIR/oaComMQTT/Managers/mqtt_connection.py", line 62, in _kick_worker
    self._worker.loop.call_soon_threadsafe(self._worker.kick_event.set)
    |    |       |    |                    |    |       |          -> <function Event.set at 0x705cd6f15e40>
    |    |       |    |                    |    |       -> <asyncio.locks.Event object at 0x705cd9af4e90 [unset]>
    |    |       |    |                    |    -> <oaComMQTT.Workers.mqtt_async_worker.MqttAsyncWorker object at 0x705cd9af4da0>
    |    |       |    |                    -> <oaComMQTT.Managers.mqtt_connection.MqttConnectionManager object at 0x705cbffe06e0>
    |    |       |    -> <function BaseEventLoop.call_soon_threadsafe at 0x705cd6541300>
    |    |       -> <_UnixSelectorEventLoop running=False closed=True debug=False>
    |    -> <oaComMQTT.Workers.mqtt_async_worker.MqttAsyncWorker object at 0x705cd9af4da0>
    -> <oaComMQTT.Managers.mqtt_connection.MqttConnectionManager object at 0x705cbffe06e0>

  File "/usr/lib/python3.12/asyncio/base_events.py", line 840, in call_soon_threadsafe
    self._check_closed()
    |    -> <function BaseEventLoop._check_closed at 0x705cd6540540>
    -> <_UnixSelectorEventLoop running=False closed=True debug=False>
  File "/usr/lib/python3.12/asyncio/base_events.py", line 541, in _check_closed
    raise RuntimeError('Event loop is closed')

RuntimeError: Event loop is closed
